<html>
<body>
<pre>
<h1>礦ision Build Log</h1>
<h2>Tool Versions:</h2>
IDE-Version: μVision V5.25.3.0
Copyright (C) 2018 ARM Ltd and ARM Germany GmbH. All rights reserved.
License Information: 1 8617763753504, 1, LIC=65ISZ-JJG8U-Y86FK-ZJ6RA-XNR0H-NIA8X
 
Tool Versions:
Toolchain:       MDK-ARM Plus  Version: 5.40.0.3
Toolchain Path:  D:\Keil5\Keil5_Core\ARM\ARMCC\Bin
C Compiler:      Armcc.exe V5.06 update 7 (build 960)
Assembler:       Armasm.exe V5.06 update 7 (build 960)
Linker/Locator:  ArmLink.exe V5.06 update 7 (build 960)
Library Manager: ArmAr.exe V5.06 update 7 (build 960)
Hex Converter:   FromElf.exe V5.06 update 7 (build 960)
CPU DLL:         SARMCM3.DLL V5.40.0.3
Dialog DLL:      DCM.DLL V1.17.5.0
Target DLL:      STLink\ST-LINKIII-KEIL_SWO.dll V3.3.0.0
Dialog DLL:      TCM.DLL V1.56.4.0
 
<h2>Project:</h2>
D:\单片机\Project\STM32Project\他人完整工程\stm32遥控器\Royal Controller\代码文件\uVision Project\2G4 Telecontrol.uvprojx
Project File Date:  01/12/2025

<h2>Output:</h2>
*** Using Compiler 'V5.06 update 7 (build 960)', folder: 'D:\Keil5\Keil5_Core\ARM\ARMCC\Bin'
Build target '遥控手柄_V1.0'
compiling spi.c...
compiling adc.c...
compiling timer.c...
compiling delay.c...
compiling key.c...
compiling led.c...
compiling main.c...
..\Code_User\main.c(28): warning:  #177-D: variable "i"  was declared but never referenced
  	u8 i = 0;
..\Code_User\main.c(29): warning:  #177-D: variable "n"  was declared but never referenced
  	double n = 0, last_num = 0;
..\Code_User\main.c(29): warning:  #177-D: variable "last_num"  was declared but never referenced
  	double n = 0, last_num = 0;
..\Code_User\main.c: 3 warnings, 0 errors
compiling oled.c...
compiling rf2G4.c...
compiling dma.c...
compiling misc.c...
compiling stm32f10x_gpio.c...
compiling MK_menu.c...
compiling bsp_si24r1.c...
..\Code_User\SI24R1\bsp_si24r1.c(442): warning:  #177-D: variable "cnt"  was declared but never referenced
  	u8 cnt=0;
..\Code_User\SI24R1\bsp_si24r1.c(443): warning:  #177-D: variable "i"  was declared but never referenced
  	u8 i=4;
..\Code_User\SI24R1\bsp_si24r1.c(546): warning:  #1-D: last line of file ends without a newline
  }
..\Code_User\SI24R1\bsp_si24r1.c: 3 warnings, 0 errors
compiling stm32f10x_rcc.c...
compiling stm32f10x_exti.c...
compiling ugui.c...
..\Code_User\ugui\ugui.c(5549): warning:  #513-D: a value of type "void *" cannot be assigned to an entity of type "void (*)(UG_COLOR)"
        push_pixel = ((void*(*)(UG_S16, UG_S16, UG_S16, UG_S16))gui->driver[DRIVER_FILL_AREA].driver)(x,y,x+actual_char_width-1,y+font->char_height-1);
..\Code_User\ugui\ugui.c: 1 warning, 0 errors
compiling stm32f10x_tim.c...
compiling stm32f10x_spi.c...
assembling startup_stm32f10x_md.s...
compiling stm32f10x_adc.c...
compiling core_cm3.c...
compiling stm32f10x_dma.c...
compiling stm32f10x_it.c...
compiling system_stm32f10x.c...
linking...
Program Size: Code=9880 RO-data=85504 RW-data=64 ZI-data=2136  
FromELF: creating hex file...
"..\Object\2G4 Telecontrol.axf" - 0 Error(s), 7 Warning(s).

<h2>Software Packages used:</h2>

Package Vendor: Keil
                https://www.keil.com/pack/Keil.STM32F1xx_DFP.2.4.1.pack
                Keil.STM32F1xx_DFP.2.4.1
                STMicroelectronics STM32F1 Series Device Support, Drivers and Examples

<h2>Collection of Component include folders:</h2>
  .\RTE\__________V1.0
  D:\Keil5\Keil5_Pack\Keil\STM32F1xx_DFP\2.4.1\Device\Include

<h2>Collection of Component Files used:</h2>
Build Time Elapsed:  00:00:05
</pre>
</body>
</html>
