Component: ARM Compiler 5.06 update 7 (build 960) Tool: armlink [4d3601]

==============================================================================

Section Cross References

    main.o(i.main) refers to misc.o(i.NVIC_PriorityGroupConfig) for NVIC_PriorityGroupConfig
    main.o(i.main) refers to delay.o(i.delay_Init) for delay_Init
    main.o(i.main) refers to adc.o(i.MYADC_Init) for MYADC_Init
    main.o(i.main) refers to led.o(i.LED_Init_JX) for LED_Init_JX
    main.o(i.main) refers to timer.o(i.TIM3_Time_Init) for TIM3_Time_Init
    main.o(i.main) refers to key.o(i.KEY_Init_JX) for KEY_Init_JX
    main.o(i.main) refers to dma.o(i.DMA_Init_JX) for DMA_Init_JX
    main.o(i.main) refers to bsp_si24r1.o(i.SI24R1_Init) for SI24R1_Init
    main.o(i.main) refers to ugui.o(i.UG_Init) for UG_Init
    main.o(i.main) refers to ugui.o(i.UG_SelectGUI) for UG_SelectGUI
    main.o(i.main) refers to oled.o(i.LCD_Init) for LCD_Init
    main.o(i.main) refers to oled.o(i.LCD_Fill) for LCD_Fill
    main.o(i.main) refers to bsp_si24r1.o(i.SI2R4_Check) for SI2R4_Check
    main.o(i.main) refers to oled.o(i.LCD_ShowString) for LCD_ShowString
    main.o(i.main) refers to bsp_si24r1.o(i.SI24R1_Mode_NOACK) for SI24R1_Mode_NOACK
    main.o(i.main) refers to bsp_si24r1.o(i.test_tx) for test_tx
    main.o(i.main) refers to delay.o(i.delay_ms) for delay_ms
    main.o(i.main) refers to oled.o(i.LCD_DrawPoint) for LCD_DrawPoint
    main.o(i.main) refers to main.o(.bss) for my_ugui1
    main.o(i.main) refers to main.o(.data) for One_Ms_Timing
    delay.o(i.delay_Init) refers to misc.o(i.SysTick_CLKSourceConfig) for SysTick_CLKSourceConfig
    delay.o(i.delay_Init) refers to system_stm32f10x.o(.data) for SystemCoreClock
    delay.o(i.delay_Init) refers to delay.o(.data) for SysTick_each_us_CNT
    delay.o(i.delay_ms) refers to delay.o(.data) for SysTick_each_ms_CNT
    delay.o(i.delay_us) refers to delay.o(.data) for SysTick_each_us_CNT
    led.o(i.LED_Init_JX) refers to stm32f10x_rcc.o(i.RCC_APB2PeriphClockCmd) for RCC_APB2PeriphClockCmd
    led.o(i.LED_Init_JX) refers to stm32f10x_gpio.o(i.GPIO_PinRemapConfig) for GPIO_PinRemapConfig
    led.o(i.LED_Init_JX) refers to stm32f10x_gpio.o(i.GPIO_Init) for GPIO_Init
    led.o(i.LED_Init_JX) refers to stm32f10x_gpio.o(i.GPIO_ResetBits) for GPIO_ResetBits
    key.o(i.KEY_Init_JX) refers to stm32f10x_rcc.o(i.RCC_APB2PeriphClockCmd) for RCC_APB2PeriphClockCmd
    key.o(i.KEY_Init_JX) refers to stm32f10x_gpio.o(i.GPIO_PinRemapConfig) for GPIO_PinRemapConfig
    key.o(i.KEY_Init_JX) refers to stm32f10x_gpio.o(i.GPIO_Init) for GPIO_Init
    key.o(i.RF2G4_KEY_Scan_JX) refers to key.o(.data) for WKUP_Cnt
    key.o(i.RF2G4_KEY_Scan_JX) refers to key.o(.bss) for F_KEY_Down
    oled.o(i.Draw_Circle) refers to oled.o(i.LCD_DrawPoint) for LCD_DrawPoint
    oled.o(i.LCD_Address_Set) refers to oled.o(i.LCD_WR_REG) for LCD_WR_REG
    oled.o(i.LCD_Address_Set) refers to oled.o(i.LCD_WR_DATA) for LCD_WR_DATA
    oled.o(i.LCD_DrawLine) refers to oled.o(i.LCD_DrawPoint) for LCD_DrawPoint
    oled.o(i.LCD_DrawPoint) refers to oled.o(i.LCD_Address_Set) for LCD_Address_Set
    oled.o(i.LCD_DrawPoint) refers to oled.o(i.LCD_WR_DATA) for LCD_WR_DATA
    oled.o(i.LCD_DrawRectangle) refers to oled.o(i.LCD_DrawLine) for LCD_DrawLine
    oled.o(i.LCD_Fill) refers to oled.o(i.LCD_Address_Set) for LCD_Address_Set
    oled.o(i.LCD_Fill) refers to stm32f10x_gpio.o(i.GPIO_ResetBits) for GPIO_ResetBits
    oled.o(i.LCD_Fill) refers to stm32f10x_spi.o(i.SPI_Cmd) for SPI_Cmd
    oled.o(i.LCD_Fill) refers to dma.o(i.MYDMA_Config1) for MYDMA_Config1
    oled.o(i.LCD_Fill) refers to stm32f10x_spi.o(i.SPI_I2S_DMACmd) for SPI_I2S_DMACmd
    oled.o(i.LCD_Fill) refers to dma.o(i.MYDMA_Enable) for MYDMA_Enable
    oled.o(i.LCD_Fill) refers to stm32f10x_dma.o(i.DMA_GetFlagStatus) for DMA_GetFlagStatus
    oled.o(i.LCD_Fill) refers to stm32f10x_dma.o(i.DMA_ClearFlag) for DMA_ClearFlag
    oled.o(i.LCD_Fill) refers to stm32f10x_gpio.o(i.GPIO_SetBits) for GPIO_SetBits
    oled.o(i.LCD_Init) refers to oled.o(i.OLED_GPIO_SPI_Init) for OLED_GPIO_SPI_Init
    oled.o(i.LCD_Init) refers to stm32f10x_gpio.o(i.GPIO_ResetBits) for GPIO_ResetBits
    oled.o(i.LCD_Init) refers to delay.o(i.delay_ms) for delay_ms
    oled.o(i.LCD_Init) refers to stm32f10x_gpio.o(i.GPIO_SetBits) for GPIO_SetBits
    oled.o(i.LCD_Init) refers to oled.o(i.LCD_WR_REG) for LCD_WR_REG
    oled.o(i.LCD_Init) refers to oled.o(i.LCD_WR_DATA8) for LCD_WR_DATA8
    oled.o(i.LCD_ShowChar) refers to oled.o(i.LCD_Address_Set) for LCD_Address_Set
    oled.o(i.LCD_ShowChar) refers to oled.o(i.LCD_WR_DATA) for LCD_WR_DATA
    oled.o(i.LCD_ShowChar) refers to oled.o(i.LCD_DrawPoint) for LCD_DrawPoint
    oled.o(i.LCD_ShowChar) refers to oled.o(.constdata) for ascii_1206
    oled.o(i.LCD_ShowChinese) refers to oled.o(i.LCD_ShowChinese12x12) for LCD_ShowChinese12x12
    oled.o(i.LCD_ShowChinese) refers to oled.o(i.LCD_ShowChinese16x16) for LCD_ShowChinese16x16
[...]
    ../fplib/dnaninf.s                       0x00000000   Number         0  dnaninf.o ABSOLUTE
    ../fplib/dretinf.s                       0x00000000   Number         0  dretinf.o ABSOLUTE
    ../fplib/drleqf.s                        0x00000000   Number         0  drleqf.o ABSOLUTE
    ../fplib/dsqrt.s                         0x00000000   Number         0  dsqrt_noumaal.o ABSOLUTE
    ../fplib/ffixu.s                         0x00000000   Number         0  ffixu.o ABSOLUTE
    ../fplib/fflt.s                          0x00000000   Number         0  fflt_clz.o ABSOLUTE
    ../fplib/fmul.s                          0x00000000   Number         0  fmul.o ABSOLUTE
    ../fplib/fnaninf.s                       0x00000000   Number         0  fnaninf.o ABSOLUTE
    ../fplib/fpinit.s                        0x00000000   Number         0  fpinit.o ABSOLUTE
    ../fplib/fretinf.s                       0x00000000   Number         0  fretinf.o ABSOLUTE
    ../fplib/usenofp.s                       0x00000000   Number         0  usenofp.o ABSOLUTE
    ../mathlib/sqrt.c                        0x00000000   Number         0  sqrt.o ABSOLUTE
    ../mathlib/sqrt.c                        0x00000000   Number         0  sqrt_x.o ABSOLUTE
    ..\Code_User\@delay\delay.c              0x00000000   Number         0  delay.o ABSOLUTE
    ..\Code_User\ADC\adc.c                   0x00000000   Number         0  adc.o ABSOLUTE
    ..\Code_User\DMA\dma.c                   0x00000000   Number         0  dma.o ABSOLUTE
    ..\Code_User\KEY\key.c                   0x00000000   Number         0  key.o ABSOLUTE
    ..\Code_User\LED\led.c                   0x00000000   Number         0  led.o ABSOLUTE
    ..\Code_User\Menu\MK_menu.c              0x00000000   Number         0  mk_menu.o ABSOLUTE
    ..\Code_User\OLED\oled.c                 0x00000000   Number         0  oled.o ABSOLUTE
    ..\Code_User\RF2G4\rf2G4.c               0x00000000   Number         0  rf2g4.o ABSOLUTE
    ..\Code_User\SI24R1\bsp_si24r1.c         0x00000000   Number         0  bsp_si24r1.o ABSOLUTE
    ..\Code_User\SPI\spi.c                   0x00000000   Number         0  spi.o ABSOLUTE
    ..\Code_User\TIMER\timer.c               0x00000000   Number         0  timer.o ABSOLUTE
    ..\Code_User\main.c                      0x00000000   Number         0  main.o ABSOLUTE
    ..\Code_User\ugui\ugui.c                 0x00000000   Number         0  ugui.o ABSOLUTE
    ..\Core\core_cm3.c                       0x00000000   Number         0  core_cm3.o ABSOLUTE
    ..\Core\startup_stm32f10x_md.s           0x00000000   Number         0  startup_stm32f10x_md.o ABSOLUTE
    ..\FWLib\src\misc.c                      0x00000000   Number         0  misc.o ABSOLUTE
    ..\FWLib\src\stm32f10x_adc.c             0x00000000   Number         0  stm32f10x_adc.o ABSOLUTE
    ..\FWLib\src\stm32f10x_dma.c             0x00000000   Number         0  stm32f10x_dma.o ABSOLUTE
    ..\FWLib\src\stm32f10x_exti.c            0x00000000   Number         0  stm32f10x_exti.o ABSOLUTE
    ..\FWLib\src\stm32f10x_gpio.c            0x00000000   Number         0  stm32f10x_gpio.o ABSOLUTE
    ..\FWLib\src\stm32f10x_rcc.c             0x00000000   Number         0  stm32f10x_rcc.o ABSOLUTE
    ..\FWLib\src\stm32f10x_spi.c             0x00000000   Number         0  stm32f10x_spi.o ABSOLUTE
    ..\FWLib\src\stm32f10x_tim.c             0x00000000   Number         0  stm32f10x_tim.o ABSOLUTE
    ..\System\stm32f10x_it.c                 0x00000000   Number         0  stm32f10x_it.o ABSOLUTE
    ..\System\system_stm32f10x.c             0x00000000   Number         0  system_stm32f10x.o ABSOLUTE
    ..\\Core\\core_cm3.c                     0x00000000   Number         0  core_cm3.o ABSOLUTE
    dc.s                                     0x00000000   Number         0  dc.o ABSOLUTE
    RESET                                    0x08000000   Section      236  startup_stm32f10x_md.o(RESET)
    !!!main                                  0x080000ec   Section        8  __main.o(!!!main)
    !!!scatter                               0x080000f4   Section       52  __scatter.o(!!!scatter)
    !!handler_copy                           0x08000128   Section       26  __scatter_copy.o(!!handler_copy)
    !!handler_zi                             0x08000144   Section       28  __scatter_zi.o(!!handler_zi)
    .ARM.Collect$$_printf_percent$$00000000  0x08000160   Section        0  _printf_percent.o(.ARM.Collect$$_printf_percent$$00000000)
    .ARM.Collect$$_printf_percent$$0000000C  0x08000160   Section        6  _printf_x.o(.ARM.Collect$$_printf_percent$$0000000C)
    .ARM.Collect$$_printf_percent$$00000017  0x08000166   Section        4  _printf_percent_end.o(.ARM.Collect$$_printf_percent$$00000017)
    .ARM.Collect$$libinit$$00000000          0x0800016a   Section        2  libinit.o(.ARM.Collect$$libinit$$00000000)
    .ARM.Collect$$libinit$$00000002          0x0800016c   Section        0  libinit2.o(.ARM.Collect$$libinit$$00000002)
    .ARM.Collect$$libinit$$00000004          0x0800016c   Section        0  libinit2.o(.ARM.Collect$$libinit$$00000004)
    .ARM.Collect$$libinit$$00000005          0x0800016c   Section        8  libinit2.o(.ARM.Collect$$libinit$$00000005)
    .ARM.Collect$$libinit$$0000000A          0x08000174   Section        0  libinit2.o(.ARM.Collect$$libinit$$0000000A)
    .ARM.Collect$$libinit$$0000000C          0x08000174   Section        0  libinit2.o(.ARM.Collect$$libinit$$0000000C)
    .ARM.Collect$$libinit$$0000000E          0x08000174   Section        0  libinit2.o(.ARM.Collect$$libinit$$0000000E)
    .ARM.Collect$$libinit$$00000011          0x08000174   Section        0  libinit2.o(.ARM.Collect$$libinit$$00000011)
    .ARM.Collect$$libinit$$00000013          0x08000174   Section        0  libinit2.o(.ARM.Collect$$libinit$$00000013)
    .ARM.Collect$$libinit$$00000015          0x08000174   Section        0  libinit2.o(.ARM.Collect$$libinit$$00000015)
    .ARM.Collect$$libinit$$00000017          0x08000174   Section        0  libinit2.o(.ARM.Collect$$libinit$$00000017)
    .ARM.Collect$$libinit$$00000019          0x08000174   Section        0  libinit2.o(.ARM.Collect$$libinit$$00000019)
    .ARM.Collect$$libinit$$0000001B          0x08000174   Section        0  libinit2.o(.ARM.Collect$$libinit$$0000001B)
    .ARM.Collect$$libinit$$0000001D          0x08000174   Section        0  libinit2.o(.ARM.Collect$$libinit$$0000001D)
    .ARM.Collect$$libinit$$0000001F          0x08000174   Section        0  libinit2.o(.ARM.Collect$$libinit$$0000001F)
    .ARM.Collect$$libinit$$00000021          0x08000174   Section        0  libinit2.o(.ARM.Collect$$libinit$$00000021)
    .ARM.Collect$$libinit$$00000023          0x08000174   Section        0  libinit2.o(.ARM.Collect$$libinit$$00000023)
    .ARM.Collect$$libinit$$00000024          0x08000174   Section        4  libinit2.o(.ARM.Collect$$libinit$$00000024)
    .ARM.Collect$$libinit$$00000025          0x08000178   Section        0  libinit2.o(.ARM.Collect$$libinit$$00000025)
    .ARM.Collect$$libinit$$0000002C          0x08000178   Section        0  libinit2.o(.ARM.Collect$$libinit$$0000002C)
    .ARM.Collect$$libinit$$0000002E          0x08000178   Section        0  libinit2.o(.ARM.Collect$$libinit$$0000002E)
    .ARM.Collect$$libinit$$00000030          0x08000178   Section        0  libinit2.o(.ARM.Collect$$libinit$$00000030)
    .ARM.Collect$$libinit$$00000032          0x08000178   Section        0  libinit2.o(.ARM.Collect$$libinit$$00000032)
    .ARM.Collect$$libinit$$00000033          0x08000178   Section        2  libinit2.o(.ARM.Collect$$libinit$$00000033)
    .ARM.Collect$$libshutdown$$00000000      0x0800017a   Section        2  libshutdown.o(.ARM.Collect$$libshutdown$$00000000)
    .ARM.Collect$$libshutdown$$00000002      0x0800017c   Section        0  libshutdown2.o(.ARM.Collect$$libshutdown$$00000002)
    .ARM.Collect$$libshutdown$$00000004      0x0800017c   Section        0  libshutdown2.o(.ARM.Collect$$libshutdown$$00000004)
    .ARM.Collect$$libshutdown$$00000005      0x0800017c   Section        4  libshutdown2.o(.ARM.Collect$$libshutdown$$00000005)
    .ARM.Collect$$libshutdown$$00000006      0x08000180   Section        0  libshutdown2.o(.ARM.Collect$$libshutdown$$00000006)
    .ARM.Collect$$libshutdown$$00000009      0x08000180   Section        0  libshutdown2.o(.ARM.Collect$$libshutdown$$00000009)
    .ARM.Collect$$libshutdown$$0000000C      0x08000180   Section        0  libshutdown2.o(.ARM.Collect$$libshutdown$$0000000C)
    .ARM.Collect$$libshutdown$$0000000E      0x08000180   Section        0  libshutdown2.o(.ARM.Collect$$libshutdown$$0000000E)
    .ARM.Collect$$libshutdown$$00000011      0x08000180   Section        0  libshutdown2.o(.ARM.Collect$$libshutdown$$00000011)
    .ARM.Collect$$libshutdown$$00000012      0x08000180   Section        2  libshutdown2.o(.ARM.Collect$$libshutdown$$00000012)
    .ARM.Collect$$rtentry$$00000000          0x08000182   Section        0  __rtentry.o(.ARM.Collect$$rtentry$$00000000)
    .ARM.Collect$$rtentry$$00000002          0x08000182   Section        0  __rtentry2.o(.ARM.Collect$$rtentry$$00000002)
    .ARM.Collect$$rtentry$$00000004          0x08000182   Section        6  __rtentry4.o(.ARM.Collect$$rtentry$$00000004)
    .ARM.Collect$$rtentry$$00000009          0x08000188   Section        0  __rtentry2.o(.ARM.Collect$$rtentry$$00000009)
    .ARM.Collect$$rtentry$$0000000A          0x08000188   Section        4  __rtentry2.o(.ARM.Collect$$rtentry$$0000000A)
    .ARM.Collect$$rtentry$$0000000C          0x0800018c   Section        0  __rtentry2.o(.ARM.Collect$$rtentry$$0000000C)
    .ARM.Collect$$rtentry$$0000000D          0x0800018c   Section        8  __rtentry2.o(.ARM.Collect$$rtentry$$0000000D)
    .ARM.Collect$$rtexit$$00000000           0x08000194   Section        2  rtexit.o(.ARM.Collect$$rtexit$$00000000)
    .ARM.Collect$$rtexit$$00000002           0x08000196   Section        0  rtexit2.o(.ARM.Collect$$rtexit$$00000002)
    .ARM.Collect$$rtexit$$00000003           0x08000196   Section        4  rtexit2.o(.ARM.Collect$$rtexit$$00000003)
    .ARM.Collect$$rtexit$$00000004           0x0800019a   Section        6  rtexit2.o(.ARM.Collect$$rtexit$$00000004)
    .emb_text                                0x080001a0   Section        0  maybetermalloc1.o(.emb_text)
    .text                                    0x080001a0   Section       64  startup_stm32f10x_md.o(.text)
    .text                                    0x080001e0   Section        0  noretval__2printf.o(.text)
    .text                                    0x080001f8   Section        0  __printf.o(.text)
    .text                                    0x08000260   Section        0  _printf_hex_int.o(.text)
    .text                                    0x080002b8   Section        0  heapauxi.o(.text)
    .text                                    0x080002be   Section        0  _printf_intcommon.o(.text)
    .text                                    0x08000370   Section        0  _printf_char_file.o(.text)
    .text                                    0x08000394   Section        8  rt_errno_addr_intlibspace.o(.text)
    .text                                    0x0800039c   Section        0  _printf_char_common.o(.text)
    _printf_input_char                       0x0800039d   Thumb Code    10  _printf_char_common.o(.text)
    .text                                    0x080003cc   Section        0  ferror.o(.text)
    .text                                    0x080003d4   Section        0  initio.o(.text)
    .text                                    0x0800050c   Section        0  sys_io.o(.text)
    .text                                    0x08000574   Section        8  libspace.o(.text)
    .text                                    0x0800057c   Section       74  sys_stackheap_outer.o(.text)
    .text                                    0x080005c6   Section        0  h1_free.o(.text)
    .text                                    0x08000614   Section        0  flsbuf.o(.text)
    .text                                    0x080007ea   Section        0  setvbuf.o(.text)
    .text                                    0x08000830   Section        0  fopen.o(.text)
    _freopen_locked                          0x08000831   Thumb Code     0  fopen.o(.text)
    .text                                    0x0800091c   Section        0  fclose.o(.text)
    .text                                    0x08000968   Section        0  exit.o(.text)
    .text                                    0x0800097a   Section        0  defsig_rtred_outer.o(.text)
    .text                                    0x08000988   Section       78  rt_memclr_w.o(.text)
    .text                                    0x080009d6   Section        2  use_no_semi.o(.text)
    .text                                    0x080009d8   Section        0  indicate_semi.o(.text)
    .text                                    0x080009d8   Section        8  rt_heap_descriptor_intlibspace.o(.text)
    .text                                    0x080009e0   Section        0  hguard.o(.text)
    .text                                    0x080009e4   Section        0  init_alloc.o(.text)
    .text                                    0x08000a6e   Section        0  h1_alloc.o(.text)
    .text                                    0x08000acc   Section        0  fseek.o(.text)
    .text                                    0x08000bc4   Section        0  stdio.o(.text)
    .text                                    0x08000cb4   Section        0  defsig_exit.o(.text)
    .text                                    0x08000cc0   Section        0  defsig_rtred_inner.o(.text)
    .text                                    0x08000cf4   Section        0  strlen.o(.text)
    .text                                    0x08000d34   Section        0  sys_exit.o(.text)
    .text                                    0x08000d40   Section        0  h1_init.o(.text)
    .text                                    0x08000d4e   Section        0  h1_extend.o(.text)
    .text                                    0x08000d82   Section        0  ftell.o(.text)
    .text                                    0x08000dc4   Section        0  defsig_general.o(.text)
    .text                                    0x08000df6   Section        0  defsig_rtmem_outer.o(.text)
    .text                                    0x08000e04   Section        0  sys_wrch.o(.text)
    .text                                    0x08000e14   Section        0  defsig_rtmem_inner.o(.text)
    i.ADC_Cmd                                0x08000e64   Section        0  stm32f10x_adc.o(i.ADC_Cmd)
    i.ADC_GetCalibrationStatus               0x08000e7a   Section        0  stm32f10x_adc.o(i.ADC_GetCalibrationStatus)
    i.ADC_GetResetCalibrationStatus          0x08000e8e   Section        0  stm32f10x_adc.o(i.ADC_GetResetCalibrationStatus)
    i.ADC_Init                               0x08000ea4   Section        0  stm32f10x_adc.o(i.ADC_Init)
    i.ADC_ResetCalibration                   0x08000ef4   Section        0  stm32f10x_adc.o(i.ADC_ResetCalibration)
    i.ADC_StartCalibration                   0x08000efe   Section        0  stm32f10x_adc.o(i.ADC_StartCalibration)
    i.BusFault_Handler                       0x08000f08   Section        0  stm32f10x_it.o(i.BusFault_Handler)
    i.DMA_ClearFlag                          0x08000f0c   Section        0  stm32f10x_dma.o(i.DMA_ClearFlag)
    i.DMA_Cmd                                0x08000f28   Section        0  stm32f10x_dma.o(i.DMA_Cmd)
    i.DMA_DeInit                             0x08000f40   Section        0  stm32f10x_dma.o(i.DMA_DeInit)
    i.DMA_GetFlagStatus                      0x0800108c   Section        0  stm32f10x_dma.o(i.DMA_GetFlagStatus)
    i.DMA_Init                               0x080010b8   Section        0  stm32f10x_dma.o(i.DMA_Init)
    i.DMA_Init_JX                            0x080010f4   Section        0  dma.o(i.DMA_Init_JX)
    i.DMA_SetCurrDataCounter                 0x08001154   Section        0  stm32f10x_dma.o(i.DMA_SetCurrDataCounter)
    i.DebugMon_Handler                       0x08001158   Section        0  stm32f10x_it.o(i.DebugMon_Handler)
    i.GPIO_Init                              0x0800115a   Section        0  stm32f10x_gpio.o(i.GPIO_Init)
    i.GPIO_PinRemapConfig                    0x08001270   Section        0  stm32f10x_gpio.o(i.GPIO_PinRemapConfig)
    i.GPIO_ReadInputDataBit                  0x08001300   Section        0  stm32f10x_gpio.o(i.GPIO_ReadInputDataBit)
    i.GPIO_ResetBits                         0x08001312   Section        0  stm32f10x_gpio.o(i.GPIO_ResetBits)
    i.GPIO_SetBits                           0x08001316   Section        0  stm32f10x_gpio.o(i.GPIO_SetBits)
    i.HardFault_Handler                      0x0800131a   Section        0  stm32f10x_it.o(i.HardFault_Handler)
    i.KEY_Init_JX                            0x08001320   Section        0  key.o(i.KEY_Init_JX)
    i.LCD_Address_Set                        0x080013a0   Section        0  oled.o(i.LCD_Address_Set)
    i.LCD_DrawPoint                          0x080013e2   Section        0  oled.o(i.LCD_DrawPoint)
    i.LCD_Fill                               0x08001404   Section        0  oled.o(i.LCD_Fill)
    i.LCD_Init                               0x080014e4   Section        0  oled.o(i.LCD_Init)
    i.LCD_ShowChar                           0x08001670   Section        0  oled.o(i.LCD_ShowChar)
    i.LCD_ShowIntNum                         0x080017c0   Section        0  oled.o(i.LCD_ShowIntNum)
    i.LCD_ShowString                         0x08001856   Section        0  oled.o(i.LCD_ShowString)
    i.LCD_WR_DATA                            0x08001898   Section        0  oled.o(i.LCD_WR_DATA)
    i.LCD_WR_DATA8                           0x080018aa   Section        0  oled.o(i.LCD_WR_DATA8)
    i.LCD_WR_REG                             0x080018b8   Section        0  oled.o(i.LCD_WR_REG)
    i.LCD_Writ_Bus                           0x080018d8   Section        0  oled.o(i.LCD_Writ_Bus)
    i.LED_Init_JX                            0x08001914   Section        0  led.o(i.LED_Init_JX)
    i.MYADC_Init                             0x0800195c   Section        0  adc.o(i.MYADC_Init)
    i.MYDMA_Config1                          0x080019f0   Section        0  dma.o(i.MYDMA_Config1)
    i.MYDMA_Enable                           0x08001a50   Section        0  dma.o(i.MYDMA_Enable)
    i.MemManage_Handler                      0x08001a78   Section        0  stm32f10x_it.o(i.MemManage_Handler)
    i.NMI_Handler                            0x08001a7c   Section        0  stm32f10x_it.o(i.NMI_Handler)
    i.NVIC_Init                              0x08001a80   Section        0  misc.o(i.NVIC_Init)
    i.NVIC_PriorityGroupConfig               0x08001af0   Section        0  misc.o(i.NVIC_PriorityGroupConfig)
    i.OLED_GPIO_SPI_Init                     0x08001b04   Section        0  oled.o(i.OLED_GPIO_SPI_Init)
    OLED_GPIO_SPI_Init                       0x08001b05   Thumb Code   190  oled.o(i.OLED_GPIO_SPI_Init)
    i.PendSV_Handler                         0x08001bd0   Section        0  stm32f10x_it.o(i.PendSV_Handler)
    i.RCC_ADCCLKConfig                       0x08001bd4   Section        0  stm32f10x_rcc.o(i.RCC_ADCCLKConfig)
    i.RCC_AHBPeriphClockCmd                  0x08001bec   Section        0  stm32f10x_rcc.o(i.RCC_AHBPeriphClockCmd)
    i.RCC_APB1PeriphClockCmd                 0x08001c0c   Section        0  stm32f10x_rcc.o(i.RCC_APB1PeriphClockCmd)
    i.RCC_APB2PeriphClockCmd                 0x08001c2c   Section        0  stm32f10x_rcc.o(i.RCC_APB2PeriphClockCmd)
    i.SI24R1_Init                            0x08001c4c   Section        0  bsp_si24r1.o(i.SI24R1_Init)
    i.SI24R1_Mode_NOACK                      0x08001d20   Section        0  bsp_si24r1.o(i.SI24R1_Mode_NOACK)
    i.SI24R1_Read_Buf                        0x08001de8   Section        0  bsp_si24r1.o(i.SI24R1_Read_Buf)
    i.SI24R1_Read_Reg                        0x08001e2c   Section        0  bsp_si24r1.o(i.SI24R1_Read_Reg)
    i.SI24R1_TxPacket                        0x08001e5c   Section        0  bsp_si24r1.o(i.SI24R1_TxPacket)
    i.SI24R1_Write_Buf                       0x08001f40   Section        0  bsp_si24r1.o(i.SI24R1_Write_Buf)
    i.SI24R1_Write_Reg                       0x08001f84   Section        0  bsp_si24r1.o(i.SI24R1_Write_Reg)
    i.SI2R4_Check                            0x08001fb4   Section        0  bsp_si24r1.o(i.SI2R4_Check)
    i.SPI2_SetSpeed                          0x08002004   Section        0  spi.o(i.SPI2_SetSpeed)
    i.SPI_Cmd                                0x08002020   Section        0  stm32f10x_spi.o(i.SPI_Cmd)
    i.SPI_I2S_DMACmd                         0x08002038   Section        0  stm32f10x_spi.o(i.SPI_I2S_DMACmd)
    i.SPI_I2S_GetFlagStatus                  0x0800204a   Section        0  stm32f10x_spi.o(i.SPI_I2S_GetFlagStatus)
    i.SPI_I2S_ReceiveData                    0x0800205c   Section        0  stm32f10x_spi.o(i.SPI_I2S_ReceiveData)
    i.SPI_I2S_SendData                       0x08002062   Section        0  stm32f10x_spi.o(i.SPI_I2S_SendData)
    i.SPI_Init                               0x08002066   Section        0  stm32f10x_spi.o(i.SPI_Init)
    i.SPI_RW                                 0x080020a4   Section        0  bsp_si24r1.o(i.SPI_RW)
    SPI_RW                                   0x080020a5   Thumb Code   176  bsp_si24r1.o(i.SPI_RW)
    i.SPI_TIMEOUT_UserCallback               0x0800215c   Section        0  bsp_si24r1.o(i.SPI_TIMEOUT_UserCallback)
    SPI_TIMEOUT_UserCallback                 0x0800215d   Thumb Code     6  bsp_si24r1.o(i.SPI_TIMEOUT_UserCallback)
    i.SVC_Handler                            0x08002162   Section        0  stm32f10x_it.o(i.SVC_Handler)
    i.SetSysClock                            0x08002164   Section        0  system_stm32f10x.o(i.SetSysClock)
    SetSysClock                              0x08002165   Thumb Code     8  system_stm32f10x.o(i.SetSysClock)
    i.SetSysClockTo72                        0x0800216c   Section        0  system_stm32f10x.o(i.SetSysClockTo72)
    SetSysClockTo72                          0x0800216d   Thumb Code   214  system_stm32f10x.o(i.SetSysClockTo72)
    i.SysTick_CLKSourceConfig                0x0800224c   Section        0  misc.o(i.SysTick_CLKSourceConfig)
    i.SysTick_Handler                        0x08002274   Section        0  stm32f10x_it.o(i.SysTick_Handler)
    i.SystemInit                             0x08002278   Section        0  system_stm32f10x.o(i.SystemInit)
    i.TIM3_IRQHandler                        0x080022d8   Section        0  stm32f10x_it.o(i.TIM3_IRQHandler)
    i.TIM3_Time_Init                         0x08002320   Section        0  timer.o(i.TIM3_Time_Init)
    i.TIM_ClearITPendingBit                  0x0800237c   Section        0  stm32f10x_tim.o(i.TIM_ClearITPendingBit)
    i.TIM_Cmd                                0x08002382   Section        0  stm32f10x_tim.o(i.TIM_Cmd)
    i.TIM_GetITStatus                        0x0800239a   Section        0  stm32f10x_tim.o(i.TIM_GetITStatus)
    i.TIM_ITConfig                           0x080023bc   Section        0  stm32f10x_tim.o(i.TIM_ITConfig)
    i.TIM_TimeBaseInit                       0x080023d0   Section        0  stm32f10x_tim.o(i.TIM_TimeBaseInit)
    i.UG_Init                                0x08002474   Section        0  ugui.o(i.UG_Init)
    i.UG_SelectGUI                           0x08002504   Section        0  ugui.o(i.UG_SelectGUI)
    i.UsageFault_Handler                     0x08002514   Section        0  stm32f10x_it.o(i.UsageFault_Handler)
    i.delay                                  0x08002518   Section        0  oled.o(i.delay)
    i.delay_Init                             0x08002524   Section        0  delay.o(i.delay_Init)
    i.delay_ms                               0x08002568   Section        0  delay.o(i.delay_ms)
    i.fputc                                  0x080025bc   Section        0  fputc.o(i.fputc)
    i.main                                   0x080025d8   Section        0  main.o(i.main)
    i.mypow                                  0x080026d4   Section        0  oled.o(i.mypow)
    i.test_tx                                0x080026ec   Section        0  bsp_si24r1.o(i.test_tx)
    .constdata                               0x08002784   Section    85172  oled.o(.constdata)
    .constdata                               0x08017438   Section       10  bsp_si24r1.o(.constdata)
    .constdata                               0x08017442   Section       40  _printf_hex_int.o(.constdata)
    uc_hextab                                0x08017442   Data          20  _printf_hex_int.o(.constdata)
    lc_hextab                                0x08017456   Data          20  _printf_hex_int.o(.constdata)
    .constdata                               0x0801746a   Section        4  sys_io.o(.constdata)
    .constdata                               0x0801746e   Section        4  sys_io.o(.constdata)
    .constdata                               0x08017472   Section        4  sys_io.o(.constdata)
    .data                                    0x20000000   Section        6  main.o(.data)
    .data                                    0x20000006   Section        4  delay.o(.data)
    SysTick_each_us_CNT                      0x20000006   Data           2  delay.o(.data)
    SysTick_each_ms_CNT                      0x20000008   Data           2  delay.o(.data)
    .data                                    0x2000000a   Section        2  dma.o(.data)
    .data                                    0x2000000c   Section       12  ugui.o(.data)
    gui                                      0x2000000c   Data           4  ugui.o(.data)
    msg                                      0x20000010   Data           8  ugui.o(.data)
    .data                                    0x20000018   Section        6  bsp_si24r1.o(.data)
    SPITimeout                               0x20000018   Data           4  bsp_si24r1.o(.data)
    t_flag                                   0x2000001d   Data           1  bsp_si24r1.o(.data)
    .data                                    0x20000020   Section       20  system_stm32f10x.o(.data)
    .data                                    0x20000034   Section        4  stdio_streams.o(.data)
    .data                                    0x20000038   Section        4  stdio_streams.o(.data)
    .data                                    0x2000003c   Section        4  stdio_streams.o(.data)
    .bss                                     0x20000040   Section      100  main.o(.bss)
    .bss                                     0x200000a4   Section       40  adc.o(.bss)
    .bss                                     0x200000cc   Section       44  dma.o(.bss)
    .bss                                     0x200000f8   Section       64  bsp_si24r1.o(.bss)
    .bss                                     0x20000138   Section       84  stdio_streams.o(.bss)
    .bss                                     0x2000018c   Section       84  stdio_streams.o(.bss)
    .bss                                     0x200001e0   Section       84  stdio_streams.o(.bss)
    .bss                                     0x20000234   Section       96  libspace.o(.bss)
    HEAP                                     0x20000298   Section      512  startup_stm32f10x_md.o(HEAP)
    Heap_Mem                                 0x20000298   Data         512  startup_stm32f10x_md.o(HEAP)
    STACK                                    0x20000498   Section     1024  startup_stm32f10x_md.o(STACK)
    Stack_Mem                                0x20000498   Data        1024  startup_stm32f10x_md.o(STACK)
    __initial_sp                             0x20000898   Data           0  startup_stm32f10x_md.o(STACK)

    Global Symbols

    Symbol Name                              Value     Ov Type        Size  Object(Section)

    BuildAttributes$$THM_ISAv4$P$D$K$B$S$PE$A:L22UL41UL21$X:L11$S22US41US21$IEEE1$IW$USESV6$~STKCKD$USESV7$~SHL$OTIME$ROPI$IEEEJ$EBA8$UX$STANDARDLIB$REQ8$PRES8$EABIv2 0x00000000   Number         0  anon$$obj.o ABSOLUTE
    __ARM_use_no_argv                        0x00000000   Number         0  main.o ABSOLUTE
    __ARM_exceptions_init                     - Undefined Weak Reference
    __alloca_initialize                       - Undefined Weak Reference
    __arm_fini_                               - Undefined Weak Reference
    __arm_preinit_                            - Undefined Weak Reference
    __cpp_initialize__aeabi_                  - Undefined Weak Reference
    __cxa_finalize                            - Undefined Weak Reference
    __rt_locale                               - Undefined Weak Reference
    __sigvec_lookup                           - Undefined Weak Reference
    __user_heap_extent                        - Undefined Weak Reference
    _atexit_init                              - Undefined Weak Reference
    _call_atexit_fns                          - Undefined Weak Reference
    _clock_init                               - Undefined Weak Reference
    _fp_trap_init                             - Undefined Weak Reference
    _fp_trap_shutdown                         - Undefined Weak Reference
    _get_lc_collate                           - Undefined Weak Reference
    _get_lc_ctype                             - Undefined Weak Reference
    _get_lc_monetary                          - Undefined Weak Reference
    _get_lc_numeric                           - Undefined Weak Reference
    _get_lc_time                              - Undefined Weak Reference
    _getenv_init                              - Undefined Weak Reference
    _handle_redirection                       - Undefined Weak Reference
    _mutex_acquire                            - Undefined Weak Reference
    _mutex_free                               - Undefined Weak Reference
    _mutex_release                            - Undefined Weak Reference
    _printf_post_padding                      - Undefined Weak Reference
    _printf_pre_padding                       - Undefined Weak Reference
    _printf_truncate_signed                   - Undefined Weak Reference
    _printf_truncate_unsigned                 - Undefined Weak Reference
    _rand_init                                - Undefined Weak Reference
    _signal_finish                            - Undefined Weak Reference
    _signal_init                              - Undefined Weak Reference
    __Vectors_Size                           0x000000ec   Number         0  startup_stm32f10x_md.o ABSOLUTE
    __Vectors                                0x08000000   Data           4  startup_stm32f10x_md.o(RESET)
    __Vectors_End                            0x080000ec   Data           0  startup_stm32f10x_md.o(RESET)
    __main                                   0x080000ed   Thumb Code     8  __main.o(!!!main)
    __scatterload                            0x080000f5   Thumb Code     0  __scatter.o(!!!scatter)
    __scatterload_rt2                        0x080000f5   Thumb Code    44  __scatter.o(!!!scatter)
    __scatterload_rt2_thumb_only             0x080000f5   Thumb Code     0  __scatter.o(!!!scatter)
    __scatterload_null                       0x08000103   Thumb Code     0  __scatter.o(!!!scatter)
    __scatterload_copy                       0x08000129   Thumb Code    26  __scatter_copy.o(!!handler_copy)
    __scatterload_zeroinit                   0x08000145   Thumb Code    28  __scatter_zi.o(!!handler_zi)
    _printf_percent                          0x08000161   Thumb Code     0  _printf_percent.o(.ARM.Collect$$_printf_percent$$00000000)
    _printf_x                                0x08000161   Thumb Code     0  _printf_x.o(.ARM.Collect$$_printf_percent$$0000000C)
    _printf_percent_end                      0x08000167   Thumb Code     0  _printf_percent_end.o(.ARM.Collect$$_printf_percent$$00000017)
    __rt_lib_init                            0x0800016b   Thumb Code     0  libinit.o(.ARM.Collect$$libinit$$00000000)
    __rt_lib_init_fp_1                       0x0800016d   Thumb Code     0  libinit2.o(.ARM.Collect$$libinit$$00000002)
    __rt_lib_init_heap_2                     0x0800016d   Thumb Code     0  libinit2.o(.ARM.Collect$$libinit$$00000005)
    __rt_lib_init_preinit_1                  0x0800016d   Thumb Code     0  libinit2.o(.ARM.Collect$$libinit$$00000004)
    __rt_lib_init_atexit_1                   0x08000175   Thumb Code     0  libinit2.o(.ARM.Collect$$libinit$$0000001B)
    __rt_lib_init_clock_1                    0x08000175   Thumb Code     0  libinit2.o(.ARM.Collect$$libinit$$00000021)
    __rt_lib_init_fp_trap_1                  0x08000175   Thumb Code     0  libinit2.o(.ARM.Collect$$libinit$$0000001F)
    __rt_lib_init_getenv_1                   0x08000175   Thumb Code     0  libinit2.o(.ARM.Collect$$libinit$$00000023)
    __rt_lib_init_heap_1                     0x08000175   Thumb Code     0  libinit2.o(.ARM.Collect$$libinit$$0000000A)
    __rt_lib_init_lc_collate_1               0x08000175   Thumb Code     0  libinit2.o(.ARM.Collect$$libinit$$00000011)
    __rt_lib_init_lc_ctype_1                 0x08000175   Thumb Code     0  libinit2.o(.ARM.Collect$$libinit$$00000013)
    __rt_lib_init_lc_monetary_1              0x08000175   Thumb Code     0  libinit2.o(.ARM.Collect$$libinit$$00000015)
    __rt_lib_init_lc_numeric_1               0x08000175   Thumb Code     0  libinit2.o(.ARM.Collect$$libinit$$00000017)
    __rt_lib_init_lc_time_1                  0x08000175   Thumb Code     0  libinit2.o(.ARM.Collect$$libinit$$00000019)
    __rt_lib_init_rand_1                     0x08000175   Thumb Code     0  libinit2.o(.ARM.Collect$$libinit$$0000000E)
    __rt_lib_init_signal_1                   0x08000175   Thumb Code     0  libinit2.o(.ARM.Collect$$libinit$$0000001D)
    __rt_lib_init_stdio_2                    0x08000175   Thumb Code     0  libinit2.o(.ARM.Collect$$libinit$$00000024)
    __rt_lib_init_user_alloc_1               0x08000175   Thumb Code     0  libinit2.o(.ARM.Collect$$libinit$$0000000C)
    __rt_lib_init_alloca_1                   0x08000179   Thumb Code     0  libinit2.o(.ARM.Collect$$libinit$$0000002E)
    __rt_lib_init_argv_1                     0x08000179   Thumb Code     0  libinit2.o(.ARM.Collect$$libinit$$0000002C)
    __rt_lib_init_cpp_1                      0x08000179   Thumb Code     0  libinit2.o(.ARM.Collect$$libinit$$00000032)
    __rt_lib_init_exceptions_1               0x08000179   Thumb Code     0  libinit2.o(.ARM.Collect$$libinit$$00000030)
    __rt_lib_init_return                     0x08000179   Thumb Code     0  libinit2.o(.ARM.Collect$$libinit$$00000033)
    __rt_lib_init_stdio_1                    0x08000179   Thumb Code     0  libinit2.o(.ARM.Collect$$libinit$$00000025)
    __rt_lib_shutdown                        0x0800017b   Thumb Code     0  libshutdown.o(.ARM.Collect$$libshutdown$$00000000)
    __rt_lib_shutdown_cpp_1                  0x0800017d   Thumb Code     0  libshutdown2.o(.ARM.Collect$$libshutdown$$00000004)
    __rt_lib_shutdown_fini_1                 0x0800017d   Thumb Code     0  libshutdown2.o(.ARM.Collect$$libshutdown$$00000002)
    __rt_lib_shutdown_stdio_2                0x0800017d   Thumb Code     0  libshutdown2.o(.ARM.Collect$$libshutdown$$00000005)
    __rt_lib_shutdown_fp_trap_1              0x08000181   Thumb Code     0  libshutdown2.o(.ARM.Collect$$libshutdown$$00000009)
    __rt_lib_shutdown_heap_1                 0x08000181   Thumb Code     0  libshutdown2.o(.ARM.Collect$$libshutdown$$00000011)
    __rt_lib_shutdown_return                 0x08000181   Thumb Code     0  libshutdown2.o(.ARM.Collect$$libshutdown$$00000012)
    __rt_lib_shutdown_signal_1               0x08000181   Thumb Code     0  libshutdown2.o(.ARM.Collect$$libshutdown$$0000000C)
    __rt_lib_shutdown_stdio_1                0x08000181   Thumb Code     0  libshutdown2.o(.ARM.Collect$$libshutdown$$00000006)
    __rt_lib_shutdown_user_alloc_1           0x08000181   Thumb Code     0  libshutdown2.o(.ARM.Collect$$libshutdown$$0000000E)
    __rt_entry                               0x08000183   Thumb Code     0  __rtentry.o(.ARM.Collect$$rtentry$$00000000)
    __rt_entry_presh_1                       0x08000183   Thumb Code     0  __rtentry2.o(.ARM.Collect$$rtentry$$00000002)
    __rt_entry_sh                            0x08000183   Thumb Code     0  __rtentry4.o(.ARM.Collect$$rtentry$$00000004)
    __rt_entry_li                            0x08000189   Thumb Code     0  __rtentry2.o(.ARM.Collect$$rtentry$$0000000A)
    __rt_entry_postsh_1                      0x08000189   Thumb Code     0  __rtentry2.o(.ARM.Collect$$rtentry$$00000009)
    __rt_entry_main                          0x0800018d   Thumb Code     0  __rtentry2.o(.ARM.Collect$$rtentry$$0000000D)
    __rt_entry_postli_1                      0x0800018d   Thumb Code     0  __rtentry2.o(.ARM.Collect$$rtentry$$0000000C)
    __rt_exit                                0x08000195   Thumb Code     0  rtexit.o(.ARM.Collect$$rtexit$$00000000)
    __rt_exit_ls                             0x08000197   Thumb Code     0  rtexit2.o(.ARM.Collect$$rtexit$$00000003)
    __rt_exit_prels_1                        0x08000197   Thumb Code     0  rtexit2.o(.ARM.Collect$$rtexit$$00000002)
    __rt_exit_exit                           0x0800019b   Thumb Code     0  rtexit2.o(.ARM.Collect$$rtexit$$00000004)
    Reset_Handler                            0x080001a1   Thumb Code     8  startup_stm32f10x_md.o(.text)
    _maybe_terminate_alloc                   0x080001a1   Thumb Code     0  maybetermalloc1.o(.emb_text)
    ADC1_2_IRQHandler                        0x080001bb   Thumb Code     0  startup_stm32f10x_md.o(.text)
    CAN1_RX1_IRQHandler                      0x080001bb   Thumb Code     0  startup_stm32f10x_md.o(.text)
    CAN1_SCE_IRQHandler                      0x080001bb   Thumb Code     0  startup_stm32f10x_md.o(.text)
    DMA1_Channel1_IRQHandler                 0x080001bb   Thumb Code     0  startup_stm32f10x_md.o(.text)
    DMA1_Channel2_IRQHandler                 0x080001bb   Thumb Code     0  startup_stm32f10x_md.o(.text)
    DMA1_Channel3_IRQHandler                 0x080001bb   Thumb Code     0  startup_stm32f10x_md.o(.text)
    DMA1_Channel4_IRQHandler                 0x080001bb   Thumb Code     0  startup_stm32f10x_md.o(.text)
    DMA1_Channel5_IRQHandler                 0x080001bb   Thumb Code     0  startup_stm32f10x_md.o(.text)
    DMA1_Channel6_IRQHandler                 0x080001bb   Thumb Code     0  startup_stm32f10x_md.o(.text)
    DMA1_Channel7_IRQHandler                 0x080001bb   Thumb Code     0  startup_stm32f10x_md.o(.text)
    EXTI0_IRQHandler                         0x080001bb   Thumb Code     0  startup_stm32f10x_md.o(.text)
    EXTI15_10_IRQHandler                     0x080001bb   Thumb Code     0  startup_stm32f10x_md.o(.text)
    EXTI1_IRQHandler                         0x080001bb   Thumb Code     0  startup_stm32f10x_md.o(.text)
    EXTI2_IRQHandler                         0x080001bb   Thumb Code     0  startup_stm32f10x_md.o(.text)
    EXTI3_IRQHandler                         0x080001bb   Thumb Code     0  startup_stm32f10x_md.o(.text)
    EXTI4_IRQHandler                         0x080001bb   Thumb Code     0  startup_stm32f10x_md.o(.text)
    EXTI9_5_IRQHandler                       0x080001bb   Thumb Code     0  startup_stm32f10x_md.o(.text)
    FLASH_IRQHandler                         0x080001bb   Thumb Code     0  startup_stm32f10x_md.o(.text)
    I2C1_ER_IRQHandler                       0x080001bb   Thumb Code     0  startup_stm32f10x_md.o(.text)
    I2C1_EV_IRQHandler                       0x080001bb   Thumb Code     0  startup_stm32f10x_md.o(.text)
    I2C2_ER_IRQHandler                       0x080001bb   Thumb Code     0  startup_stm32f10x_md.o(.text)
    I2C2_EV_IRQHandler                       0x080001bb   Thumb Code     0  startup_stm32f10x_md.o(.text)
    PVD_IRQHandler                           0x080001bb   Thumb Code     0  startup_stm32f10x_md.o(.text)
    RCC_IRQHandler                           0x080001bb   Thumb Code     0  startup_stm32f10x_md.o(.text)
    RTCAlarm_IRQHandler                      0x080001bb   Thumb Code     0  startup_stm32f10x_md.o(.text)
    RTC_IRQHandler                           0x080001bb   Thumb Code     0  startup_stm32f10x_md.o(.text)
    SPI1_IRQHandler                          0x080001bb   Thumb Code     0  startup_stm32f10x_md.o(.text)
    SPI2_IRQHandler                          0x080001bb   Thumb Code     0  startup_stm32f10x_md.o(.text)
    TAMPER_IRQHandler                        0x080001bb   Thumb Code     0  startup_stm32f10x_md.o(.text)
    TIM1_BRK_IRQHandler                      0x080001bb   Thumb Code     0  startup_stm32f10x_md.o(.text)
    TIM1_CC_IRQHandler                       0x080001bb   Thumb Code     0  startup_stm32f10x_md.o(.text)
    TIM1_TRG_COM_IRQHandler                  0x080001bb   Thumb Code     0  startup_stm32f10x_md.o(.text)
    TIM1_UP_IRQHandler                       0x080001bb   Thumb Code     0  startup_stm32f10x_md.o(.text)
    TIM2_IRQHandler                          0x080001bb   Thumb Code     0  startup_stm32f10x_md.o(.text)
    TIM4_IRQHandler                          0x080001bb   Thumb Code     0  startup_stm32f10x_md.o(.text)
    USART1_IRQHandler                        0x080001bb   Thumb Code     0  startup_stm32f10x_md.o(.text)
    USART2_IRQHandler                        0x080001bb   Thumb Code     0  startup_stm32f10x_md.o(.text)
    USART3_IRQHandler                        0x080001bb   Thumb Code     0  startup_stm32f10x_md.o(.text)
    USBWakeUp_IRQHandler                     0x080001bb   Thumb Code     0  startup_stm32f10x_md.o(.text)
    USB_HP_CAN1_TX_IRQHandler                0x080001bb   Thumb Code     0  startup_stm32f10x_md.o(.text)
    USB_LP_CAN1_RX0_IRQHandler               0x080001bb   Thumb Code     0  startup_stm32f10x_md.o(.text)
    WWDG_IRQHandler                          0x080001bb   Thumb Code     0  startup_stm32f10x_md.o(.text)
    __user_initial_stackheap                 0x080001bd   Thumb Code     0  startup_stm32f10x_md.o(.text)
    __2printf                                0x080001e1   Thumb Code    20  noretval__2printf.o(.text)
    __printf                                 0x080001f9   Thumb Code   104  __printf.o(.text)
    _printf_int_hex                          0x08000261   Thumb Code    84  _printf_hex_int.o(.text)
    _printf_longlong_hex                     0x08000261   Thumb Code     0  _printf_hex_int.o(.text)
    __use_two_region_memory                  0x080002b9   Thumb Code     2  heapauxi.o(.text)
    __rt_heap_escrow                         0x080002bb   Thumb Code     2  heapauxi.o(.text)
    __rt_heap_expand                         0x080002bd   Thumb Code     2  heapauxi.o(.text)
    _printf_int_common                       0x080002bf   Thumb Code   178  _printf_intcommon.o(.text)
    _printf_char_file                        0x08000371   Thumb Code    32  _printf_char_file.o(.text)
    __aeabi_errno_addr                       0x08000395   Thumb Code     8  rt_errno_addr_intlibspace.o(.text)
    __errno$intlibspace                      0x08000395   Thumb Code     0  rt_errno_addr_intlibspace.o(.text)
    __rt_errno_addr$intlibspace              0x08000395   Thumb Code     0  rt_errno_addr_intlibspace.o(.text)
    _printf_char_common                      0x080003a7   Thumb Code    32  _printf_char_common.o(.text)
    ferror                                   0x080003cd   Thumb Code     8  ferror.o(.text)
    _initio                                  0x080003d5   Thumb Code   210  initio.o(.text)
    _terminateio                             0x080004a7   Thumb Code    56  initio.o(.text)
    _sys_open                                0x0800050d   Thumb Code    20  sys_io.o(.text)
    _sys_close                               0x08000521   Thumb Code    12  sys_io.o(.text)
    _sys_write                               0x0800052d   Thumb Code    16  sys_io.o(.text)
    _sys_read                                0x0800053d   Thumb Code    14  sys_io.o(.text)
    _sys_istty                               0x0800054b   Thumb Code    12  sys_io.o(.text)
    _sys_seek                                0x08000557   Thumb Code    14  sys_io.o(.text)
    _sys_ensure                              0x08000565   Thumb Code     2  sys_io.o(.text)
    _sys_flen                                0x08000567   Thumb Code    12  sys_io.o(.text)
    __user_libspace                          0x08000575   Thumb Code     8  libspace.o(.text)
    __user_perproc_libspace                  0x08000575   Thumb Code     0  libspace.o(.text)
    __user_perthread_libspace                0x08000575   Thumb Code     0  libspace.o(.text)
    __user_setup_stackheap                   0x0800057d   Thumb Code    74  sys_stackheap_outer.o(.text)
    free                                     0x080005c7   Thumb Code    78  h1_free.o(.text)
    __flsbuf                                 0x08000615   Thumb Code   470  flsbuf.o(.text)
    __flsbuf_byte                            0x08000615   Thumb Code     0  flsbuf.o(.text)
    __flsbuf_wide                            0x08000615   Thumb Code     0  flsbuf.o(.text)
    setvbuf                                  0x080007eb   Thumb Code    70  setvbuf.o(.text)
    freopen                                  0x08000831   Thumb Code   158  fopen.o(.text)
    fopen                                    0x080008cf   Thumb Code    74  fopen.o(.text)
    _fclose_internal                         0x0800091d   Thumb Code    76  fclose.o(.text)
    fclose                                   0x0800091d   Thumb Code     0  fclose.o(.text)
    exit                                     0x08000969   Thumb Code    18  exit.o(.text)
    __rt_SIGRTRED                            0x0800097b   Thumb Code    14  defsig_rtred_outer.o(.text)
    __aeabi_memclr4                          0x08000989   Thumb Code     0  rt_memclr_w.o(.text)
    __aeabi_memclr8                          0x08000989   Thumb Code     0  rt_memclr_w.o(.text)
    __rt_memclr_w                            0x08000989   Thumb Code    78  rt_memclr_w.o(.text)
    _memset_w                                0x0800098d   Thumb Code     0  rt_memclr_w.o(.text)
    __I$use$semihosting                      0x080009d7   Thumb Code     0  use_no_semi.o(.text)
    __use_no_semihosting_swi                 0x080009d7   Thumb Code     2  use_no_semi.o(.text)
    __rt_heap_descriptor                     0x080009d9   Thumb Code     8  rt_heap_descriptor_intlibspace.o(.text)
    __semihosting_library_function           0x080009d9   Thumb Code     0  indicate_semi.o(.text)
    __use_no_heap                            0x080009e1   Thumb Code     2  hguard.o(.text)
    __heap$guard                             0x080009e3   Thumb Code     2  hguard.o(.text)
    _terminate_user_alloc                    0x080009e5   Thumb Code     2  init_alloc.o(.text)
    _init_user_alloc                         0x080009e7   Thumb Code     2  init_alloc.o(.text)
    __Heap_Full                              0x080009e9   Thumb Code    34  init_alloc.o(.text)
    __Heap_Broken                            0x08000a0b   Thumb Code     6  init_alloc.o(.text)
    _init_alloc                              0x08000a11   Thumb Code    94  init_alloc.o(.text)
    malloc                                   0x08000a6f   Thumb Code    94  h1_alloc.o(.text)
    _fseek                                   0x08000acd   Thumb Code   242  fseek.o(.text)
    fseek                                    0x08000acd   Thumb Code     0  fseek.o(.text)
    _seterr                                  0x08000bc5   Thumb Code    20  stdio.o(.text)
    _writebuf                                0x08000bd9   Thumb Code    84  stdio.o(.text)
    _fflush                                  0x08000c2d   Thumb Code    70  stdio.o(.text)
    _deferredlazyseek                        0x08000c73   Thumb Code    60  stdio.o(.text)
    __sig_exit                               0x08000cb5   Thumb Code    10  defsig_exit.o(.text)
    __rt_SIGRTRED_inner                      0x08000cc1   Thumb Code    14  defsig_rtred_inner.o(.text)
    strlen                                   0x08000cf5   Thumb Code    62  strlen.o(.text)
    _sys_exit                                0x08000d35   Thumb Code     8  sys_exit.o(.text)
    __Heap_Initialize                        0x08000d41   Thumb Code    10  h1_init.o(.text)
    __Heap_DescSize                          0x08000d4b   Thumb Code     4  h1_init.o(.text)
    __Heap_ProvideMemory                     0x08000d4f   Thumb Code    52  h1_extend.o(.text)
    _ftell_internal                          0x08000d83   Thumb Code    66  ftell.o(.text)
    ftell                                    0x08000d83   Thumb Code     0  ftell.o(.text)
    __default_signal_display                 0x08000dc5   Thumb Code    50  defsig_general.o(.text)
    __rt_SIGRTMEM                            0x08000df7   Thumb Code    14  defsig_rtmem_outer.o(.text)
    _ttywrch                                 0x08000e05   Thumb Code    14  sys_wrch.o(.text)
    __rt_SIGRTMEM_inner                      0x08000e15   Thumb Code    22  defsig_rtmem_inner.o(.text)
    ADC_Cmd                                  0x08000e65   Thumb Code    22  stm32f10x_adc.o(i.ADC_Cmd)
    ADC_GetCalibrationStatus                 0x08000e7b   Thumb Code    20  stm32f10x_adc.o(i.ADC_GetCalibrationStatus)
    ADC_GetResetCalibrationStatus            0x08000e8f   Thumb Code    20  stm32f10x_adc.o(i.ADC_GetResetCalibrationStatus)
    ADC_Init                                 0x08000ea5   Thumb Code    70  stm32f10x_adc.o(i.ADC_Init)
    ADC_ResetCalibration                     0x08000ef5   Thumb Code    10  stm32f10x_adc.o(i.ADC_ResetCalibration)
    ADC_StartCalibration                     0x08000eff   Thumb Code    10  stm32f10x_adc.o(i.ADC_StartCalibration)
    BusFault_Handler                         0x08000f09   Thumb Code     4  stm32f10x_it.o(i.BusFault_Handler)
    DMA_ClearFlag                            0x08000f0d   Thumb Code    18  stm32f10x_dma.o(i.DMA_ClearFlag)
    DMA_Cmd                                  0x08000f29   Thumb Code    24  stm32f10x_dma.o(i.DMA_Cmd)
    DMA_DeInit                               0x08000f41   Thumb Code   324  stm32f10x_dma.o(i.DMA_DeInit)
    DMA_GetFlagStatus                        0x0800108d   Thumb Code    36  stm32f10x_dma.o(i.DMA_GetFlagStatus)
    DMA_Init                                 0x080010b9   Thumb Code    60  stm32f10x_dma.o(i.DMA_Init)
    DMA_Init_JX                              0x080010f5   Thumb Code    82  dma.o(i.DMA_Init_JX)
    DMA_SetCurrDataCounter                   0x08001155   Thumb Code     4  stm32f10x_dma.o(i.DMA_SetCurrDataCounter)
    DebugMon_Handler                         0x08001159   Thumb Code     2  stm32f10x_it.o(i.DebugMon_Handler)
    GPIO_Init                                0x0800115b   Thumb Code   278  stm32f10x_gpio.o(i.GPIO_Init)
    GPIO_PinRemapConfig                      0x08001271   Thumb Code   138  stm32f10x_gpio.o(i.GPIO_PinRemapConfig)
    GPIO_ReadInputDataBit                    0x08001301   Thumb Code    18  stm32f10x_gpio.o(i.GPIO_ReadInputDataBit)
    GPIO_ResetBits                           0x08001313   Thumb Code     4  stm32f10x_gpio.o(i.GPIO_ResetBits)
    GPIO_SetBits                             0x08001317   Thumb Code     4  stm32f10x_gpio.o(i.GPIO_SetBits)
    HardFault_Handler                        0x0800131b   Thumb Code     4  stm32f10x_it.o(i.HardFault_Handler)
    KEY_Init_JX                              0x08001321   Thumb Code   112  key.o(i.KEY_Init_JX)
    LCD_Address_Set                          0x080013a1   Thumb Code    66  oled.o(i.LCD_Address_Set)
    LCD_DrawPoint                            0x080013e3   Thumb Code    32  oled.o(i.LCD_DrawPoint)
    LCD_Fill                                 0x08001405   Thumb Code   212  oled.o(i.LCD_Fill)
    LCD_Init                                 0x080014e5   Thumb Code   390  oled.o(i.LCD_Init)
    LCD_ShowChar                             0x08001671   Thumb Code   320  oled.o(i.LCD_ShowChar)
    LCD_ShowIntNum                           0x080017c1   Thumb Code   150  oled.o(i.LCD_ShowIntNum)
    LCD_ShowString                           0x08001857   Thumb Code    66  oled.o(i.LCD_ShowString)
    LCD_WR_DATA                              0x08001899   Thumb Code    18  oled.o(i.LCD_WR_DATA)
    LCD_WR_DATA8                             0x080018ab   Thumb Code    12  oled.o(i.LCD_WR_DATA8)
    LCD_WR_REG                               0x080018b9   Thumb Code    28  oled.o(i.LCD_WR_REG)
    LCD_Writ_Bus                             0x080018d9   Thumb Code    50  oled.o(i.LCD_Writ_Bus)
    LED_Init_JX                              0x08001915   Thumb Code    62  led.o(i.LED_Init_JX)
    MYADC_Init                               0x0800195d   Thumb Code   138  adc.o(i.MYADC_Init)
    MYDMA_Config1                            0x080019f1   Thumb Code    86  dma.o(i.MYDMA_Config1)
    MYDMA_Enable                             0x08001a51   Thumb Code    32  dma.o(i.MYDMA_Enable)
    MemManage_Handler                        0x08001a79   Thumb Code     4  stm32f10x_it.o(i.MemManage_Handler)
    NMI_Handler                              0x08001a7d   Thumb Code     2  stm32f10x_it.o(i.NMI_Handler)
    NVIC_Init                                0x08001a81   Thumb Code   100  misc.o(i.NVIC_Init)
    NVIC_PriorityGroupConfig                 0x08001af1   Thumb Code    10  misc.o(i.NVIC_PriorityGroupConfig)
    PendSV_Handler                           0x08001bd1   Thumb Code     2  stm32f10x_it.o(i.PendSV_Handler)
    RCC_ADCCLKConfig                         0x08001bd5   Thumb Code    18  stm32f10x_rcc.o(i.RCC_ADCCLKConfig)
    RCC_AHBPeriphClockCmd                    0x08001bed   Thumb Code    26  stm32f10x_rcc.o(i.RCC_AHBPeriphClockCmd)
    RCC_APB1PeriphClockCmd                   0x08001c0d   Thumb Code    26  stm32f10x_rcc.o(i.RCC_APB1PeriphClockCmd)
    RCC_APB2PeriphClockCmd                   0x08001c2d   Thumb Code    26  stm32f10x_rcc.o(i.RCC_APB2PeriphClockCmd)
    SI24R1_Init                              0x08001c4d   Thumb Code   202  bsp_si24r1.o(i.SI24R1_Init)
    SI24R1_Mode_NOACK                        0x08001d21   Thumb Code   192  bsp_si24r1.o(i.SI24R1_Mode_NOACK)
    SI24R1_Read_Buf                          0x08001de9   Thumb Code    64  bsp_si24r1.o(i.SI24R1_Read_Buf)
    SI24R1_Read_Reg                          0x08001e2d   Thumb Code    42  bsp_si24r1.o(i.SI24R1_Read_Reg)
    SI24R1_TxPacket                          0x08001e5d   Thumb Code   152  bsp_si24r1.o(i.SI24R1_TxPacket)
    SI24R1_Write_Buf                         0x08001f41   Thumb Code    64  bsp_si24r1.o(i.SI24R1_Write_Buf)
    SI24R1_Write_Reg                         0x08001f85   Thumb Code    44  bsp_si24r1.o(i.SI24R1_Write_Reg)
    SI2R4_Check                              0x08001fb5   Thumb Code    72  bsp_si24r1.o(i.SI2R4_Check)
    SPI2_SetSpeed                            0x08002005   Thumb Code    24  spi.o(i.SPI2_SetSpeed)
    SPI_Cmd                                  0x08002021   Thumb Code    24  stm32f10x_spi.o(i.SPI_Cmd)
    SPI_I2S_DMACmd                           0x08002039   Thumb Code    18  stm32f10x_spi.o(i.SPI_I2S_DMACmd)
    SPI_I2S_GetFlagStatus                    0x0800204b   Thumb Code    18  stm32f10x_spi.o(i.SPI_I2S_GetFlagStatus)
    SPI_I2S_ReceiveData                      0x0800205d   Thumb Code     6  stm32f10x_spi.o(i.SPI_I2S_ReceiveData)
    SPI_I2S_SendData                         0x08002063   Thumb Code     4  stm32f10x_spi.o(i.SPI_I2S_SendData)
    SPI_Init                                 0x08002067   Thumb Code    60  stm32f10x_spi.o(i.SPI_Init)
    SVC_Handler                              0x08002163   Thumb Code     2  stm32f10x_it.o(i.SVC_Handler)
    SysTick_CLKSourceConfig                  0x0800224d   Thumb Code    40  misc.o(i.SysTick_CLKSourceConfig)
    SysTick_Handler                          0x08002275   Thumb Code     2  stm32f10x_it.o(i.SysTick_Handler)
    SystemInit                               0x08002279   Thumb Code    78  system_stm32f10x.o(i.SystemInit)
    TIM3_IRQHandler                          0x080022d9   Thumb Code    56  stm32f10x_it.o(i.TIM3_IRQHandler)
    TIM3_Time_Init                           0x08002321   Thumb Code    88  timer.o(i.TIM3_Time_Init)
    TIM_ClearITPendingBit                    0x0800237d   Thumb Code     6  stm32f10x_tim.o(i.TIM_ClearITPendingBit)
    TIM_Cmd                                  0x08002383   Thumb Code    24  stm32f10x_tim.o(i.TIM_Cmd)
    TIM_GetITStatus                          0x0800239b   Thumb Code    34  stm32f10x_tim.o(i.TIM_GetITStatus)
    TIM_ITConfig                             0x080023bd   Thumb Code    18  stm32f10x_tim.o(i.TIM_ITConfig)
    TIM_TimeBaseInit                         0x080023d1   Thumb Code   122  stm32f10x_tim.o(i.TIM_TimeBaseInit)
    UG_Init                                  0x08002475   Thumb Code   138  ugui.o(i.UG_Init)
    UG_SelectGUI                             0x08002505   Thumb Code    10  ugui.o(i.UG_SelectGUI)
    UsageFault_Handler                       0x08002515   Thumb Code     4  stm32f10x_it.o(i.UsageFault_Handler)
    delay                                    0x08002519   Thumb Code    12  oled.o(i.delay)
    delay_Init                               0x08002525   Thumb Code    52  delay.o(i.delay_Init)
    delay_ms                                 0x08002569   Thumb Code    80  delay.o(i.delay_ms)
    fputc                                    0x080025bd   Thumb Code    26  fputc.o(i.fputc)
    main                                     0x080025d9   Thumb Code   202  main.o(i.main)
    mypow                                    0x080026d5   Thumb Code    22  oled.o(i.mypow)
    test_tx                                  0x080026ed   Thumb Code   142  bsp_si24r1.o(i.test_tx)
    F6x8                                     0x08002784   Data         552  oled.o(.constdata)
    F8X16                                    0x080029ac   Data        1520  oled.o(.constdata)
    ascii_1206                               0x08002f9c   Data        1140  oled.o(.constdata)
    ascii_1608                               0x08003410   Data        1520  oled.o(.constdata)
    ascii_2412                               0x08003a00   Data        4560  oled.o(.constdata)
    ascii_3216                               0x08004bd0   Data        6080  oled.o(.constdata)
    tfont12                                  0x08006390   Data         130  oled.o(.constdata)
    tfont16                                  0x08006412   Data         170  oled.o(.constdata)
    tfont24                                  0x080064bc   Data         370  oled.o(.constdata)
    tfont32                                  0x0800662e   Data         650  oled.o(.constdata)
    gImage_ouc                               0x080068b8   Data       68480  oled.o(.constdata)
    TX_ADDRESS                               0x08017438   Data           5  bsp_si24r1.o(.constdata)
    RX_ADDRESS                               0x0801743d   Data           5  bsp_si24r1.o(.constdata)
    __stdin_name                             0x0801746a   Data           4  sys_io.o(.constdata)
    __stdout_name                            0x0801746e   Data           4  sys_io.o(.constdata)
    __stderr_name                            0x08017472   Data           4  sys_io.o(.constdata)
    Region$$Table$$Base                      0x08017478   Number         0  anon$$obj.o(Region$$Table)
    Region$$Table$$Limit                     0x08017498   Number         0  anon$$obj.o(Region$$Table)
    C_TIM2_IT_Update                         0x20000000   Data           2  main.o(.data)
    One_Ms_Timing                            0x20000002   Data           1  main.o(.data)
    F_2G4_Send                               0x20000003   Data           1  main.o(.data)
    Set_flag                                 0x20000004   Data           1  main.o(.data)
    t_flag                                   0x20000005   Data           1  main.o(.data)
    DMA1_MEM_LEN                             0x2000000a   Data           2  dma.o(.data)
    tx_flag                                  0x2000001c   Data           1  bsp_si24r1.o(.data)
    SystemCoreClock                          0x20000020   Data           4  system_stm32f10x.o(.data)
    AHBPrescTable                            0x20000024   Data          16  system_stm32f10x.o(.data)
    __aeabi_stdin                            0x20000034   Data           4  stdio_streams.o(.data)
    __aeabi_stdout                           0x20000038   Data           4  stdio_streams.o(.data)
    __aeabi_stderr                           0x2000003c   Data           4  stdio_streams.o(.data)
    my_ugui1                                 0x20000040   Data         100  main.o(.bss)
    ADC1_Value                               0x200000a4   Data          40  adc.o(.bss)
    DMA_InitStructure                        0x200000cc   Data          44  dma.o(.bss)
    SI24R1_Send_Data                         0x200000f8   Data          32  bsp_si24r1.o(.bss)
    SI24R1_Receive_Data                      0x20000118   Data          32  bsp_si24r1.o(.bss)
    __stdin                                  0x20000138   Data          84  stdio_streams.o(.bss)
    __stdout                                 0x2000018c   Data          84  stdio_streams.o(.bss)
    __stderr                                 0x200001e0   Data          84  stdio_streams.o(.bss)
    __libspace_start                         0x20000234   Data          96  libspace.o(.bss)
    __temporary_stack_top$libspace           0x20000294   Data           0  libspace.o(.bss)



==============================================================================

Memory Map of the image

  Image Entry point : 0x080001a1

  Load Region LR_1 (Base: 0x08000000, Size: 0x000174d8, Max: 0xffffffff, ABSOLUTE)

    Execution Region ER_RO (Exec base: 0x08000000, Load base: 0x08000000, Size: 0x00017498, Max: 0xffffffff, ABSOLUTE)

    Exec Addr    Load Addr    Size         Type   Attr      Idx    E Section Name        Object

    0x08000000   0x08000000   0x000000ec   Data   RO         3199    RESET               startup_stm32f10x_md.o
    0x080000ec   0x080000ec   0x00000008   Code   RO         3368  * !!!main             c_w.l(__main.o)
    0x080000f4   0x080000f4   0x00000034   Code   RO         3784    !!!scatter          c_w.l(__scatter.o)
    0x08000128   0x08000128   0x0000001a   Code   RO         3786    !!handler_copy      c_w.l(__scatter_copy.o)
    0x08000142   0x08000142   0x00000002   PAD
    0x08000144   0x08000144   0x0000001c   Code   RO         3788    !!handler_zi        c_w.l(__scatter_zi.o)
    0x08000160   0x08000160   0x00000000   Code   RO         3361    .ARM.Collect$$_printf_percent$$00000000  c_w.l(_printf_percent.o)
    0x08000160   0x08000160   0x00000006   Code   RO         3359    .ARM.Collect$$_printf_percent$$0000000C  c_w.l(_printf_x.o)
    0x08000166   0x08000166   0x00000004   Code   RO         3427    .ARM.Collect$$_printf_percent$$00000017  c_w.l(_printf_percent_end.o)
    0x0800016a   0x0800016a   0x00000002   Code   RO         3579    .ARM.Collect$$libinit$$00000000  c_w.l(libinit.o)
    0x0800016c   0x0800016c   0x00000000   Code   RO         3581    .ARM.Collect$$libinit$$00000002  c_w.l(libinit2.o)
    0x0800016c   0x0800016c   0x00000000   Code   RO         3583    .ARM.Collect$$libinit$$00000004  c_w.l(libinit2.o)
    0x0800016c   0x0800016c   0x00000008   Code   RO         3584    .ARM.Collect$$libinit$$00000005  c_w.l(libinit2.o)
    0x08000174   0x08000174   0x00000000   Code   RO         3586    .ARM.Collect$$libinit$$0000000A  c_w.l(libinit2.o)
    0x08000174   0x08000174   0x00000000   Code   RO         3588    .ARM.Collect$$libinit$$0000000C  c_w.l(libinit2.o)
    0x08000174   0x08000174   0x00000000   Code   RO         3590    .ARM.Collect$$libinit$$0000000E  c_w.l(libinit2.o)
    0x08000174   0x08000174   0x00000000   Code   RO         3593    .ARM.Collect$$libinit$$00000011  c_w.l(libinit2.o)
    0x08000174   0x08000174   0x00000000   Code   RO         3595    .ARM.Collect$$libinit$$00000013  c_w.l(libinit2.o)
    0x08000174   0x08000174   0x00000000   Code   RO         3597    .ARM.Collect$$libinit$$00000015  c_w.l(libinit2.o)
    0x08000174   0x08000174   0x00000000   Code   RO         3599    .ARM.Collect$$libinit$$00000017  c_w.l(libinit2.o)
    0x08000174   0x08000174   0x00000000   Code   RO         3601    .ARM.Collect$$libinit$$00000019  c_w.l(libinit2.o)
    0x08000174   0x08000174   0x00000000   Code   RO         3603    .ARM.Collect$$libinit$$0000001B  c_w.l(libinit2.o)
    0x08000174   0x08000174   0x00000000   Code   RO         3605    .ARM.Collect$$libinit$$0000001D  c_w.l(libinit2.o)
    0x08000174   0x08000174   0x00000000   Code   RO         3607    .ARM.Collect$$libinit$$0000001F  c_w.l(libinit2.o)
    0x08000174   0x08000174   0x00000000   Code   RO         3609    .ARM.Collect$$libinit$$00000021  c_w.l(libinit2.o)
    0x08000174   0x08000174   0x00000000   Code   RO         3611    .ARM.Collect$$libinit$$00000023  c_w.l(libinit2.o)
    0x08000174   0x08000174   0x00000004   Code   RO         3612    .ARM.Collect$$libinit$$00000024  c_w.l(libinit2.o)
    0x08000178   0x08000178   0x00000000   Code   RO         3613    .ARM.Collect$$libinit$$00000025  c_w.l(libinit2.o)
    0x08000178   0x08000178   0x00000000   Code   RO         3617    .ARM.Collect$$libinit$$0000002C  c_w.l(libinit2.o)
    0x08000178   0x08000178   0x00000000   Code   RO         3619    .ARM.Collect$$libinit$$0000002E  c_w.l(libinit2.o)
    0x08000178   0x08000178   0x00000000   Code   RO         3621    .ARM.Collect$$libinit$$00000030  c_w.l(libinit2.o)
    0x08000178   0x08000178   0x00000000   Code   RO         3623    .ARM.Collect$$libinit$$00000032  c_w.l(libinit2.o)
    0x08000178   0x08000178   0x00000002   Code   RO         3624    .ARM.Collect$$libinit$$00000033  c_w.l(libinit2.o)
    0x0800017a   0x0800017a   0x00000002   Code   RO         3763    .ARM.Collect$$libshutdown$$00000000  c_w.l(libshutdown.o)
    0x0800017c   0x0800017c   0x00000000   Code   RO         3626    .ARM.Collect$$libshutdown$$00000002  c_w.l(libshutdown2.o)
    0x0800017c   0x0800017c   0x00000000   Code   RO         3628    .ARM.Collect$$libshutdown$$00000004  c_w.l(libshutdown2.o)
    0x0800017c   0x0800017c   0x00000004   Code   RO         3629    .ARM.Collect$$libshutdown$$00000005  c_w.l(libshutdown2.o)
    0x08000180   0x08000180   0x00000000   Code   RO         3630    .ARM.Collect$$libshutdown$$00000006  c_w.l(libshutdown2.o)
    0x08000180   0x08000180   0x00000000   Code   RO         3633    .ARM.Collect$$libshutdown$$00000009  c_w.l(libshutdown2.o)
    0x08000180   0x08000180   0x00000000   Code   RO         3636    .ARM.Collect$$libshutdown$$0000000C  c_w.l(libshutdown2.o)
    0x08000180   0x08000180   0x00000000   Code   RO         3638    .ARM.Collect$$libshutdown$$0000000E  c_w.l(libshutdown2.o)
    0x08000180   0x08000180   0x00000000   Code   RO         3641    .ARM.Collect$$libshutdown$$00000011  c_w.l(libshutdown2.o)
    0x08000180   0x08000180   0x00000002   Code   RO         3642    .ARM.Collect$$libshutdown$$00000012  c_w.l(libshutdown2.o)
    0x08000182   0x08000182   0x00000000   Code   RO         3420    .ARM.Collect$$rtentry$$00000000  c_w.l(__rtentry.o)
    0x08000182   0x08000182   0x00000000   Code   RO         3448    .ARM.Collect$$rtentry$$00000002  c_w.l(__rtentry2.o)
    0x08000182   0x08000182   0x00000006   Code   RO         3460    .ARM.Collect$$rtentry$$00000004  c_w.l(__rtentry4.o)
    0x08000188   0x08000188   0x00000000   Code   RO         3450    .ARM.Collect$$rtentry$$00000009  c_w.l(__rtentry2.o)
    0x08000188   0x08000188   0x00000004   Code   RO         3451    .ARM.Collect$$rtentry$$0000000A  c_w.l(__rtentry2.o)
    0x0800018c   0x0800018c   0x00000000   Code   RO         3453    .ARM.Collect$$rtentry$$0000000C  c_w.l(__rtentry2.o)
    0x0800018c   0x0800018c   0x00000008   Code   RO         3454    .ARM.Collect$$rtentry$$0000000D  c_w.l(__rtentry2.o)
    0x08000194   0x08000194   0x00000002   Code   RO         3648    .ARM.Collect$$rtexit$$00000000  c_w.l(rtexit.o)
    0x08000196   0x08000196   0x00000000   Code   RO         3704    .ARM.Collect$$rtexit$$00000002  c_w.l(rtexit2.o)
    0x08000196   0x08000196   0x00000004   Code   RO         3705    .ARM.Collect$$rtexit$$00000003  c_w.l(rtexit2.o)
    0x0800019a   0x0800019a   0x00000006   Code   RO         3706    .ARM.Collect$$rtexit$$00000004  c_w.l(rtexit2.o)
    0x080001a0   0x080001a0   0x00000000   Code   RO         3710    .emb_text           c_w.l(maybetermalloc1.o)
    0x080001a0   0x080001a0   0x00000040   Code   RO         3200  * .text               startup_stm32f10x_md.o
    0x080001e0   0x080001e0   0x00000018   Code   RO         3312    .text               c_w.l(noretval__2printf.o)
    0x080001f8   0x080001f8   0x00000068   Code   RO         3314    .text               c_w.l(__printf.o)
    0x08000260   0x08000260   0x00000058   Code   RO         3321    .text               c_w.l(_printf_hex_int.o)
    0x080002b8   0x080002b8   0x00000006   Code   RO         3366    .text               c_w.l(heapauxi.o)
    0x080002be   0x080002be   0x000000b2   Code   RO         3423    .text               c_w.l(_printf_intcommon.o)
    0x08000370   0x08000370   0x00000024   Code   RO         3425    .text               c_w.l(_printf_char_file.o)
    0x08000394   0x08000394   0x00000008   Code   RO         3465    .text               c_w.l(rt_errno_addr_intlibspace.o)
    0x0800039c   0x0800039c   0x00000030   Code   RO         3467    .text               c_w.l(_printf_char_common.o)
    0x080003cc   0x080003cc   0x00000008   Code   RO         3469    .text               c_w.l(ferror.o)
    0x080003d4   0x080003d4   0x00000138   Code   RO         3475    .text               c_w.l(initio.o)
    0x0800050c   0x0800050c   0x00000066   Code   RO         3483    .text               c_w.l(sys_io.o)
    0x08000572   0x08000572   0x00000002   PAD
    0x08000574   0x08000574   0x00000008   Code   RO         3488    .text               c_w.l(libspace.o)
    0x0800057c   0x0800057c   0x0000004a   Code   RO         3493    .text               c_w.l(sys_stackheap_outer.o)
    0x080005c6   0x080005c6   0x0000004e   Code   RO         3497    .text               c_w.l(h1_free.o)
    0x08000614   0x08000614   0x000001d6   Code   RO         3553    .text               c_w.l(flsbuf.o)
    0x080007ea   0x080007ea   0x00000046   Code   RO         3555    .text               c_w.l(setvbuf.o)
    0x08000830   0x08000830   0x000000ec   Code   RO         3558    .text               c_w.l(fopen.o)
    0x0800091c   0x0800091c   0x0000004c   Code   RO         3560    .text               c_w.l(fclose.o)
    0x08000968   0x08000968   0x00000012   Code   RO         3566    .text               c_w.l(exit.o)
    0x0800097a   0x0800097a   0x0000000e   Code   RO         3568    .text               c_w.l(defsig_rtred_outer.o)
    0x08000988   0x08000988   0x0000004e   Code   RO         3572    .text               c_w.l(rt_memclr_w.o)
    0x080009d6   0x080009d6   0x00000002   Code   RO         3645    .text               c_w.l(use_no_semi.o)
    0x080009d8   0x080009d8   0x00000000   Code   RO         3647    .text               c_w.l(indicate_semi.o)
    0x080009d8   0x080009d8   0x00000008   Code   RO         3655    .text               c_w.l(rt_heap_descriptor_intlibspace.o)
    0x080009e0   0x080009e0   0x00000004   Code   RO         3657    .text               c_w.l(hguard.o)
    0x080009e4   0x080009e4   0x0000008a   Code   RO         3659    .text               c_w.l(init_alloc.o)
    0x08000a6e   0x08000a6e   0x0000005e   Code   RO         3665    .text               c_w.l(h1_alloc.o)
    0x08000acc   0x08000acc   0x000000f8   Code   RO         3681    .text               c_w.l(fseek.o)
    0x08000bc4   0x08000bc4   0x000000f0   Code   RO         3683    .text               c_w.l(stdio.o)
    0x08000cb4   0x08000cb4   0x0000000a   Code   RO         3689    .text               c_w.l(defsig_exit.o)
    0x08000cbe   0x08000cbe   0x00000002   PAD
    0x08000cc0   0x08000cc0   0x00000034   Code   RO         3691    .text               c_w.l(defsig_rtred_inner.o)
    0x08000cf4   0x08000cf4   0x0000003e   Code   RO         3695    .text               c_w.l(strlen.o)
    0x08000d32   0x08000d32   0x00000002   PAD
    0x08000d34   0x08000d34   0x0000000c   Code   RO         3701    .text               c_w.l(sys_exit.o)
    0x08000d40   0x08000d40   0x0000000e   Code   RO         3712    .text               c_w.l(h1_init.o)
    0x08000d4e   0x08000d4e   0x00000034   Code   RO         3714    .text               c_w.l(h1_extend.o)
    0x08000d82   0x08000d82   0x00000042   Code   RO         3724    .text               c_w.l(ftell.o)
    0x08000dc4   0x08000dc4   0x00000032   Code   RO         3732    .text               c_w.l(defsig_general.o)
    0x08000df6   0x08000df6   0x0000000e   Code   RO         3734    .text               c_w.l(defsig_rtmem_outer.o)
    0x08000e04   0x08000e04   0x0000000e   Code   RO         3749    .text               c_w.l(sys_wrch.o)
    0x08000e12   0x08000e12   0x00000002   PAD
    0x08000e14   0x08000e14   0x00000050   Code   RO         3757    .text               c_w.l(defsig_rtmem_inner.o)
    0x08000e64   0x08000e64   0x00000016   Code   RO         2754    i.ADC_Cmd           stm32f10x_adc.o
    0x08000e7a   0x08000e7a   0x00000014   Code   RO         2762    i.ADC_GetCalibrationStatus  stm32f10x_adc.o
    0x08000e8e   0x08000e8e   0x00000014   Code   RO         2768    i.ADC_GetResetCalibrationStatus  stm32f10x_adc.o
    0x08000ea2   0x08000ea2   0x00000002   PAD
    0x08000ea4   0x08000ea4   0x00000050   Code   RO         2772    i.ADC_Init          stm32f10x_adc.o
    0x08000ef4   0x08000ef4   0x0000000a   Code   RO         2777    i.ADC_ResetCalibration  stm32f10x_adc.o
    0x08000efe   0x08000efe   0x0000000a   Code   RO         2781    i.ADC_StartCalibration  stm32f10x_adc.o
    0x08000f08   0x08000f08   0x00000004   Code   RO         3204    i.BusFault_Handler  stm32f10x_it.o
    0x08000f0c   0x08000f0c   0x0000001c   Code   RO         3114    i.DMA_ClearFlag     stm32f10x_dma.o
    0x08000f28   0x08000f28   0x00000018   Code   RO         3116    i.DMA_Cmd           stm32f10x_dma.o
    0x08000f40   0x08000f40   0x0000014c   Code   RO         3117    i.DMA_DeInit        stm32f10x_dma.o
    0x0800108c   0x0800108c   0x0000002c   Code   RO         3119    i.DMA_GetFlagStatus  stm32f10x_dma.o
    0x080010b8   0x080010b8   0x0000003c   Code   RO         3122    i.DMA_Init          stm32f10x_dma.o
    0x080010f4   0x080010f4   0x00000060   Code   RO          541    i.DMA_Init_JX       dma.o
    0x08001154   0x08001154   0x00000004   Code   RO         3123    i.DMA_SetCurrDataCounter  stm32f10x_dma.o
    0x08001158   0x08001158   0x00000002   Code   RO         3205    i.DebugMon_Handler  stm32f10x_it.o
    0x0800115a   0x0800115a   0x00000116   Code   RO         1838    i.GPIO_Init         stm32f10x_gpio.o
    0x08001270   0x08001270   0x00000090   Code   RO         1840    i.GPIO_PinRemapConfig  stm32f10x_gpio.o
    0x08001300   0x08001300   0x00000012   Code   RO         1842    i.GPIO_ReadInputDataBit  stm32f10x_gpio.o
    0x08001312   0x08001312   0x00000004   Code   RO         1845    i.GPIO_ResetBits    stm32f10x_gpio.o
    0x08001316   0x08001316   0x00000004   Code   RO         1846    i.GPIO_SetBits      stm32f10x_gpio.o
    0x0800131a   0x0800131a   0x00000004   Code   RO         3206    i.HardFault_Handler  stm32f10x_it.o
    0x0800131e   0x0800131e   0x00000002   PAD
    0x08001320   0x08001320   0x00000080   Code   RO          208    i.KEY_Init_JX       key.o
    0x080013a0   0x080013a0   0x00000042   Code   RO          234    i.LCD_Address_Set   oled.o
    0x080013e2   0x080013e2   0x00000020   Code   RO          236    i.LCD_DrawPoint     oled.o
    0x08001402   0x08001402   0x00000002   PAD
    0x08001404   0x08001404   0x000000e0   Code   RO          238    i.LCD_Fill          oled.o
    0x080014e4   0x080014e4   0x0000018c   Code   RO          239    i.LCD_Init          oled.o
    0x08001670   0x08001670   0x00000150   Code   RO          240    i.LCD_ShowChar      oled.o
    0x080017c0   0x080017c0   0x00000096   Code   RO          247    i.LCD_ShowIntNum    oled.o
    0x08001856   0x08001856   0x00000042   Code   RO          249    i.LCD_ShowString    oled.o
    0x08001898   0x08001898   0x00000012   Code   RO          250    i.LCD_WR_DATA       oled.o
    0x080018aa   0x080018aa   0x0000000c   Code   RO          251    i.LCD_WR_DATA8      oled.o
    0x080018b6   0x080018b6   0x00000002   PAD
    0x080018b8   0x080018b8   0x00000020   Code   RO          252    i.LCD_WR_REG        oled.o
    0x080018d8   0x080018d8   0x0000003c   Code   RO          253    i.LCD_Writ_Bus      oled.o
    0x08001914   0x08001914   0x00000048   Code   RO          196    i.LED_Init_JX       led.o
    0x0800195c   0x0800195c   0x00000094   Code   RO          409    i.MYADC_Init        adc.o
    0x080019f0   0x080019f0   0x00000060   Code   RO          543    i.MYDMA_Config1     dma.o
    0x08001a50   0x08001a50   0x00000028   Code   RO          544    i.MYDMA_Enable      dma.o
    0x08001a78   0x08001a78   0x00000004   Code   RO         3207    i.MemManage_Handler  stm32f10x_it.o
    0x08001a7c   0x08001a7c   0x00000002   Code   RO         3208    i.NMI_Handler       stm32f10x_it.o
    0x08001a7e   0x08001a7e   0x00000002   PAD
    0x08001a80   0x08001a80   0x00000070   Code   RO         1796    i.NVIC_Init         misc.o
    0x08001af0   0x08001af0   0x00000014   Code   RO         1797    i.NVIC_PriorityGroupConfig  misc.o
    0x08001b04   0x08001b04   0x000000cc   Code   RO          254    i.OLED_GPIO_SPI_Init  oled.o
    0x08001bd0   0x08001bd0   0x00000002   Code   RO         3209    i.PendSV_Handler    stm32f10x_it.o
    0x08001bd2   0x08001bd2   0x00000002   PAD
    0x08001bd4   0x08001bd4   0x00000018   Code   RO         1946    i.RCC_ADCCLKConfig  stm32f10x_rcc.o
    0x08001bec   0x08001bec   0x00000020   Code   RO         1947    i.RCC_AHBPeriphClockCmd  stm32f10x_rcc.o
    0x08001c0c   0x08001c0c   0x00000020   Code   RO         1948    i.RCC_APB1PeriphClockCmd  stm32f10x_rcc.o
    0x08001c2c   0x08001c2c   0x00000020   Code   RO         1950    i.RCC_APB2PeriphClockCmd  stm32f10x_rcc.o
    0x08001c4c   0x08001c4c   0x000000d4   Code   RO         1678    i.SI24R1_Init       bsp_si24r1.o
    0x08001d20   0x08001d20   0x000000c8   Code   RO         1679    i.SI24R1_Mode_NOACK  bsp_si24r1.o
    0x08001de8   0x08001de8   0x00000044   Code   RO         1680    i.SI24R1_Read_Buf   bsp_si24r1.o
    0x08001e2c   0x08001e2c   0x00000030   Code   RO         1681    i.SI24R1_Read_Reg   bsp_si24r1.o
    0x08001e5c   0x08001e5c   0x000000e4   Code   RO         1685    i.SI24R1_TxPacket   bsp_si24r1.o
    0x08001f40   0x08001f40   0x00000044   Code   RO         1686    i.SI24R1_Write_Buf  bsp_si24r1.o
    0x08001f84   0x08001f84   0x00000030   Code   RO         1687    i.SI24R1_Write_Reg  bsp_si24r1.o
    0x08001fb4   0x08001fb4   0x00000050   Code   RO         1688    i.SI2R4_Check       bsp_si24r1.o
    0x08002004   0x08002004   0x0000001c   Code   RO          440    i.SPI2_SetSpeed     spi.o
    0x08002020   0x08002020   0x00000018   Code   RO         2975    i.SPI_Cmd           stm32f10x_spi.o
    0x08002038   0x08002038   0x00000012   Code   RO         2981    i.SPI_I2S_DMACmd    stm32f10x_spi.o
    0x0800204a   0x0800204a   0x00000012   Code   RO         2983    i.SPI_I2S_GetFlagStatus  stm32f10x_spi.o
    0x0800205c   0x0800205c   0x00000006   Code   RO         2986    i.SPI_I2S_ReceiveData  stm32f10x_spi.o
    0x08002062   0x08002062   0x00000004   Code   RO         2987    i.SPI_I2S_SendData  stm32f10x_spi.o
    0x08002066   0x08002066   0x0000003c   Code   RO         2988    i.SPI_Init          stm32f10x_spi.o
    0x080020a2   0x080020a2   0x00000002   PAD
    0x080020a4   0x080020a4   0x000000b8   Code   RO         1689    i.SPI_RW            bsp_si24r1.o
    0x0800215c   0x0800215c   0x00000006   Code   RO         1690    i.SPI_TIMEOUT_UserCallback  bsp_si24r1.o
    0x08002162   0x08002162   0x00000002   Code   RO         3210    i.SVC_Handler       stm32f10x_it.o
    0x08002164   0x08002164   0x00000008   Code   RO         3274    i.SetSysClock       system_stm32f10x.o
    0x0800216c   0x0800216c   0x000000e0   Code   RO         3275    i.SetSysClockTo72   system_stm32f10x.o
    0x0800224c   0x0800224c   0x00000028   Code   RO         1800    i.SysTick_CLKSourceConfig  misc.o
    0x08002274   0x08002274   0x00000002   Code   RO         3211    i.SysTick_Handler   stm32f10x_it.o
    0x08002276   0x08002276   0x00000002   PAD
    0x08002278   0x08002278   0x00000060   Code   RO         3277    i.SystemInit        system_stm32f10x.o
    0x080022d8   0x080022d8   0x00000048   Code   RO         3212    i.TIM3_IRQHandler   stm32f10x_it.o
    0x08002320   0x08002320   0x0000005c   Code   RO          395    i.TIM3_Time_Init    timer.o
    0x0800237c   0x0800237c   0x00000006   Code   RO         2157    i.TIM_ClearITPendingBit  stm32f10x_tim.o
    0x08002382   0x08002382   0x00000018   Code   RO         2162    i.TIM_Cmd           stm32f10x_tim.o
    0x0800239a   0x0800239a   0x00000022   Code   RO         2183    i.TIM_GetITStatus   stm32f10x_tim.o
    0x080023bc   0x080023bc   0x00000012   Code   RO         2187    i.TIM_ITConfig      stm32f10x_tim.o
    0x080023ce   0x080023ce   0x00000002   PAD
    0x080023d0   0x080023d0   0x000000a4   Code   RO         2233    i.TIM_TimeBaseInit  stm32f10x_tim.o
    0x08002474   0x08002474   0x00000090   Code   RO          654    i.UG_Init           ugui.o
    0x08002504   0x08002504   0x00000010   Code   RO          657    i.UG_SelectGUI      ugui.o
    0x08002514   0x08002514   0x00000004   Code   RO         3213    i.UsageFault_Handler  stm32f10x_it.o
    0x08002518   0x08002518   0x0000000c   Code   RO          255    i.delay             oled.o
    0x08002524   0x08002524   0x00000044   Code   RO          170    i.delay_Init        delay.o
    0x08002568   0x08002568   0x00000054   Code   RO          171    i.delay_ms          delay.o
    0x080025bc   0x080025bc   0x0000001a   Code   RO         3472    i.fputc             c_w.l(fputc.o)
    0x080025d6   0x080025d6   0x00000002   PAD
    0x080025d8   0x080025d8   0x000000fc   Code   RO            1    i.main              main.o
    0x080026d4   0x080026d4   0x00000016   Code   RO          256    i.mypow             oled.o
    0x080026ea   0x080026ea   0x00000002   PAD
    0x080026ec   0x080026ec   0x00000098   Code   RO         1694    i.test_tx           bsp_si24r1.o
    0x08002784   0x08002784   0x00014cb4   Data   RO          257    .constdata          oled.o
    0x08017438   0x08017438   0x0000000a   Data   RO         1696    .constdata          bsp_si24r1.o
    0x08017442   0x08017442   0x00000028   Data   RO         3322    .constdata          c_w.l(_printf_hex_int.o)
    0x0801746a   0x0801746a   0x00000004   Data   RO         3484    .constdata          c_w.l(sys_io.o)
    0x0801746e   0x0801746e   0x00000004   Data   RO         3485    .constdata          c_w.l(sys_io.o)
    0x08017472   0x08017472   0x00000004   Data   RO         3486    .constdata          c_w.l(sys_io.o)
    0x08017476   0x08017476   0x00000002   PAD
    0x08017478   0x08017478   0x00000020   Data   RO         3782    Region$$Table       anon$$obj.o


    Execution Region ER_RW (Exec base: 0x20000000, Load base: 0x08017498, Size: 0x00000040, Max: 0xffffffff, ABSOLUTE)

    Exec Addr    Load Addr    Size         Type   Attr      Idx    E Section Name        Object

    0x20000000   0x08017498   0x00000006   Data   RW            3    .data               main.o
    0x20000006   0x0801749e   0x00000004   Data   RW          173    .data               delay.o
    0x2000000a   0x080174a2   0x00000002   Data   RW          546    .data               dma.o
    0x2000000c   0x080174a4   0x0000000c   Data   RW          745    .data               ugui.o
    0x20000018   0x080174b0   0x00000006   Data   RW         1697    .data               bsp_si24r1.o
    0x2000001e   0x080174b6   0x00000002   PAD
    0x20000020   0x080174b8   0x00000014   Data   RW         3278    .data               system_stm32f10x.o
    0x20000034   0x080174cc   0x00000004   Data   RW         3431    .data               c_w.l(stdio_streams.o)
    0x20000038   0x080174d0   0x00000004   Data   RW         3432    .data               c_w.l(stdio_streams.o)
    0x2000003c   0x080174d4   0x00000004   Data   RW         3433    .data               c_w.l(stdio_streams.o)


    Execution Region ER_ZI (Exec base: 0x20000040, Load base: 0x080174d8, Size: 0x00000858, Max: 0xffffffff, ABSOLUTE)

    Exec Addr    Load Addr    Size         Type   Attr      Idx    E Section Name        Object

    0x20000040        -       0x00000064   Zero   RW            2    .bss                main.o
    0x200000a4        -       0x00000028   Zero   RW          410    .bss                adc.o
    0x200000cc        -       0x0000002c   Zero   RW          545    .bss                dma.o
    0x200000f8        -       0x00000040   Zero   RW         1695    .bss                bsp_si24r1.o
    0x20000138        -       0x00000054   Zero   RW         3428    .bss                c_w.l(stdio_streams.o)
    0x2000018c        -       0x00000054   Zero   RW         3429    .bss                c_w.l(stdio_streams.o)
    0x200001e0        -       0x00000054   Zero   RW         3430    .bss                c_w.l(stdio_streams.o)
    0x20000234        -       0x00000060   Zero   RW         3489    .bss                c_w.l(libspace.o)
    0x20000294   0x080174d8   0x00000004   PAD
    0x20000298        -       0x00000200   Zero   RW         3198    HEAP                startup_stm32f10x_md.o
    0x20000498        -       0x00000400   Zero   RW         3197    STACK               startup_stm32f10x_md.o


==============================================================================

Image component sizes


      Code (inc. data)   RO Data    RW Data    ZI Data      Debug   Object Name

       148         10          0          0         40       1947   adc.o
      1294        138         10          6         64      11975   bsp_si24r1.o
         0          0          0          0          0         32   core_cm3.o
       152         20          0          4          0       1480   delay.o
       232         32          0          2         44       2626   dma.o
       128         16          0          0          0        578   key.o
        72         10          0          0          0        550   led.o
       252         50          0          6        100     275233   main.o
       172         22          0          0          0       2161   misc.o
      1630         62      85172          0          0      12666   oled.o
        28          4          0          0          0        532   spi.o
        64         26        236          0       1536        836   startup_stm32f10x_md.o
       162         10          0          0          0       5622   stm32f10x_adc.o
       492         26          0          0          0       5295   stm32f10x_dma.o
       448          6          0          0          0       4646   stm32f10x_gpio.o
        98         16          0          0          0       4868   stm32f10x_it.o
       120         24          0          0          0       2373   stm32f10x_rcc.o
       130          0          0          0          0       4615   stm32f10x_spi.o
       246         42          0          0          0       3714   stm32f10x_tim.o
       328         28          0         20          0       2425   system_stm32f10x.o
        92          4          0          0          0        617   timer.o
       160         12          0         12          0      13965   ugui.o

    ----------------------------------------------------------------------
      6468        558      85450         52       1784     358756   Object Totals
         0          0         32          0          0          0   (incl. Generated)
        20          0          0          2          0          0   (incl. Padding)

    ----------------------------------------------------------------------

      Code (inc. data)   RO Data    RW Data    ZI Data      Debug   Library Member Name

         8          0          0          0          0         68   __main.o
       104          0          0          0          0         84   __printf.o
         0          0          0          0          0          0   __rtentry.o
        12          0          0          0          0          0   __rtentry2.o
         6          0          0          0          0          0   __rtentry4.o
        52          8          0          0          0          0   __scatter.o
        26          0          0          0          0          0   __scatter_copy.o
        28          0          0          0          0          0   __scatter_zi.o
        48          6          0          0          0         96   _printf_char_common.o
        36          4          0          0          0         80   _printf_char_file.o
        88          4         40          0          0         88   _printf_hex_int.o
       178          0          0          0          0         88   _printf_intcommon.o
         0          0          0          0          0          0   _printf_percent.o
         4          0          0          0          0          0   _printf_percent_end.o
         6          0          0          0          0          0   _printf_x.o
        10          0          0          0          0         68   defsig_exit.o
        50          0          0          0          0         88   defsig_general.o
        80         58          0          0          0         76   defsig_rtmem_inner.o
        14          0          0          0          0         80   defsig_rtmem_outer.o
        52         38          0          0          0         76   defsig_rtred_inner.o
        14          0          0          0          0         80   defsig_rtred_outer.o
        18          0          0          0          0         80   exit.o
        76          0          0          0          0         88   fclose.o
         8          0          0          0          0         68   ferror.o
       470          0          0          0          0         88   flsbuf.o
       236          4          0          0          0        128   fopen.o
        26          0          0          0          0         68   fputc.o
       248          6          0          0          0         84   fseek.o
        66          0          0          0          0         76   ftell.o
        94          0          0          0          0         80   h1_alloc.o
        52          0          0          0          0         68   h1_extend.o
        78          0          0          0          0         80   h1_free.o
        14          0          0          0          0         84   h1_init.o
         6          0          0          0          0        152   heapauxi.o
         4          0          0          0          0        136   hguard.o
         0          0          0          0          0          0   indicate_semi.o
       138          0          0          0          0        168   init_alloc.o
       312         46          0          0          0        112   initio.o
         2          0          0          0          0          0   libinit.o
        14          0          0          0          0          0   libinit2.o
         2          0          0          0          0          0   libshutdown.o
         6          0          0          0          0          0   libshutdown2.o
         8          4          0          0         96         68   libspace.o
         0          0          0          0          0          0   maybetermalloc1.o
        24          4          0          0          0         84   noretval__2printf.o
         8          4          0          0          0         68   rt_errno_addr_intlibspace.o
         8          4          0          0          0         68   rt_heap_descriptor_intlibspace.o
        78          0          0          0          0         80   rt_memclr_w.o
         2          0          0          0          0          0   rtexit.o
        10          0          0          0          0          0   rtexit2.o
        70          0          0          0          0         80   setvbuf.o
       240          6          0          0          0        156   stdio.o
         0          0          0         12        252          0   stdio_streams.o
        62          0          0          0          0         76   strlen.o
        12          4          0          0          0         68   sys_exit.o
       102          0         12          0          0        240   sys_io.o
        74          0          0          0          0         80   sys_stackheap_outer.o
        14          0          0          0          0         76   sys_wrch.o
         2          0          0          0          0         68   use_no_semi.o

    ----------------------------------------------------------------------
      3412        200         54         12        352       3744   Library Totals
        12          0          2          0          4          0   (incl. Padding)

    ----------------------------------------------------------------------

      Code (inc. data)   RO Data    RW Data    ZI Data      Debug   Library Name

      3400        200         52         12        348       3744   c_w.l

    ----------------------------------------------------------------------
      3412        200         54         12        352       3744   Library Totals

    ----------------------------------------------------------------------

==============================================================================


      Code (inc. data)   RO Data    RW Data    ZI Data      Debug   

      9880        758      85504         64       2136     356256   Grand Totals
      9880        758      85504         64       2136     356256   ELF Image Totals
      9880        758      85504         64          0          0   ROM Totals

==============================================================================

    Total RO  Size (Code + RO Data)                95384 (  93.15kB)
    Total RW  Size (RW Data + ZI Data)              2200 (   2.15kB)
    Total ROM Size (Code + RO Data + RW Data)      95448 (  93.21kB)

==============================================================================

