Component: ARM Compiler 5.06 update 7 (build 960) Tool: armlink [4d3601]

==============================================================================

Section Cross References

    main.o(i.main) refers to misc.o(i.NVIC_PriorityGroupConfig) for NVIC_PriorityGroupConfig
    main.o(i.main) refers to delay.o(i.delay_Init) for delay_Init
    main.o(i.main) refers to adc.o(i.MYADC_Init) for MYADC_Init
    main.o(i.main) refers to led.o(i.LED_Init_JX) for LED_Init_JX
    main.o(i.main) refers to timer.o(i.TIM3_Time_Init) for TIM3_Time_Init
    main.o(i.main) refers to key.o(i.KEY_Init_JX) for KEY_Init_JX
    main.o(i.main) refers to dma.o(i.DMA_Init_JX) for DMA_Init_JX
    main.o(i.main) refers to bsp_si24r1.o(i.SI24R1_Init) for SI24R1_Init
    main.o(i.main) refers to ugui.o(i.UG_Init) for UG_Init
    main.o(i.main) refers to ugui.o(i.UG_SelectGUI) for UG_SelectGUI
    main.o(i.main) refers to oled.o(i.LCD_Init) for LCD_Init
    main.o(i.main) refers to oled.o(i.LCD_Fill) for LCD_Fill
    main.o(i.main) refers to bsp_si24r1.o(i.SI2R4_Check) for SI2R4_Check
    main.o(i.main) refers to oled.o(i.LCD_ShowString) for LCD_ShowString
    main.o(i.main) refers to bsp_si24r1.o(i.SI24R1_Mode_NOACK) for SI24R1_Mode_NOACK
    main.o(i.main) refers to key.o(i.RF2G4_KEY_Scan_JX) for RF2G4_KEY_Scan_JX
    main.o(i.main) refers to adc.o(i.ADC1_Value_average) for ADC1_Value_average
    main.o(i.main) refers to mk_menu.o(i.final_menu) for final_menu
    main.o(i.main) refers to oled.o(i.LCD_DrawPoint) for LCD_DrawPoint
    main.o(i.main) refers to main.o(.bss) for my_ugui1
    main.o(i.main) refers to main.o(.data) for One_Ms_Timing
    delay.o(i.delay_Init) refers to misc.o(i.SysTick_CLKSourceConfig) for SysTick_CLKSourceConfig
    delay.o(i.delay_Init) refers to system_stm32f10x.o(.data) for SystemCoreClock
    delay.o(i.delay_Init) refers to delay.o(.data) for SysTick_each_us_CNT
    delay.o(i.delay_ms) refers to delay.o(.data) for SysTick_each_ms_CNT
    delay.o(i.delay_us) refers to delay.o(.data) for SysTick_each_us_CNT
    led.o(i.LED_Init_JX) refers to stm32f10x_rcc.o(i.RCC_APB2PeriphClockCmd) for RCC_APB2PeriphClockCmd
    led.o(i.LED_Init_JX) refers to stm32f10x_gpio.o(i.GPIO_PinRemapConfig) for GPIO_PinRemapConfig
    led.o(i.LED_Init_JX) refers to stm32f10x_gpio.o(i.GPIO_Init) for GPIO_Init
    led.o(i.LED_Init_JX) refers to stm32f10x_gpio.o(i.GPIO_ResetBits) for GPIO_ResetBits
    key.o(i.KEY_Init_JX) refers to stm32f10x_rcc.o(i.RCC_APB2PeriphClockCmd) for RCC_APB2PeriphClockCmd
    key.o(i.KEY_Init_JX) refers to stm32f10x_gpio.o(i.GPIO_PinRemapConfig) for GPIO_PinRemapConfig
    key.o(i.KEY_Init_JX) refers to stm32f10x_gpio.o(i.GPIO_Init) for GPIO_Init
    key.o(i.RF2G4_KEY_Scan_JX) refers to key.o(.data) for WKUP_Cnt
    key.o(i.RF2G4_KEY_Scan_JX) refers to key.o(.bss) for F_KEY_Down
    oled.o(i.Draw_Circle) refers to oled.o(i.LCD_DrawPoint) for LCD_DrawPoint
    oled.o(i.LCD_Address_Set) refers to oled.o(i.LCD_WR_REG) for LCD_WR_REG
    oled.o(i.LCD_Address_Set) refers to oled.o(i.LCD_WR_DATA) for LCD_WR_DATA
    oled.o(i.LCD_DrawLine) refers to oled.o(i.LCD_DrawPoint) for LCD_DrawPoint
    oled.o(i.LCD_DrawPoint) refers to oled.o(i.LCD_Address_Set) for LCD_Address_Set
    oled.o(i.LCD_DrawPoint) refers to oled.o(i.LCD_WR_DATA) for LCD_WR_DATA
    oled.o(i.LCD_DrawRectangle) refers to oled.o(i.LCD_DrawLine) for LCD_DrawLine
    oled.o(i.LCD_Fill) refers to oled.o(i.LCD_Address_Set) for LCD_Address_Set
    oled.o(i.LCD_Fill) refers to stm32f10x_gpio.o(i.GPIO_ResetBits) for GPIO_ResetBits
    oled.o(i.LCD_Fill) refers to stm32f10x_spi.o(i.SPI_Cmd) for SPI_Cmd
    oled.o(i.LCD_Fill) refers to dma.o(i.MYDMA_Config1) for MYDMA_Config1
    oled.o(i.LCD_Fill) refers to stm32f10x_spi.o(i.SPI_I2S_DMACmd) for SPI_I2S_DMACmd
    oled.o(i.LCD_Fill) refers to dma.o(i.MYDMA_Enable) for MYDMA_Enable
    oled.o(i.LCD_Fill) refers to stm32f10x_dma.o(i.DMA_GetFlagStatus) for DMA_GetFlagStatus
    oled.o(i.LCD_Fill) refers to stm32f10x_dma.o(i.DMA_ClearFlag) for DMA_ClearFlag
    oled.o(i.LCD_Fill) refers to stm32f10x_gpio.o(i.GPIO_SetBits) for GPIO_SetBits
    oled.o(i.LCD_Init) refers to oled.o(i.OLED_GPIO_SPI_Init) for OLED_GPIO_SPI_Init
    oled.o(i.LCD_Init) refers to stm32f10x_gpio.o(i.GPIO_ResetBits) for GPIO_ResetBits
    oled.o(i.LCD_Init) refers to delay.o(i.delay_ms) for delay_ms
    oled.o(i.LCD_Init) refers to stm32f10x_gpio.o(i.GPIO_SetBits) for GPIO_SetBits
    oled.o(i.LCD_Init) refers to oled.o(i.LCD_WR_REG) for LCD_WR_REG
    oled.o(i.LCD_Init) refers to oled.o(i.LCD_WR_DATA8) for LCD_WR_DATA8
    oled.o(i.LCD_ShowChar) refers to oled.o(i.LCD_Address_Set) for LCD_Address_Set
    oled.o(i.LCD_ShowChar) refers to oled.o(i.LCD_WR_DATA) for LCD_WR_DATA
    oled.o(i.LCD_ShowChar) refers to oled.o(i.LCD_DrawPoint) for LCD_DrawPoint
    oled.o(i.LCD_ShowChar) refers to oled.o(.constdata) for ascii_1206
    oled.o(i.LCD_ShowChinese) refers to oled.o(i.LCD_ShowChinese12x12) for LCD_ShowChinese12x12
[...]
    ..\Core\startup_stm32f10x_md.s           0x00000000   Number         0  startup_stm32f10x_md.o ABSOLUTE
    ..\FWLib\src\misc.c                      0x00000000   Number         0  misc.o ABSOLUTE
    ..\FWLib\src\stm32f10x_adc.c             0x00000000   Number         0  stm32f10x_adc.o ABSOLUTE
    ..\FWLib\src\stm32f10x_dma.c             0x00000000   Number         0  stm32f10x_dma.o ABSOLUTE
    ..\FWLib\src\stm32f10x_exti.c            0x00000000   Number         0  stm32f10x_exti.o ABSOLUTE
    ..\FWLib\src\stm32f10x_gpio.c            0x00000000   Number         0  stm32f10x_gpio.o ABSOLUTE
    ..\FWLib\src\stm32f10x_rcc.c             0x00000000   Number         0  stm32f10x_rcc.o ABSOLUTE
    ..\FWLib\src\stm32f10x_spi.c             0x00000000   Number         0  stm32f10x_spi.o ABSOLUTE
    ..\FWLib\src\stm32f10x_tim.c             0x00000000   Number         0  stm32f10x_tim.o ABSOLUTE
    ..\System\stm32f10x_it.c                 0x00000000   Number         0  stm32f10x_it.o ABSOLUTE
    ..\System\system_stm32f10x.c             0x00000000   Number         0  system_stm32f10x.o ABSOLUTE
    ..\\Core\\core_cm3.c                     0x00000000   Number         0  core_cm3.o ABSOLUTE
    dc.s                                     0x00000000   Number         0  dc.o ABSOLUTE
    RESET                                    0x08000000   Section      236  startup_stm32f10x_md.o(RESET)
    !!!main                                  0x080000ec   Section        8  __main.o(!!!main)
    !!!scatter                               0x080000f4   Section       52  __scatter.o(!!!scatter)
    !!dczerorl2                              0x08000128   Section       90  __dczerorl2.o(!!dczerorl2)
    !!handler_zi                             0x08000184   Section       28  __scatter_zi.o(!!handler_zi)
    .ARM.Collect$$libinit$$00000000          0x080001a0   Section        2  libinit.o(.ARM.Collect$$libinit$$00000000)
    .ARM.Collect$$libinit$$00000002          0x080001a2   Section        0  libinit2.o(.ARM.Collect$$libinit$$00000002)
    .ARM.Collect$$libinit$$00000004          0x080001a2   Section        0  libinit2.o(.ARM.Collect$$libinit$$00000004)
    .ARM.Collect$$libinit$$0000000A          0x080001a2   Section        0  libinit2.o(.ARM.Collect$$libinit$$0000000A)
    .ARM.Collect$$libinit$$0000000C          0x080001a2   Section        0  libinit2.o(.ARM.Collect$$libinit$$0000000C)
    .ARM.Collect$$libinit$$0000000E          0x080001a2   Section        0  libinit2.o(.ARM.Collect$$libinit$$0000000E)
    .ARM.Collect$$libinit$$00000011          0x080001a2   Section        0  libinit2.o(.ARM.Collect$$libinit$$00000011)
    .ARM.Collect$$libinit$$00000013          0x080001a2   Section        0  libinit2.o(.ARM.Collect$$libinit$$00000013)
    .ARM.Collect$$libinit$$00000015          0x080001a2   Section        0  libinit2.o(.ARM.Collect$$libinit$$00000015)
    .ARM.Collect$$libinit$$00000017          0x080001a2   Section        0  libinit2.o(.ARM.Collect$$libinit$$00000017)
    .ARM.Collect$$libinit$$00000019          0x080001a2   Section        0  libinit2.o(.ARM.Collect$$libinit$$00000019)
    .ARM.Collect$$libinit$$0000001B          0x080001a2   Section        0  libinit2.o(.ARM.Collect$$libinit$$0000001B)
    .ARM.Collect$$libinit$$0000001D          0x080001a2   Section        0  libinit2.o(.ARM.Collect$$libinit$$0000001D)
    .ARM.Collect$$libinit$$0000001F          0x080001a2   Section        0  libinit2.o(.ARM.Collect$$libinit$$0000001F)
    .ARM.Collect$$libinit$$00000021          0x080001a2   Section        0  libinit2.o(.ARM.Collect$$libinit$$00000021)
    .ARM.Collect$$libinit$$00000023          0x080001a2   Section        0  libinit2.o(.ARM.Collect$$libinit$$00000023)
    .ARM.Collect$$libinit$$00000025          0x080001a2   Section        0  libinit2.o(.ARM.Collect$$libinit$$00000025)
    .ARM.Collect$$libinit$$0000002C          0x080001a2   Section        0  libinit2.o(.ARM.Collect$$libinit$$0000002C)
    .ARM.Collect$$libinit$$0000002E          0x080001a2   Section        0  libinit2.o(.ARM.Collect$$libinit$$0000002E)
    .ARM.Collect$$libinit$$00000030          0x080001a2   Section        0  libinit2.o(.ARM.Collect$$libinit$$00000030)
    .ARM.Collect$$libinit$$00000032          0x080001a2   Section        0  libinit2.o(.ARM.Collect$$libinit$$00000032)
    .ARM.Collect$$libinit$$00000033          0x080001a2   Section        2  libinit2.o(.ARM.Collect$$libinit$$00000033)
    .ARM.Collect$$libshutdown$$00000000      0x080001a4   Section        2  libshutdown.o(.ARM.Collect$$libshutdown$$00000000)
    .ARM.Collect$$libshutdown$$00000002      0x080001a6   Section        0  libshutdown2.o(.ARM.Collect$$libshutdown$$00000002)
    .ARM.Collect$$libshutdown$$00000004      0x080001a6   Section        0  libshutdown2.o(.ARM.Collect$$libshutdown$$00000004)
    .ARM.Collect$$libshutdown$$00000006      0x080001a6   Section        0  libshutdown2.o(.ARM.Collect$$libshutdown$$00000006)
    .ARM.Collect$$libshutdown$$00000009      0x080001a6   Section        0  libshutdown2.o(.ARM.Collect$$libshutdown$$00000009)
    .ARM.Collect$$libshutdown$$0000000C      0x080001a6   Section        0  libshutdown2.o(.ARM.Collect$$libshutdown$$0000000C)
    .ARM.Collect$$libshutdown$$0000000E      0x080001a6   Section        0  libshutdown2.o(.ARM.Collect$$libshutdown$$0000000E)
    .ARM.Collect$$libshutdown$$00000011      0x080001a6   Section        0  libshutdown2.o(.ARM.Collect$$libshutdown$$00000011)
    .ARM.Collect$$libshutdown$$00000012      0x080001a6   Section        2  libshutdown2.o(.ARM.Collect$$libshutdown$$00000012)
    .ARM.Collect$$rtentry$$00000000          0x080001a8   Section        0  __rtentry.o(.ARM.Collect$$rtentry$$00000000)
    .ARM.Collect$$rtentry$$00000002          0x080001a8   Section        0  __rtentry2.o(.ARM.Collect$$rtentry$$00000002)
    .ARM.Collect$$rtentry$$00000004          0x080001a8   Section        6  __rtentry4.o(.ARM.Collect$$rtentry$$00000004)
    .ARM.Collect$$rtentry$$00000009          0x080001ae   Section        0  __rtentry2.o(.ARM.Collect$$rtentry$$00000009)
    .ARM.Collect$$rtentry$$0000000A          0x080001ae   Section        4  __rtentry2.o(.ARM.Collect$$rtentry$$0000000A)
    .ARM.Collect$$rtentry$$0000000C          0x080001b2   Section        0  __rtentry2.o(.ARM.Collect$$rtentry$$0000000C)
    .ARM.Collect$$rtentry$$0000000D          0x080001b2   Section        8  __rtentry2.o(.ARM.Collect$$rtentry$$0000000D)
    .ARM.Collect$$rtexit$$00000000           0x080001ba   Section        2  rtexit.o(.ARM.Collect$$rtexit$$00000000)
    .ARM.Collect$$rtexit$$00000002           0x080001bc   Section        0  rtexit2.o(.ARM.Collect$$rtexit$$00000002)
    .ARM.Collect$$rtexit$$00000003           0x080001bc   Section        4  rtexit2.o(.ARM.Collect$$rtexit$$00000003)
    .ARM.Collect$$rtexit$$00000004           0x080001c0   Section        6  rtexit2.o(.ARM.Collect$$rtexit$$00000004)
    .text                                    0x080001c8   Section       64  startup_stm32f10x_md.o(.text)
    .text                                    0x08000208   Section      128  strcmpv7m.o(.text)
    .text                                    0x08000288   Section        0  heapauxi.o(.text)
    .text                                    0x0800028e   Section        0  _rserrno.o(.text)
    .text                                    0x080002a4   Section        8  rt_errno_addr_intlibspace.o(.text)
    .text                                    0x080002ac   Section        8  libspace.o(.text)
    .text                                    0x080002b4   Section       74  sys_stackheap_outer.o(.text)
    .text                                    0x080002fe   Section        0  exit.o(.text)
    .text                                    0x08000310   Section        0  sys_exit.o(.text)
    .text                                    0x0800031c   Section        2  use_no_semi.o(.text)
    .text                                    0x0800031e   Section        0  indicate_semi.o(.text)
    i.ADC1_Value_average                     0x08000320   Section        0  adc.o(i.ADC1_Value_average)
    i.ADC_Cmd                                0x08000380   Section        0  stm32f10x_adc.o(i.ADC_Cmd)
    i.ADC_GetCalibrationStatus               0x08000396   Section        0  stm32f10x_adc.o(i.ADC_GetCalibrationStatus)
    i.ADC_GetConversionValue                 0x080003aa   Section        0  stm32f10x_adc.o(i.ADC_GetConversionValue)
    i.ADC_GetFlagStatus                      0x080003b2   Section        0  stm32f10x_adc.o(i.ADC_GetFlagStatus)
    i.ADC_GetResetCalibrationStatus          0x080003c4   Section        0  stm32f10x_adc.o(i.ADC_GetResetCalibrationStatus)
    i.ADC_Getvalue                           0x080003d8   Section        0  adc.o(i.ADC_Getvalue)
    i.ADC_Init                               0x0800040c   Section        0  stm32f10x_adc.o(i.ADC_Init)
    i.ADC_RegularChannelConfig               0x0800045c   Section        0  stm32f10x_adc.o(i.ADC_RegularChannelConfig)
    i.ADC_ResetCalibration                   0x08000514   Section        0  stm32f10x_adc.o(i.ADC_ResetCalibration)
    i.ADC_SoftwareStartConvCmd               0x0800051e   Section        0  stm32f10x_adc.o(i.ADC_SoftwareStartConvCmd)
    i.ADC_StartCalibration                   0x08000534   Section        0  stm32f10x_adc.o(i.ADC_StartCalibration)
    i.BusFault_Handler                       0x0800053e   Section        0  stm32f10x_it.o(i.BusFault_Handler)
    i.DMA_ClearFlag                          0x08000544   Section        0  stm32f10x_dma.o(i.DMA_ClearFlag)
    i.DMA_Cmd                                0x08000560   Section        0  stm32f10x_dma.o(i.DMA_Cmd)
    i.DMA_DeInit                             0x08000578   Section        0  stm32f10x_dma.o(i.DMA_DeInit)
    i.DMA_GetFlagStatus                      0x080006c4   Section        0  stm32f10x_dma.o(i.DMA_GetFlagStatus)
    i.DMA_Init                               0x080006f0   Section        0  stm32f10x_dma.o(i.DMA_Init)
    i.DMA_Init_JX                            0x0800072c   Section        0  dma.o(i.DMA_Init_JX)
    i.DMA_SetCurrDataCounter                 0x0800078c   Section        0  stm32f10x_dma.o(i.DMA_SetCurrDataCounter)
    i.DebugMon_Handler                       0x08000790   Section        0  stm32f10x_it.o(i.DebugMon_Handler)
    i.Draw_Circle                            0x08000792   Section        0  oled.o(i.Draw_Circle)
    i.GPIO_Init                              0x08000830   Section        0  stm32f10x_gpio.o(i.GPIO_Init)
    i.GPIO_PinRemapConfig                    0x08000948   Section        0  stm32f10x_gpio.o(i.GPIO_PinRemapConfig)
    i.GPIO_ReadInputDataBit                  0x080009d8   Section        0  stm32f10x_gpio.o(i.GPIO_ReadInputDataBit)
    i.GPIO_ResetBits                         0x080009ea   Section        0  stm32f10x_gpio.o(i.GPIO_ResetBits)
    i.GPIO_SetBits                           0x080009ee   Section        0  stm32f10x_gpio.o(i.GPIO_SetBits)
    i.HardFault_Handler                      0x080009f2   Section        0  stm32f10x_it.o(i.HardFault_Handler)
    i.KEY_Init_JX                            0x080009f8   Section        0  key.o(i.KEY_Init_JX)
    i.LCD_Address_Set                        0x08000a78   Section        0  oled.o(i.LCD_Address_Set)
    i.LCD_DrawLine                           0x08000aba   Section        0  oled.o(i.LCD_DrawLine)
    i.LCD_DrawPoint                          0x08000b5c   Section        0  oled.o(i.LCD_DrawPoint)
    i.LCD_Fill                               0x08000b7c   Section        0  oled.o(i.LCD_Fill)
    i.LCD_Init                               0x08000c5c   Section        0  oled.o(i.LCD_Init)
    i.LCD_ShowChar                           0x08000de8   Section        0  oled.o(i.LCD_ShowChar)
    i.LCD_ShowFloatNum1                      0x08000f38   Section        0  oled.o(i.LCD_ShowFloatNum1)
    i.LCD_ShowIntNum                         0x08000fdc   Section        0  oled.o(i.LCD_ShowIntNum)
    i.LCD_ShowPicture                        0x08001074   Section        0  oled.o(i.LCD_ShowPicture)
    i.LCD_ShowString                         0x08001120   Section        0  oled.o(i.LCD_ShowString)
    i.LCD_WR_DATA                            0x08001162   Section        0  oled.o(i.LCD_WR_DATA)
    i.LCD_WR_DATA8                           0x08001174   Section        0  oled.o(i.LCD_WR_DATA8)
    i.LCD_WR_REG                             0x08001180   Section        0  oled.o(i.LCD_WR_REG)
    i.LCD_Writ_Bus                           0x080011a0   Section        0  oled.o(i.LCD_Writ_Bus)
    i.LCD_drawbigpoint                       0x080011dc   Section        0  mk_menu.o(i.LCD_drawbigpoint)
    i.LED_Init_JX                            0x08001410   Section        0  led.o(i.LED_Init_JX)
    i.MYADC_Init                             0x08001458   Section        0  adc.o(i.MYADC_Init)
    i.MYDMA_Config                           0x080014ec   Section        0  dma.o(i.MYDMA_Config)
    i.MYDMA_Config1                          0x08001548   Section        0  dma.o(i.MYDMA_Config1)
    i.MYDMA_Enable                           0x080015a8   Section        0  dma.o(i.MYDMA_Enable)
    i.MemManage_Handler                      0x080015d0   Section        0  stm32f10x_it.o(i.MemManage_Handler)
    i.NMI_Handler                            0x080015d4   Section        0  stm32f10x_it.o(i.NMI_Handler)
    i.NVIC_Init                              0x080015d8   Section        0  misc.o(i.NVIC_Init)
    i.NVIC_PriorityGroupConfig               0x08001648   Section        0  misc.o(i.NVIC_PriorityGroupConfig)
    i.OLED_GPIO_SPI_Init                     0x0800165c   Section        0  oled.o(i.OLED_GPIO_SPI_Init)
    OLED_GPIO_SPI_Init                       0x0800165d   Thumb Code   190  oled.o(i.OLED_GPIO_SPI_Init)
    i.PendSV_Handler                         0x08001728   Section        0  stm32f10x_it.o(i.PendSV_Handler)
    i.RCC_ADCCLKConfig                       0x0800172c   Section        0  stm32f10x_rcc.o(i.RCC_ADCCLKConfig)
    i.RCC_AHBPeriphClockCmd                  0x08001744   Section        0  stm32f10x_rcc.o(i.RCC_AHBPeriphClockCmd)
    i.RCC_APB1PeriphClockCmd                 0x08001764   Section        0  stm32f10x_rcc.o(i.RCC_APB1PeriphClockCmd)
    i.RCC_APB2PeriphClockCmd                 0x08001784   Section        0  stm32f10x_rcc.o(i.RCC_APB2PeriphClockCmd)
    i.RF2G4_KEY_Scan_JX                      0x080017a4   Section        0  key.o(i.RF2G4_KEY_Scan_JX)
    i.SI24R1_Init                            0x08001990   Section        0  bsp_si24r1.o(i.SI24R1_Init)
    i.SI24R1_Mode_NOACK                      0x08001a64   Section        0  bsp_si24r1.o(i.SI24R1_Mode_NOACK)
    i.SI24R1_Read_Buf                        0x08001b34   Section        0  bsp_si24r1.o(i.SI24R1_Read_Buf)
    i.SI24R1_Read_Reg                        0x08001b78   Section        0  bsp_si24r1.o(i.SI24R1_Read_Reg)
    i.SI24R1_RxPacket                        0x08001ba8   Section        0  bsp_si24r1.o(i.SI24R1_RxPacket)
    i.SI24R1_TxPacket                        0x08001be4   Section        0  bsp_si24r1.o(i.SI24R1_TxPacket)
    i.SI24R1_Write_Buf                       0x08001c6c   Section        0  bsp_si24r1.o(i.SI24R1_Write_Buf)
    i.SI24R1_Write_Reg                       0x08001cb0   Section        0  bsp_si24r1.o(i.SI24R1_Write_Reg)
    i.SI2R4_Check                            0x08001ce0   Section        0  bsp_si24r1.o(i.SI2R4_Check)
    i.SPI2_SetSpeed                          0x08001d30   Section        0  spi.o(i.SPI2_SetSpeed)
    i.SPI_Cmd                                0x08001d4c   Section        0  stm32f10x_spi.o(i.SPI_Cmd)
    i.SPI_I2S_DMACmd                         0x08001d64   Section        0  stm32f10x_spi.o(i.SPI_I2S_DMACmd)
    i.SPI_I2S_GetFlagStatus                  0x08001d76   Section        0  stm32f10x_spi.o(i.SPI_I2S_GetFlagStatus)
    i.SPI_I2S_ReceiveData                    0x08001d88   Section        0  stm32f10x_spi.o(i.SPI_I2S_ReceiveData)
    i.SPI_I2S_SendData                       0x08001d8e   Section        0  stm32f10x_spi.o(i.SPI_I2S_SendData)
    i.SPI_Init                               0x08001d92   Section        0  stm32f10x_spi.o(i.SPI_Init)
    i.SPI_RW                                 0x08001dd0   Section        0  bsp_si24r1.o(i.SPI_RW)
    SPI_RW                                   0x08001dd1   Thumb Code   176  bsp_si24r1.o(i.SPI_RW)
    i.SPI_TIMEOUT_UserCallback               0x08001e88   Section        0  bsp_si24r1.o(i.SPI_TIMEOUT_UserCallback)
    SPI_TIMEOUT_UserCallback                 0x08001e89   Thumb Code     6  bsp_si24r1.o(i.SPI_TIMEOUT_UserCallback)
    i.SVC_Handler                            0x08001e8e   Section        0  stm32f10x_it.o(i.SVC_Handler)
    i.SetSysClock                            0x08001e90   Section        0  system_stm32f10x.o(i.SetSysClock)
    SetSysClock                              0x08001e91   Thumb Code     8  system_stm32f10x.o(i.SetSysClock)
    i.SetSysClockTo72                        0x08001e98   Section        0  system_stm32f10x.o(i.SetSysClockTo72)
    SetSysClockTo72                          0x08001e99   Thumb Code   214  system_stm32f10x.o(i.SetSysClockTo72)
    i.SysTick_CLKSourceConfig                0x08001f78   Section        0  misc.o(i.SysTick_CLKSourceConfig)
    i.SysTick_Handler                        0x08001fa0   Section        0  stm32f10x_it.o(i.SysTick_Handler)
    i.SystemInit                             0x08001fa4   Section        0  system_stm32f10x.o(i.SystemInit)
    i.TIM3_IRQHandler                        0x08002004   Section        0  stm32f10x_it.o(i.TIM3_IRQHandler)
    i.TIM3_Time_Init                         0x0800204c   Section        0  timer.o(i.TIM3_Time_Init)
    i.TIM_ClearITPendingBit                  0x080020a8   Section        0  stm32f10x_tim.o(i.TIM_ClearITPendingBit)
    i.TIM_Cmd                                0x080020ae   Section        0  stm32f10x_tim.o(i.TIM_Cmd)
    i.TIM_GetITStatus                        0x080020c6   Section        0  stm32f10x_tim.o(i.TIM_GetITStatus)
    i.TIM_ITConfig                           0x080020e8   Section        0  stm32f10x_tim.o(i.TIM_ITConfig)
    i.TIM_TimeBaseInit                       0x080020fc   Section        0  stm32f10x_tim.o(i.TIM_TimeBaseInit)
    i.UG_Init                                0x080021a0   Section        0  ugui.o(i.UG_Init)
    i.UG_SelectGUI                           0x08002230   Section        0  ugui.o(i.UG_SelectGUI)
    i.UsageFault_Handler                     0x08002240   Section        0  stm32f10x_it.o(i.UsageFault_Handler)
    i.control_page                           0x08002244   Section        0  mk_menu.o(i.control_page)
    i.data_deal                              0x080025a8   Section        0  bsp_si24r1.o(i.data_deal)
    i.data_page                              0x080025f4   Section        0  mk_menu.o(i.data_page)
    i.data_transfer                          0x08002d60   Section        0  bsp_si24r1.o(i.data_transfer)
    i.delay                                  0x08002e80   Section        0  oled.o(i.delay)
    i.delay_Init                             0x08002e8c   Section        0  delay.o(i.delay_Init)
    i.delay_ms                               0x08002ed0   Section        0  delay.o(i.delay_ms)
    i.double_data_deal                       0x08002f24   Section        0  bsp_si24r1.o(i.double_data_deal)
    i.final_menu                             0x08002f6c   Section        0  mk_menu.o(i.final_menu)
    i.main                                   0x08003370   Section        0  main.o(i.main)
    i.mypow                                  0x0800344c   Section        0  oled.o(i.mypow)
    i.osc_page                               0x08003464   Section        0  mk_menu.o(i.osc_page)
    i.show_hello_page                        0x080038d8   Section        0  mk_menu.o(i.show_hello_page)
    i.show_page                              0x08003930   Section        0  mk_menu.o(i.show_page)
    i.sqrt                                   0x08003a90   Section        0  sqrt.o(i.sqrt)
    x$fpl$d2f                                0x08003adc   Section       98  d2f.o(x$fpl$d2f)
    x$fpl$dadd                               0x08003b40   Section      336  daddsub_clz.o(x$fpl$dadd)
    _dadd1                                   0x08003b51   Thumb Code     0  daddsub_clz.o(x$fpl$dadd)
    x$fpl$dcmpinf                            0x08003c90   Section       24  dcmpi.o(x$fpl$dcmpinf)
    x$fpl$ddiv                               0x08003ca8   Section      688  ddiv.o(x$fpl$ddiv)
    ddiv_entry                               0x08003caf   Thumb Code     0  ddiv.o(x$fpl$ddiv)
    x$fpl$deqf                               0x08003f58   Section      120  deqf.o(x$fpl$deqf)
    x$fpl$dfixu                              0x08003fd0   Section       90  dfixu.o(x$fpl$dfixu)
    x$fpl$dflt                               0x0800402a   Section       46  dflt_clz.o(x$fpl$dflt)
    x$fpl$dfltu                              0x08004058   Section       38  dflt_clz.o(x$fpl$dfltu)
    x$fpl$dleqf                              0x08004080   Section      120  dleqf.o(x$fpl$dleqf)
    x$fpl$dmul                               0x080040f8   Section      340  dmul.o(x$fpl$dmul)
    x$fpl$dnaninf                            0x0800424c   Section      156  dnaninf.o(x$fpl$dnaninf)
    x$fpl$dretinf                            0x080042e8   Section       12  dretinf.o(x$fpl$dretinf)
    x$fpl$drleqf                             0x080042f4   Section      108  drleqf.o(x$fpl$drleqf)
    x$fpl$drsb                               0x08004360   Section       22  daddsub_clz.o(x$fpl$drsb)
    x$fpl$dsqrt                              0x08004378   Section      460  dsqrt_noumaal.o(x$fpl$dsqrt)
    x$fpl$dsub                               0x08004544   Section      468  daddsub_clz.o(x$fpl$dsub)
    _dsub1                                   0x08004555   Thumb Code     0  daddsub_clz.o(x$fpl$dsub)
    x$fpl$ffixu                              0x08004718   Section       62  ffixu.o(x$fpl$ffixu)
    x$fpl$ffltu                              0x08004758   Section       38  fflt_clz.o(x$fpl$ffltu)
    x$fpl$fmul                               0x08004780   Section      258  fmul.o(x$fpl$fmul)
    x$fpl$fnaninf                            0x08004882   Section      140  fnaninf.o(x$fpl$fnaninf)
    x$fpl$fretinf                            0x0800490e   Section       10  fretinf.o(x$fpl$fretinf)
    .constdata                               0x08004918   Section    85172  oled.o(.constdata)
    x$fpl$usenofp                            0x08004918   Section        0  usenofp.o(x$fpl$usenofp)
    .constdata                               0x080195cc   Section       10  bsp_si24r1.o(.constdata)
    .conststring                             0x080195d8   Section      273  mk_menu.o(.conststring)
    .data                                    0x20000000   Section        6  main.o(.data)
    .data                                    0x20000006   Section        4  delay.o(.data)
    SysTick_each_us_CNT                      0x20000006   Data           2  delay.o(.data)
    SysTick_each_ms_CNT                      0x20000008   Data           2  delay.o(.data)
    .data                                    0x2000000a   Section       12  key.o(.data)
    .data                                    0x20000018   Section       28  adc.o(.data)
    .data                                    0x20000034   Section        2  dma.o(.data)
    .data                                    0x20000038   Section       12  ugui.o(.data)
    gui                                      0x20000038   Data           4  ugui.o(.data)
    msg                                      0x2000003c   Data           8  ugui.o(.data)
    .data                                    0x20000048   Section      812  mk_menu.o(.data)
    show_flag                                0x20000330   Data           1  mk_menu.o(.data)
    n                                        0x20000338   Data           8  mk_menu.o(.data)
    high                                     0x20000340   Data           8  mk_menu.o(.data)
    cnt_x                                    0x20000348   Data           1  mk_menu.o(.data)
    cnt_y                                    0x20000349   Data           1  mk_menu.o(.data)
    flag                                     0x2000034a   Data           1  mk_menu.o(.data)
    now_num                                  0x2000034b   Data           1  mk_menu.o(.data)
    wide                                     0x2000034c   Data           1  mk_menu.o(.data)
    x                                        0x20000350   Data           8  mk_menu.o(.data)
    real                                     0x20000358   Data           8  mk_menu.o(.data)
    cnt                                      0x20000360   Data           2  mk_menu.o(.data)
    n_flag                                   0x20000362   Data           1  mk_menu.o(.data)
    last_num                                 0x20000363   Data           1  mk_menu.o(.data)
    show_x                                   0x20000364   Data           1  mk_menu.o(.data)
    show_last_x                              0x20000365   Data           1  mk_menu.o(.data)
    channel                                  0x20000366   Data           1  mk_menu.o(.data)
    last_lx                                  0x20000368   Data           2  mk_menu.o(.data)
    last_ly                                  0x2000036a   Data           2  mk_menu.o(.data)
    last_rx                                  0x2000036c   Data           2  mk_menu.o(.data)
    last_ry                                  0x2000036e   Data           2  mk_menu.o(.data)
    show_flag                                0x20000370   Data           1  mk_menu.o(.data)
    num                                      0x20000371   Data           1  mk_menu.o(.data)
    last_num                                 0x20000372   Data           1  mk_menu.o(.data)
    key_flag                                 0x20000373   Data           1  mk_menu.o(.data)
    .data                                    0x20000374   Section        5  bsp_si24r1.o(.data)
    SPITimeout                               0x20000374   Data           4  bsp_si24r1.o(.data)
    t_flag                                   0x20000378   Data           1  bsp_si24r1.o(.data)
    .data                                    0x2000037c   Section       20  system_stm32f10x.o(.data)
    .bss                                     0x20000390   Section      100  main.o(.bss)
    .bss                                     0x200003f4   Section       12  key.o(.bss)
    .bss                                     0x20000400   Section       40  adc.o(.bss)
    .bss                                     0x20000428   Section       44  dma.o(.bss)
    .bss                                     0x20000454   Section      964  mk_menu.o(.bss)
    data                                     0x20000454   Data         482  mk_menu.o(.bss)
    old_data                                 0x20000636   Data         482  mk_menu.o(.bss)
    .bss                                     0x20000818   Section       64  bsp_si24r1.o(.bss)
    .bss                                     0x20000858   Section       96  libspace.o(.bss)
    HEAP                                     0x200008b8   Section      512  startup_stm32f10x_md.o(HEAP)
    Heap_Mem                                 0x200008b8   Data         512  startup_stm32f10x_md.o(HEAP)
    STACK                                    0x20000ab8   Section     1024  startup_stm32f10x_md.o(STACK)
    Stack_Mem                                0x20000ab8   Data        1024  startup_stm32f10x_md.o(STACK)
    __initial_sp                             0x20000eb8   Data           0  startup_stm32f10x_md.o(STACK)

    Global Symbols

    Symbol Name                              Value     Ov Type        Size  Object(Section)

    BuildAttributes$$THM_ISAv4$P$D$K$B$S$PE$A:L22UL41UL21$X:L11$S22US41US21$IEEE1$IW$USESV6$~STKCKD$USESV7$~SHL$OTIME$ROPI$IEEEJ$EBA8$UX$STANDARDLIB$REQ8$PRES8$EABIv2 0x00000000   Number         0  anon$$obj.o ABSOLUTE
    __ARM_use_no_argv                        0x00000000   Number         0  main.o ABSOLUTE
    __ARM_exceptions_init                     - Undefined Weak Reference
    __alloca_initialize                       - Undefined Weak Reference
    __arm_fini_                               - Undefined Weak Reference
    __arm_preinit_                            - Undefined Weak Reference
    __cpp_initialize__aeabi_                  - Undefined Weak Reference
    __cxa_finalize                            - Undefined Weak Reference
    __rt_locale                               - Undefined Weak Reference
    __sigvec_lookup                           - Undefined Weak Reference
    _atexit_init                              - Undefined Weak Reference
    _call_atexit_fns                          - Undefined Weak Reference
    _clock_init                               - Undefined Weak Reference
    _fp_trap_init                             - Undefined Weak Reference
    _fp_trap_shutdown                         - Undefined Weak Reference
    _get_lc_collate                           - Undefined Weak Reference
    _get_lc_ctype                             - Undefined Weak Reference
    _get_lc_monetary                          - Undefined Weak Reference
    _get_lc_numeric                           - Undefined Weak Reference
    _get_lc_time                              - Undefined Weak Reference
    _getenv_init                              - Undefined Weak Reference
    _handle_redirection                       - Undefined Weak Reference
    _init_alloc                               - Undefined Weak Reference
    _init_user_alloc                          - Undefined Weak Reference
    _initio                                   - Undefined Weak Reference
    _rand_init                                - Undefined Weak Reference
    _signal_finish                            - Undefined Weak Reference
    _signal_init                              - Undefined Weak Reference
    _terminate_alloc                          - Undefined Weak Reference
    _terminate_user_alloc                     - Undefined Weak Reference
    _terminateio                              - Undefined Weak Reference
    __Vectors_Size                           0x000000ec   Number         0  startup_stm32f10x_md.o ABSOLUTE
    __Vectors                                0x08000000   Data           4  startup_stm32f10x_md.o(RESET)
    __Vectors_End                            0x080000ec   Data           0  startup_stm32f10x_md.o(RESET)
    __main                                   0x080000ed   Thumb Code     8  __main.o(!!!main)
    __scatterload                            0x080000f5   Thumb Code     0  __scatter.o(!!!scatter)
    __scatterload_rt2                        0x080000f5   Thumb Code    44  __scatter.o(!!!scatter)
    __scatterload_rt2_thumb_only             0x080000f5   Thumb Code     0  __scatter.o(!!!scatter)
    __scatterload_null                       0x08000103   Thumb Code     0  __scatter.o(!!!scatter)
    __decompress                             0x08000129   Thumb Code    90  __dczerorl2.o(!!dczerorl2)
    __decompress1                            0x08000129   Thumb Code     0  __dczerorl2.o(!!dczerorl2)
    __scatterload_zeroinit                   0x08000185   Thumb Code    28  __scatter_zi.o(!!handler_zi)
    __rt_lib_init                            0x080001a1   Thumb Code     0  libinit.o(.ARM.Collect$$libinit$$00000000)
    __rt_lib_init_alloca_1                   0x080001a3   Thumb Code     0  libinit2.o(.ARM.Collect$$libinit$$0000002E)
    __rt_lib_init_argv_1                     0x080001a3   Thumb Code     0  libinit2.o(.ARM.Collect$$libinit$$0000002C)
    __rt_lib_init_atexit_1                   0x080001a3   Thumb Code     0  libinit2.o(.ARM.Collect$$libinit$$0000001B)
    __rt_lib_init_clock_1                    0x080001a3   Thumb Code     0  libinit2.o(.ARM.Collect$$libinit$$00000021)
    __rt_lib_init_cpp_1                      0x080001a3   Thumb Code     0  libinit2.o(.ARM.Collect$$libinit$$00000032)
    __rt_lib_init_exceptions_1               0x080001a3   Thumb Code     0  libinit2.o(.ARM.Collect$$libinit$$00000030)
    __rt_lib_init_fp_1                       0x080001a3   Thumb Code     0  libinit2.o(.ARM.Collect$$libinit$$00000002)
    __rt_lib_init_fp_trap_1                  0x080001a3   Thumb Code     0  libinit2.o(.ARM.Collect$$libinit$$0000001F)
    __rt_lib_init_getenv_1                   0x080001a3   Thumb Code     0  libinit2.o(.ARM.Collect$$libinit$$00000023)
    __rt_lib_init_heap_1                     0x080001a3   Thumb Code     0  libinit2.o(.ARM.Collect$$libinit$$0000000A)
    __rt_lib_init_lc_collate_1               0x080001a3   Thumb Code     0  libinit2.o(.ARM.Collect$$libinit$$00000011)
    __rt_lib_init_lc_ctype_1                 0x080001a3   Thumb Code     0  libinit2.o(.ARM.Collect$$libinit$$00000013)
    __rt_lib_init_lc_monetary_1              0x080001a3   Thumb Code     0  libinit2.o(.ARM.Collect$$libinit$$00000015)
    __rt_lib_init_lc_numeric_1               0x080001a3   Thumb Code     0  libinit2.o(.ARM.Collect$$libinit$$00000017)
    __rt_lib_init_lc_time_1                  0x080001a3   Thumb Code     0  libinit2.o(.ARM.Collect$$libinit$$00000019)
    __rt_lib_init_preinit_1                  0x080001a3   Thumb Code     0  libinit2.o(.ARM.Collect$$libinit$$00000004)
    __rt_lib_init_rand_1                     0x080001a3   Thumb Code     0  libinit2.o(.ARM.Collect$$libinit$$0000000E)
    __rt_lib_init_return                     0x080001a3   Thumb Code     0  libinit2.o(.ARM.Collect$$libinit$$00000033)
    __rt_lib_init_signal_1                   0x080001a3   Thumb Code     0  libinit2.o(.ARM.Collect$$libinit$$0000001D)
    __rt_lib_init_stdio_1                    0x080001a3   Thumb Code     0  libinit2.o(.ARM.Collect$$libinit$$00000025)
    __rt_lib_init_user_alloc_1               0x080001a3   Thumb Code     0  libinit2.o(.ARM.Collect$$libinit$$0000000C)
    __rt_lib_shutdown                        0x080001a5   Thumb Code     0  libshutdown.o(.ARM.Collect$$libshutdown$$00000000)
    __rt_lib_shutdown_cpp_1                  0x080001a7   Thumb Code     0  libshutdown2.o(.ARM.Collect$$libshutdown$$00000004)
    __rt_lib_shutdown_fini_1                 0x080001a7   Thumb Code     0  libshutdown2.o(.ARM.Collect$$libshutdown$$00000002)
    __rt_lib_shutdown_fp_trap_1              0x080001a7   Thumb Code     0  libshutdown2.o(.ARM.Collect$$libshutdown$$00000009)
    __rt_lib_shutdown_heap_1                 0x080001a7   Thumb Code     0  libshutdown2.o(.ARM.Collect$$libshutdown$$00000011)
    __rt_lib_shutdown_return                 0x080001a7   Thumb Code     0  libshutdown2.o(.ARM.Collect$$libshutdown$$00000012)
    __rt_lib_shutdown_signal_1               0x080001a7   Thumb Code     0  libshutdown2.o(.ARM.Collect$$libshutdown$$0000000C)
    __rt_lib_shutdown_stdio_1                0x080001a7   Thumb Code     0  libshutdown2.o(.ARM.Collect$$libshutdown$$00000006)
    __rt_lib_shutdown_user_alloc_1           0x080001a7   Thumb Code     0  libshutdown2.o(.ARM.Collect$$libshutdown$$0000000E)
    __rt_entry                               0x080001a9   Thumb Code     0  __rtentry.o(.ARM.Collect$$rtentry$$00000000)
    __rt_entry_presh_1                       0x080001a9   Thumb Code     0  __rtentry2.o(.ARM.Collect$$rtentry$$00000002)
    __rt_entry_sh                            0x080001a9   Thumb Code     0  __rtentry4.o(.ARM.Collect$$rtentry$$00000004)
    __rt_entry_li                            0x080001af   Thumb Code     0  __rtentry2.o(.ARM.Collect$$rtentry$$0000000A)
    __rt_entry_postsh_1                      0x080001af   Thumb Code     0  __rtentry2.o(.ARM.Collect$$rtentry$$00000009)
    __rt_entry_main                          0x080001b3   Thumb Code     0  __rtentry2.o(.ARM.Collect$$rtentry$$0000000D)
    __rt_entry_postli_1                      0x080001b3   Thumb Code     0  __rtentry2.o(.ARM.Collect$$rtentry$$0000000C)
    __rt_exit                                0x080001bb   Thumb Code     0  rtexit.o(.ARM.Collect$$rtexit$$00000000)
    __rt_exit_ls                             0x080001bd   Thumb Code     0  rtexit2.o(.ARM.Collect$$rtexit$$00000003)
    __rt_exit_prels_1                        0x080001bd   Thumb Code     0  rtexit2.o(.ARM.Collect$$rtexit$$00000002)
    __rt_exit_exit                           0x080001c1   Thumb Code     0  rtexit2.o(.ARM.Collect$$rtexit$$00000004)
    Reset_Handler                            0x080001c9   Thumb Code     8  startup_stm32f10x_md.o(.text)
    ADC1_2_IRQHandler                        0x080001e3   Thumb Code     0  startup_stm32f10x_md.o(.text)
    CAN1_RX1_IRQHandler                      0x080001e3   Thumb Code     0  startup_stm32f10x_md.o(.text)
    CAN1_SCE_IRQHandler                      0x080001e3   Thumb Code     0  startup_stm32f10x_md.o(.text)
    DMA1_Channel1_IRQHandler                 0x080001e3   Thumb Code     0  startup_stm32f10x_md.o(.text)
    DMA1_Channel2_IRQHandler                 0x080001e3   Thumb Code     0  startup_stm32f10x_md.o(.text)
    DMA1_Channel3_IRQHandler                 0x080001e3   Thumb Code     0  startup_stm32f10x_md.o(.text)
    DMA1_Channel4_IRQHandler                 0x080001e3   Thumb Code     0  startup_stm32f10x_md.o(.text)
    DMA1_Channel5_IRQHandler                 0x080001e3   Thumb Code     0  startup_stm32f10x_md.o(.text)
    DMA1_Channel6_IRQHandler                 0x080001e3   Thumb Code     0  startup_stm32f10x_md.o(.text)
    DMA1_Channel7_IRQHandler                 0x080001e3   Thumb Code     0  startup_stm32f10x_md.o(.text)
    EXTI0_IRQHandler                         0x080001e3   Thumb Code     0  startup_stm32f10x_md.o(.text)
    EXTI15_10_IRQHandler                     0x080001e3   Thumb Code     0  startup_stm32f10x_md.o(.text)
    EXTI1_IRQHandler                         0x080001e3   Thumb Code     0  startup_stm32f10x_md.o(.text)
    EXTI2_IRQHandler                         0x080001e3   Thumb Code     0  startup_stm32f10x_md.o(.text)
    EXTI3_IRQHandler                         0x080001e3   Thumb Code     0  startup_stm32f10x_md.o(.text)
    EXTI4_IRQHandler                         0x080001e3   Thumb Code     0  startup_stm32f10x_md.o(.text)
    EXTI9_5_IRQHandler                       0x080001e3   Thumb Code     0  startup_stm32f10x_md.o(.text)
    FLASH_IRQHandler                         0x080001e3   Thumb Code     0  startup_stm32f10x_md.o(.text)
    I2C1_ER_IRQHandler                       0x080001e3   Thumb Code     0  startup_stm32f10x_md.o(.text)
    I2C1_EV_IRQHandler                       0x080001e3   Thumb Code     0  startup_stm32f10x_md.o(.text)
    I2C2_ER_IRQHandler                       0x080001e3   Thumb Code     0  startup_stm32f10x_md.o(.text)
    I2C2_EV_IRQHandler                       0x080001e3   Thumb Code     0  startup_stm32f10x_md.o(.text)
    PVD_IRQHandler                           0x080001e3   Thumb Code     0  startup_stm32f10x_md.o(.text)
    RCC_IRQHandler                           0x080001e3   Thumb Code     0  startup_stm32f10x_md.o(.text)
    RTCAlarm_IRQHandler                      0x080001e3   Thumb Code     0  startup_stm32f10x_md.o(.text)
    RTC_IRQHandler                           0x080001e3   Thumb Code     0  startup_stm32f10x_md.o(.text)
    SPI1_IRQHandler                          0x080001e3   Thumb Code     0  startup_stm32f10x_md.o(.text)
    SPI2_IRQHandler                          0x080001e3   Thumb Code     0  startup_stm32f10x_md.o(.text)
    TAMPER_IRQHandler                        0x080001e3   Thumb Code     0  startup_stm32f10x_md.o(.text)
    TIM1_BRK_IRQHandler                      0x080001e3   Thumb Code     0  startup_stm32f10x_md.o(.text)
    TIM1_CC_IRQHandler                       0x080001e3   Thumb Code     0  startup_stm32f10x_md.o(.text)
    TIM1_TRG_COM_IRQHandler                  0x080001e3   Thumb Code     0  startup_stm32f10x_md.o(.text)
    TIM1_UP_IRQHandler                       0x080001e3   Thumb Code     0  startup_stm32f10x_md.o(.text)
    TIM2_IRQHandler                          0x080001e3   Thumb Code     0  startup_stm32f10x_md.o(.text)
    TIM4_IRQHandler                          0x080001e3   Thumb Code     0  startup_stm32f10x_md.o(.text)
    USART1_IRQHandler                        0x080001e3   Thumb Code     0  startup_stm32f10x_md.o(.text)
    USART2_IRQHandler                        0x080001e3   Thumb Code     0  startup_stm32f10x_md.o(.text)
    USART3_IRQHandler                        0x080001e3   Thumb Code     0  startup_stm32f10x_md.o(.text)
    USBWakeUp_IRQHandler                     0x080001e3   Thumb Code     0  startup_stm32f10x_md.o(.text)
    USB_HP_CAN1_TX_IRQHandler                0x080001e3   Thumb Code     0  startup_stm32f10x_md.o(.text)
    USB_LP_CAN1_RX0_IRQHandler               0x080001e3   Thumb Code     0  startup_stm32f10x_md.o(.text)
    WWDG_IRQHandler                          0x080001e3   Thumb Code     0  startup_stm32f10x_md.o(.text)
    __user_initial_stackheap                 0x080001e5   Thumb Code     0  startup_stm32f10x_md.o(.text)
    strcmp                                   0x08000209   Thumb Code   128  strcmpv7m.o(.text)
    __use_two_region_memory                  0x08000289   Thumb Code     2  heapauxi.o(.text)
    __rt_heap_escrow$2region                 0x0800028b   Thumb Code     2  heapauxi.o(.text)
    __rt_heap_expand$2region                 0x0800028d   Thumb Code     2  heapauxi.o(.text)
    __read_errno                             0x0800028f   Thumb Code    10  _rserrno.o(.text)
    __set_errno                              0x08000299   Thumb Code    12  _rserrno.o(.text)
    __aeabi_errno_addr                       0x080002a5   Thumb Code     8  rt_errno_addr_intlibspace.o(.text)
    __errno$intlibspace                      0x080002a5   Thumb Code     0  rt_errno_addr_intlibspace.o(.text)
    __rt_errno_addr$intlibspace              0x080002a5   Thumb Code     0  rt_errno_addr_intlibspace.o(.text)
    __user_libspace                          0x080002ad   Thumb Code     8  libspace.o(.text)
    __user_perproc_libspace                  0x080002ad   Thumb Code     0  libspace.o(.text)
    __user_perthread_libspace                0x080002ad   Thumb Code     0  libspace.o(.text)
    __user_setup_stackheap                   0x080002b5   Thumb Code    74  sys_stackheap_outer.o(.text)
    exit                                     0x080002ff   Thumb Code    18  exit.o(.text)
    _sys_exit                                0x08000311   Thumb Code     8  sys_exit.o(.text)
    __I$use$semihosting                      0x0800031d   Thumb Code     0  use_no_semi.o(.text)
    __use_no_semihosting_swi                 0x0800031d   Thumb Code     2  use_no_semi.o(.text)
    __semihosting_library_function           0x0800031f   Thumb Code     0  indicate_semi.o(.text)
    ADC1_Value_average                       0x08000321   Thumb Code    76  adc.o(i.ADC1_Value_average)
    ADC_Cmd                                  0x08000381   Thumb Code    22  stm32f10x_adc.o(i.ADC_Cmd)
    ADC_GetCalibrationStatus                 0x08000397   Thumb Code    20  stm32f10x_adc.o(i.ADC_GetCalibrationStatus)
    ADC_GetConversionValue                   0x080003ab   Thumb Code     8  stm32f10x_adc.o(i.ADC_GetConversionValue)
    ADC_GetFlagStatus                        0x080003b3   Thumb Code    18  stm32f10x_adc.o(i.ADC_GetFlagStatus)
    ADC_GetResetCalibrationStatus            0x080003c5   Thumb Code    20  stm32f10x_adc.o(i.ADC_GetResetCalibrationStatus)
    ADC_Getvalue                             0x080003d9   Thumb Code    46  adc.o(i.ADC_Getvalue)
    ADC_Init                                 0x0800040d   Thumb Code    70  stm32f10x_adc.o(i.ADC_Init)
    ADC_RegularChannelConfig                 0x0800045d   Thumb Code   184  stm32f10x_adc.o(i.ADC_RegularChannelConfig)
    ADC_ResetCalibration                     0x08000515   Thumb Code    10  stm32f10x_adc.o(i.ADC_ResetCalibration)
    ADC_SoftwareStartConvCmd                 0x0800051f   Thumb Code    22  stm32f10x_adc.o(i.ADC_SoftwareStartConvCmd)
    ADC_StartCalibration                     0x08000535   Thumb Code    10  stm32f10x_adc.o(i.ADC_StartCalibration)
    BusFault_Handler                         0x0800053f   Thumb Code     4  stm32f10x_it.o(i.BusFault_Handler)
    DMA_ClearFlag                            0x08000545   Thumb Code    18  stm32f10x_dma.o(i.DMA_ClearFlag)
    DMA_Cmd                                  0x08000561   Thumb Code    24  stm32f10x_dma.o(i.DMA_Cmd)
    DMA_DeInit                               0x08000579   Thumb Code   324  stm32f10x_dma.o(i.DMA_DeInit)
    DMA_GetFlagStatus                        0x080006c5   Thumb Code    36  stm32f10x_dma.o(i.DMA_GetFlagStatus)
    DMA_Init                                 0x080006f1   Thumb Code    60  stm32f10x_dma.o(i.DMA_Init)
    DMA_Init_JX                              0x0800072d   Thumb Code    82  dma.o(i.DMA_Init_JX)
    DMA_SetCurrDataCounter                   0x0800078d   Thumb Code     4  stm32f10x_dma.o(i.DMA_SetCurrDataCounter)
    DebugMon_Handler                         0x08000791   Thumb Code     2  stm32f10x_it.o(i.DebugMon_Handler)
    Draw_Circle                              0x08000793   Thumb Code   158  oled.o(i.Draw_Circle)
    GPIO_Init                                0x08000831   Thumb Code   278  stm32f10x_gpio.o(i.GPIO_Init)
    GPIO_PinRemapConfig                      0x08000949   Thumb Code   138  stm32f10x_gpio.o(i.GPIO_PinRemapConfig)
    GPIO_ReadInputDataBit                    0x080009d9   Thumb Code    18  stm32f10x_gpio.o(i.GPIO_ReadInputDataBit)
    GPIO_ResetBits                           0x080009eb   Thumb Code     4  stm32f10x_gpio.o(i.GPIO_ResetBits)
    GPIO_SetBits                             0x080009ef   Thumb Code     4  stm32f10x_gpio.o(i.GPIO_SetBits)
    HardFault_Handler                        0x080009f3   Thumb Code     4  stm32f10x_it.o(i.HardFault_Handler)
    KEY_Init_JX                              0x080009f9   Thumb Code   112  key.o(i.KEY_Init_JX)
    LCD_Address_Set                          0x08000a79   Thumb Code    66  oled.o(i.LCD_Address_Set)
    LCD_DrawLine                             0x08000abb   Thumb Code   162  oled.o(i.LCD_DrawLine)
    LCD_DrawPoint                            0x08000b5d   Thumb Code    32  oled.o(i.LCD_DrawPoint)
    LCD_Fill                                 0x08000b7d   Thumb Code   212  oled.o(i.LCD_Fill)
    LCD_Init                                 0x08000c5d   Thumb Code   390  oled.o(i.LCD_Init)
    LCD_ShowChar                             0x08000de9   Thumb Code   320  oled.o(i.LCD_ShowChar)
    LCD_ShowFloatNum1                        0x08000f39   Thumb Code   158  oled.o(i.LCD_ShowFloatNum1)
    LCD_ShowIntNum                           0x08000fdd   Thumb Code   150  oled.o(i.LCD_ShowIntNum)
    LCD_ShowPicture                          0x08001075   Thumb Code   160  oled.o(i.LCD_ShowPicture)
    LCD_ShowString                           0x08001121   Thumb Code    66  oled.o(i.LCD_ShowString)
    LCD_WR_DATA                              0x08001163   Thumb Code    18  oled.o(i.LCD_WR_DATA)
    LCD_WR_DATA8                             0x08001175   Thumb Code    12  oled.o(i.LCD_WR_DATA8)
    LCD_WR_REG                               0x08001181   Thumb Code    28  oled.o(i.LCD_WR_REG)
    LCD_Writ_Bus                             0x080011a1   Thumb Code    50  oled.o(i.LCD_Writ_Bus)
    LCD_drawbigpoint                         0x080011dd   Thumb Code   562  mk_menu.o(i.LCD_drawbigpoint)
    LED_Init_JX                              0x08001411   Thumb Code    62  led.o(i.LED_Init_JX)
    MYADC_Init                               0x08001459   Thumb Code   138  adc.o(i.MYADC_Init)
    MYDMA_Config                             0x080014ed   Thumb Code    82  dma.o(i.MYDMA_Config)
    MYDMA_Config1                            0x08001549   Thumb Code    86  dma.o(i.MYDMA_Config1)
    MYDMA_Enable                             0x080015a9   Thumb Code    32  dma.o(i.MYDMA_Enable)
    MemManage_Handler                        0x080015d1   Thumb Code     4  stm32f10x_it.o(i.MemManage_Handler)
    NMI_Handler                              0x080015d5   Thumb Code     2  stm32f10x_it.o(i.NMI_Handler)
    NVIC_Init                                0x080015d9   Thumb Code   100  misc.o(i.NVIC_Init)
    NVIC_PriorityGroupConfig                 0x08001649   Thumb Code    10  misc.o(i.NVIC_PriorityGroupConfig)
    PendSV_Handler                           0x08001729   Thumb Code     2  stm32f10x_it.o(i.PendSV_Handler)
    RCC_ADCCLKConfig                         0x0800172d   Thumb Code    18  stm32f10x_rcc.o(i.RCC_ADCCLKConfig)
    RCC_AHBPeriphClockCmd                    0x08001745   Thumb Code    26  stm32f10x_rcc.o(i.RCC_AHBPeriphClockCmd)
    RCC_APB1PeriphClockCmd                   0x08001765   Thumb Code    26  stm32f10x_rcc.o(i.RCC_APB1PeriphClockCmd)
    RCC_APB2PeriphClockCmd                   0x08001785   Thumb Code    26  stm32f10x_rcc.o(i.RCC_APB2PeriphClockCmd)
    RF2G4_KEY_Scan_JX                        0x080017a5   Thumb Code   436  key.o(i.RF2G4_KEY_Scan_JX)
    SI24R1_Init                              0x08001991   Thumb Code   202  bsp_si24r1.o(i.SI24R1_Init)
    SI24R1_Mode_NOACK                        0x08001a65   Thumb Code   200  bsp_si24r1.o(i.SI24R1_Mode_NOACK)
    SI24R1_Read_Buf                          0x08001b35   Thumb Code    64  bsp_si24r1.o(i.SI24R1_Read_Buf)
    SI24R1_Read_Reg                          0x08001b79   Thumb Code    42  bsp_si24r1.o(i.SI24R1_Read_Reg)
    SI24R1_RxPacket                          0x08001ba9   Thumb Code    60  bsp_si24r1.o(i.SI24R1_RxPacket)
    SI24R1_TxPacket                          0x08001be5   Thumb Code   128  bsp_si24r1.o(i.SI24R1_TxPacket)
    SI24R1_Write_Buf                         0x08001c6d   Thumb Code    64  bsp_si24r1.o(i.SI24R1_Write_Buf)
    SI24R1_Write_Reg                         0x08001cb1   Thumb Code    44  bsp_si24r1.o(i.SI24R1_Write_Reg)
    SI2R4_Check                              0x08001ce1   Thumb Code    72  bsp_si24r1.o(i.SI2R4_Check)
    SPI2_SetSpeed                            0x08001d31   Thumb Code    24  spi.o(i.SPI2_SetSpeed)
    SPI_Cmd                                  0x08001d4d   Thumb Code    24  stm32f10x_spi.o(i.SPI_Cmd)
    SPI_I2S_DMACmd                           0x08001d65   Thumb Code    18  stm32f10x_spi.o(i.SPI_I2S_DMACmd)
    SPI_I2S_GetFlagStatus                    0x08001d77   Thumb Code    18  stm32f10x_spi.o(i.SPI_I2S_GetFlagStatus)
    SPI_I2S_ReceiveData                      0x08001d89   Thumb Code     6  stm32f10x_spi.o(i.SPI_I2S_ReceiveData)
    SPI_I2S_SendData                         0x08001d8f   Thumb Code     4  stm32f10x_spi.o(i.SPI_I2S_SendData)
    SPI_Init                                 0x08001d93   Thumb Code    60  stm32f10x_spi.o(i.SPI_Init)
    SVC_Handler                              0x08001e8f   Thumb Code     2  stm32f10x_it.o(i.SVC_Handler)
    SysTick_CLKSourceConfig                  0x08001f79   Thumb Code    40  misc.o(i.SysTick_CLKSourceConfig)
    SysTick_Handler                          0x08001fa1   Thumb Code     2  stm32f10x_it.o(i.SysTick_Handler)
    SystemInit                               0x08001fa5   Thumb Code    78  system_stm32f10x.o(i.SystemInit)
    TIM3_IRQHandler                          0x08002005   Thumb Code    56  stm32f10x_it.o(i.TIM3_IRQHandler)
    TIM3_Time_Init                           0x0800204d   Thumb Code    88  timer.o(i.TIM3_Time_Init)
    TIM_ClearITPendingBit                    0x080020a9   Thumb Code     6  stm32f10x_tim.o(i.TIM_ClearITPendingBit)
    TIM_Cmd                                  0x080020af   Thumb Code    24  stm32f10x_tim.o(i.TIM_Cmd)
    TIM_GetITStatus                          0x080020c7   Thumb Code    34  stm32f10x_tim.o(i.TIM_GetITStatus)
    TIM_ITConfig                             0x080020e9   Thumb Code    18  stm32f10x_tim.o(i.TIM_ITConfig)
    TIM_TimeBaseInit                         0x080020fd   Thumb Code   122  stm32f10x_tim.o(i.TIM_TimeBaseInit)
    UG_Init                                  0x080021a1   Thumb Code   138  ugui.o(i.UG_Init)
    UG_SelectGUI                             0x08002231   Thumb Code    10  ugui.o(i.UG_SelectGUI)
    UsageFault_Handler                       0x08002241   Thumb Code     4  stm32f10x_it.o(i.UsageFault_Handler)
    control_page                             0x08002245   Thumb Code   804  mk_menu.o(i.control_page)
    data_deal                                0x080025a9   Thumb Code    74  bsp_si24r1.o(i.data_deal)
    data_page                                0x080025f5   Thumb Code  1874  mk_menu.o(i.data_page)
    data_transfer                            0x08002d61   Thumb Code   270  bsp_si24r1.o(i.data_transfer)
    delay                                    0x08002e81   Thumb Code    12  oled.o(i.delay)
    delay_Init                               0x08002e8d   Thumb Code    52  delay.o(i.delay_Init)
    delay_ms                                 0x08002ed1   Thumb Code    80  delay.o(i.delay_ms)
    double_data_deal                         0x08002f25   Thumb Code    68  bsp_si24r1.o(i.double_data_deal)
    final_menu                               0x08002f6d   Thumb Code   976  mk_menu.o(i.final_menu)
    main                                     0x08003371   Thumb Code   180  main.o(i.main)
    mypow                                    0x0800344d   Thumb Code    22  oled.o(i.mypow)
    osc_page                                 0x08003465   Thumb Code  1140  mk_menu.o(i.osc_page)
    show_hello_page                          0x080038d9   Thumb Code    60  mk_menu.o(i.show_hello_page)
    show_page                                0x08003931   Thumb Code   332  mk_menu.o(i.show_page)
    sqrt                                     0x08003a91   Thumb Code    76  sqrt.o(i.sqrt)
    __aeabi_d2f                              0x08003add   Thumb Code     0  d2f.o(x$fpl$d2f)
    _d2f                                     0x08003add   Thumb Code    98  d2f.o(x$fpl$d2f)
    __aeabi_dadd                             0x08003b41   Thumb Code     0  daddsub_clz.o(x$fpl$dadd)
    _dadd                                    0x08003b41   Thumb Code   332  daddsub_clz.o(x$fpl$dadd)
    __fpl_dcmp_Inf                           0x08003c91   Thumb Code    24  dcmpi.o(x$fpl$dcmpinf)
    __aeabi_ddiv                             0x08003ca9   Thumb Code     0  ddiv.o(x$fpl$ddiv)
    _ddiv                                    0x08003ca9   Thumb Code   552  ddiv.o(x$fpl$ddiv)
    __aeabi_cdcmpeq                          0x08003f59   Thumb Code     0  deqf.o(x$fpl$deqf)
    _dcmpeq                                  0x08003f59   Thumb Code   120  deqf.o(x$fpl$deqf)
    __aeabi_d2uiz                            0x08003fd1   Thumb Code     0  dfixu.o(x$fpl$dfixu)
    _dfixu                                   0x08003fd1   Thumb Code    90  dfixu.o(x$fpl$dfixu)
    __aeabi_i2d                              0x0800402b   Thumb Code     0  dflt_clz.o(x$fpl$dflt)
    _dflt                                    0x0800402b   Thumb Code    46  dflt_clz.o(x$fpl$dflt)
    __aeabi_ui2d                             0x08004059   Thumb Code     0  dflt_clz.o(x$fpl$dfltu)
    _dfltu                                   0x08004059   Thumb Code    38  dflt_clz.o(x$fpl$dfltu)
    __aeabi_cdcmple                          0x08004081   Thumb Code     0  dleqf.o(x$fpl$dleqf)
    _dcmple                                  0x08004081   Thumb Code   120  dleqf.o(x$fpl$dleqf)
    __fpl_dcmple_InfNaN                      0x080040e3   Thumb Code     0  dleqf.o(x$fpl$dleqf)
    __aeabi_dmul                             0x080040f9   Thumb Code     0  dmul.o(x$fpl$dmul)
    _dmul                                    0x080040f9   Thumb Code   332  dmul.o(x$fpl$dmul)
    __fpl_dnaninf                            0x0800424d   Thumb Code   156  dnaninf.o(x$fpl$dnaninf)
    __fpl_dretinf                            0x080042e9   Thumb Code    12  dretinf.o(x$fpl$dretinf)
    __aeabi_cdrcmple                         0x080042f5   Thumb Code     0  drleqf.o(x$fpl$drleqf)
    _drcmple                                 0x080042f5   Thumb Code   108  drleqf.o(x$fpl$drleqf)
    __aeabi_drsub                            0x08004361   Thumb Code     0  daddsub_clz.o(x$fpl$drsb)
    _drsb                                    0x08004361   Thumb Code    22  daddsub_clz.o(x$fpl$drsb)
    _dsqrt                                   0x08004379   Thumb Code   456  dsqrt_noumaal.o(x$fpl$dsqrt)
    __aeabi_dsub                             0x08004545   Thumb Code     0  daddsub_clz.o(x$fpl$dsub)
    _dsub                                    0x08004545   Thumb Code   464  daddsub_clz.o(x$fpl$dsub)
    __aeabi_f2uiz                            0x08004719   Thumb Code     0  ffixu.o(x$fpl$ffixu)
    _ffixu                                   0x08004719   Thumb Code    62  ffixu.o(x$fpl$ffixu)
    __aeabi_ui2f                             0x08004759   Thumb Code     0  fflt_clz.o(x$fpl$ffltu)
    _ffltu                                   0x08004759   Thumb Code    38  fflt_clz.o(x$fpl$ffltu)
    __aeabi_fmul                             0x08004781   Thumb Code     0  fmul.o(x$fpl$fmul)
    _fmul                                    0x08004781   Thumb Code   258  fmul.o(x$fpl$fmul)
    __fpl_fnaninf                            0x08004883   Thumb Code   140  fnaninf.o(x$fpl$fnaninf)
    __fpl_fretinf                            0x0800490f   Thumb Code    10  fretinf.o(x$fpl$fretinf)
    F6x8                                     0x08004918   Data         552  oled.o(.constdata)
    __I$use$fp                               0x08004918   Number         0  usenofp.o(x$fpl$usenofp)
    F8X16                                    0x08004b40   Data        1520  oled.o(.constdata)
    ascii_1206                               0x08005130   Data        1140  oled.o(.constdata)
    ascii_1608                               0x080055a4   Data        1520  oled.o(.constdata)
    ascii_2412                               0x08005b94   Data        4560  oled.o(.constdata)
    ascii_3216                               0x08006d64   Data        6080  oled.o(.constdata)
    tfont12                                  0x08008524   Data         130  oled.o(.constdata)
    tfont16                                  0x080085a6   Data         170  oled.o(.constdata)
    tfont24                                  0x08008650   Data         370  oled.o(.constdata)
    tfont32                                  0x080087c2   Data         650  oled.o(.constdata)
    gImage_ouc                               0x08008a4c   Data       68480  oled.o(.constdata)
    TX_ADDRESS                               0x080195cc   Data           5  bsp_si24r1.o(.constdata)
    RX_ADDRESS                               0x080195d1   Data           5  bsp_si24r1.o(.constdata)
    Region$$Table$$Base                      0x080196ec   Number         0  anon$$obj.o(Region$$Table)
    Region$$Table$$Limit                     0x0801970c   Number         0  anon$$obj.o(Region$$Table)
    C_TIM2_IT_Update                         0x20000000   Data           2  main.o(.data)
    One_Ms_Timing                            0x20000002   Data           1  main.o(.data)
    F_2G4_Send                               0x20000003   Data           1  main.o(.data)
    Set_flag                                 0x20000004   Data           1  main.o(.data)
    t_flag                                   0x20000005   Data           1  main.o(.data)
    WKUP_Cnt                                 0x2000000a   Data           1  key.o(.data)
    KEY1_Cnt                                 0x2000000b   Data           1  key.o(.data)
    KEY_UP_Cnt                               0x2000000c   Data           1  key.o(.data)
    KEY_DOWN_Cnt                             0x2000000d   Data           1  key.o(.data)
    KEY_LEFT_Cnt                             0x2000000e   Data           1  key.o(.data)
    KEY_RIGHT_Cnt                            0x2000000f   Data           1  key.o(.data)
    KEY_A_Cnt                                0x20000010   Data           1  key.o(.data)
    KEY_AA_Cnt                               0x20000011   Data           1  key.o(.data)
    KEY_B_Cnt                                0x20000012   Data           1  key.o(.data)
    KEY_BB_Cnt                               0x20000013   Data           1  key.o(.data)
    KEY_Rocker1_Cnt                          0x20000014   Data           1  key.o(.data)
    KEY_Rocker2_Cnt                          0x20000015   Data           1  key.o(.data)
    C_ADC_Sample                             0x20000018   Data           1  adc.o(.data)
    AM_ADC_Channel1_Sample                   0x2000001c   Data           4  adc.o(.data)
    AM_ADC_Channel2_Sample                   0x20000020   Data           4  adc.o(.data)
    AM_ADC_Channel3_Sample                   0x20000024   Data           4  adc.o(.data)
    AM_ADC_Channel6_Sample                   0x20000028   Data           4  adc.o(.data)
    AV_ADC_Channel1_Sample                   0x2000002c   Data           2  adc.o(.data)
    AV_ADC_Channel2_Sample                   0x2000002e   Data           2  adc.o(.data)
    AV_ADC_Channel3_Sample                   0x20000030   Data           2  adc.o(.data)
    AV_ADC_Channel6_Sample                   0x20000032   Data           2  adc.o(.data)
    DMA1_MEM_LEN                             0x20000034   Data           2  dma.o(.data)
    table                                    0x20000048   Data         744  mk_menu.o(.data)
    SystemCoreClock                          0x2000037c   Data           4  system_stm32f10x.o(.data)
    AHBPrescTable                            0x20000380   Data          16  system_stm32f10x.o(.data)
    my_ugui1                                 0x20000390   Data         100  main.o(.bss)
    F_KEY_Down                               0x200003f4   Data          12  key.o(.bss)
    ADC1_Value                               0x20000400   Data          40  adc.o(.bss)
    DMA_InitStructure                        0x20000428   Data          44  dma.o(.bss)
    SI24R1_Send_Data                         0x20000818   Data          32  bsp_si24r1.o(.bss)
    SI24R1_Receive_Data                      0x20000838   Data          32  bsp_si24r1.o(.bss)
    __libspace_start                         0x20000858   Data          96  libspace.o(.bss)
    __temporary_stack_top$libspace           0x200008b8   Data           0  libspace.o(.bss)



==============================================================================

Memory Map of the image

  Image Entry point : 0x080001c9

  Load Region LR_1 (Base: 0x08000000, Size: 0x00019a9c, Max: 0xffffffff, ABSOLUTE, COMPRESSED[0x00019960])

    Execution Region ER_RO (Exec base: 0x08000000, Load base: 0x08000000, Size: 0x0001970c, Max: 0xffffffff, ABSOLUTE)

    Exec Addr    Load Addr    Size         Type   Attr      Idx    E Section Name        Object

    0x08000000   0x08000000   0x000000ec   Data   RO         3281    RESET               startup_stm32f10x_md.o
    0x080000ec   0x080000ec   0x00000008   Code   RO         3398  * !!!main             c_w.l(__main.o)
    0x080000f4   0x080000f4   0x00000034   Code   RO         3629    !!!scatter          c_w.l(__scatter.o)
    0x08000128   0x08000128   0x0000005a   Code   RO         3627    !!dczerorl2         c_w.l(__dczerorl2.o)
    0x08000182   0x08000182   0x00000002   PAD
    0x08000184   0x08000184   0x0000001c   Code   RO         3631    !!handler_zi        c_w.l(__scatter_zi.o)
    0x080001a0   0x080001a0   0x00000002   Code   RO         3498    .ARM.Collect$$libinit$$00000000  c_w.l(libinit.o)
    0x080001a2   0x080001a2   0x00000000   Code   RO         3502    .ARM.Collect$$libinit$$00000002  c_w.l(libinit2.o)
    0x080001a2   0x080001a2   0x00000000   Code   RO         3504    .ARM.Collect$$libinit$$00000004  c_w.l(libinit2.o)
    0x080001a2   0x080001a2   0x00000000   Code   RO         3507    .ARM.Collect$$libinit$$0000000A  c_w.l(libinit2.o)
    0x080001a2   0x080001a2   0x00000000   Code   RO         3509    .ARM.Collect$$libinit$$0000000C  c_w.l(libinit2.o)
    0x080001a2   0x080001a2   0x00000000   Code   RO         3511    .ARM.Collect$$libinit$$0000000E  c_w.l(libinit2.o)
    0x080001a2   0x080001a2   0x00000000   Code   RO         3514    .ARM.Collect$$libinit$$00000011  c_w.l(libinit2.o)
    0x080001a2   0x080001a2   0x00000000   Code   RO         3516    .ARM.Collect$$libinit$$00000013  c_w.l(libinit2.o)
    0x080001a2   0x080001a2   0x00000000   Code   RO         3518    .ARM.Collect$$libinit$$00000015  c_w.l(libinit2.o)
    0x080001a2   0x080001a2   0x00000000   Code   RO         3520    .ARM.Collect$$libinit$$00000017  c_w.l(libinit2.o)
    0x080001a2   0x080001a2   0x00000000   Code   RO         3522    .ARM.Collect$$libinit$$00000019  c_w.l(libinit2.o)
    0x080001a2   0x080001a2   0x00000000   Code   RO         3524    .ARM.Collect$$libinit$$0000001B  c_w.l(libinit2.o)
    0x080001a2   0x080001a2   0x00000000   Code   RO         3526    .ARM.Collect$$libinit$$0000001D  c_w.l(libinit2.o)
    0x080001a2   0x080001a2   0x00000000   Code   RO         3528    .ARM.Collect$$libinit$$0000001F  c_w.l(libinit2.o)
    0x080001a2   0x080001a2   0x00000000   Code   RO         3530    .ARM.Collect$$libinit$$00000021  c_w.l(libinit2.o)
    0x080001a2   0x080001a2   0x00000000   Code   RO         3532    .ARM.Collect$$libinit$$00000023  c_w.l(libinit2.o)
    0x080001a2   0x080001a2   0x00000000   Code   RO         3534    .ARM.Collect$$libinit$$00000025  c_w.l(libinit2.o)
    0x080001a2   0x080001a2   0x00000000   Code   RO         3538    .ARM.Collect$$libinit$$0000002C  c_w.l(libinit2.o)
    0x080001a2   0x080001a2   0x00000000   Code   RO         3540    .ARM.Collect$$libinit$$0000002E  c_w.l(libinit2.o)
    0x080001a2   0x080001a2   0x00000000   Code   RO         3542    .ARM.Collect$$libinit$$00000030  c_w.l(libinit2.o)
    0x080001a2   0x080001a2   0x00000000   Code   RO         3544    .ARM.Collect$$libinit$$00000032  c_w.l(libinit2.o)
    0x080001a2   0x080001a2   0x00000002   Code   RO         3545    .ARM.Collect$$libinit$$00000033  c_w.l(libinit2.o)
    0x080001a4   0x080001a4   0x00000002   Code   RO         3565    .ARM.Collect$$libshutdown$$00000000  c_w.l(libshutdown.o)
    0x080001a6   0x080001a6   0x00000000   Code   RO         3578    .ARM.Collect$$libshutdown$$00000002  c_w.l(libshutdown2.o)
    0x080001a6   0x080001a6   0x00000000   Code   RO         3580    .ARM.Collect$$libshutdown$$00000004  c_w.l(libshutdown2.o)
    0x080001a6   0x080001a6   0x00000000   Code   RO         3582    .ARM.Collect$$libshutdown$$00000006  c_w.l(libshutdown2.o)
    0x080001a6   0x080001a6   0x00000000   Code   RO         3585    .ARM.Collect$$libshutdown$$00000009  c_w.l(libshutdown2.o)
    0x080001a6   0x080001a6   0x00000000   Code   RO         3588    .ARM.Collect$$libshutdown$$0000000C  c_w.l(libshutdown2.o)
    0x080001a6   0x080001a6   0x00000000   Code   RO         3590    .ARM.Collect$$libshutdown$$0000000E  c_w.l(libshutdown2.o)
    0x080001a6   0x080001a6   0x00000000   Code   RO         3593    .ARM.Collect$$libshutdown$$00000011  c_w.l(libshutdown2.o)
    0x080001a6   0x080001a6   0x00000002   Code   RO         3594    .ARM.Collect$$libshutdown$$00000012  c_w.l(libshutdown2.o)
    0x080001a8   0x080001a8   0x00000000   Code   RO         3450    .ARM.Collect$$rtentry$$00000000  c_w.l(__rtentry.o)
    0x080001a8   0x080001a8   0x00000000   Code   RO         3467    .ARM.Collect$$rtentry$$00000002  c_w.l(__rtentry2.o)
    0x080001a8   0x080001a8   0x00000006   Code   RO         3479    .ARM.Collect$$rtentry$$00000004  c_w.l(__rtentry4.o)
    0x080001ae   0x080001ae   0x00000000   Code   RO         3469    .ARM.Collect$$rtentry$$00000009  c_w.l(__rtentry2.o)
    0x080001ae   0x080001ae   0x00000004   Code   RO         3470    .ARM.Collect$$rtentry$$0000000A  c_w.l(__rtentry2.o)
    0x080001b2   0x080001b2   0x00000000   Code   RO         3472    .ARM.Collect$$rtentry$$0000000C  c_w.l(__rtentry2.o)
    0x080001b2   0x080001b2   0x00000008   Code   RO         3473    .ARM.Collect$$rtentry$$0000000D  c_w.l(__rtentry2.o)
    0x080001ba   0x080001ba   0x00000002   Code   RO         3499    .ARM.Collect$$rtexit$$00000000  c_w.l(rtexit.o)
    0x080001bc   0x080001bc   0x00000000   Code   RO         3547    .ARM.Collect$$rtexit$$00000002  c_w.l(rtexit2.o)
    0x080001bc   0x080001bc   0x00000004   Code   RO         3548    .ARM.Collect$$rtexit$$00000003  c_w.l(rtexit2.o)
    0x080001c0   0x080001c0   0x00000006   Code   RO         3549    .ARM.Collect$$rtexit$$00000004  c_w.l(rtexit2.o)
    0x080001c6   0x080001c6   0x00000002   PAD
    0x080001c8   0x080001c8   0x00000040   Code   RO         3282  * .text               startup_stm32f10x_md.o
    0x08000208   0x08000208   0x00000080   Code   RO         3394    .text               c_w.l(strcmpv7m.o)
    0x08000288   0x08000288   0x00000006   Code   RO         3396    .text               c_w.l(heapauxi.o)
    0x0800028e   0x0800028e   0x00000016   Code   RO         3451    .text               c_w.l(_rserrno.o)
    0x080002a4   0x080002a4   0x00000008   Code   RO         3484    .text               c_w.l(rt_errno_addr_intlibspace.o)
    0x080002ac   0x080002ac   0x00000008   Code   RO         3486    .text               c_w.l(libspace.o)
    0x080002b4   0x080002b4   0x0000004a   Code   RO         3489    .text               c_w.l(sys_stackheap_outer.o)
    0x080002fe   0x080002fe   0x00000012   Code   RO         3491    .text               c_w.l(exit.o)
    0x08000310   0x08000310   0x0000000c   Code   RO         3557    .text               c_w.l(sys_exit.o)
    0x0800031c   0x0800031c   0x00000002   Code   RO         3568    .text               c_w.l(use_no_semi.o)
    0x0800031e   0x0800031e   0x00000000   Code   RO         3570    .text               c_w.l(indicate_semi.o)
    0x0800031e   0x0800031e   0x00000002   PAD
    0x08000320   0x08000320   0x00000060   Code   RO          407    i.ADC1_Value_average  adc.o
    0x08000380   0x08000380   0x00000016   Code   RO         2836    i.ADC_Cmd           stm32f10x_adc.o
    0x08000396   0x08000396   0x00000014   Code   RO         2844    i.ADC_GetCalibrationStatus  stm32f10x_adc.o
    0x080003aa   0x080003aa   0x00000008   Code   RO         2845    i.ADC_GetConversionValue  stm32f10x_adc.o
    0x080003b2   0x080003b2   0x00000012   Code   RO         2847    i.ADC_GetFlagStatus  stm32f10x_adc.o
    0x080003c4   0x080003c4   0x00000014   Code   RO         2850    i.ADC_GetResetCalibrationStatus  stm32f10x_adc.o
    0x080003d8   0x080003d8   0x00000034   Code   RO          408    i.ADC_Getvalue      adc.o
    0x0800040c   0x0800040c   0x00000050   Code   RO         2854    i.ADC_Init          stm32f10x_adc.o
    0x0800045c   0x0800045c   0x000000b8   Code   RO         2858    i.ADC_RegularChannelConfig  stm32f10x_adc.o
    0x08000514   0x08000514   0x0000000a   Code   RO         2859    i.ADC_ResetCalibration  stm32f10x_adc.o
    0x0800051e   0x0800051e   0x00000016   Code   RO         2861    i.ADC_SoftwareStartConvCmd  stm32f10x_adc.o
    0x08000534   0x08000534   0x0000000a   Code   RO         2863    i.ADC_StartCalibration  stm32f10x_adc.o
    0x0800053e   0x0800053e   0x00000004   Code   RO         3286    i.BusFault_Handler  stm32f10x_it.o
    0x08000542   0x08000542   0x00000002   PAD
    0x08000544   0x08000544   0x0000001c   Code   RO         3196    i.DMA_ClearFlag     stm32f10x_dma.o
    0x08000560   0x08000560   0x00000018   Code   RO         3198    i.DMA_Cmd           stm32f10x_dma.o
    0x08000578   0x08000578   0x0000014c   Code   RO         3199    i.DMA_DeInit        stm32f10x_dma.o
    0x080006c4   0x080006c4   0x0000002c   Code   RO         3201    i.DMA_GetFlagStatus  stm32f10x_dma.o
    0x080006f0   0x080006f0   0x0000003c   Code   RO         3204    i.DMA_Init          stm32f10x_dma.o
    0x0800072c   0x0800072c   0x00000060   Code   RO          541    i.DMA_Init_JX       dma.o
    0x0800078c   0x0800078c   0x00000004   Code   RO         3205    i.DMA_SetCurrDataCounter  stm32f10x_dma.o
    0x08000790   0x08000790   0x00000002   Code   RO         3287    i.DebugMon_Handler  stm32f10x_it.o
    0x08000792   0x08000792   0x0000009e   Code   RO          233    i.Draw_Circle       oled.o
    0x08000830   0x08000830   0x00000116   Code   RO         1920    i.GPIO_Init         stm32f10x_gpio.o
    0x08000946   0x08000946   0x00000002   PAD
    0x08000948   0x08000948   0x00000090   Code   RO         1922    i.GPIO_PinRemapConfig  stm32f10x_gpio.o
    0x080009d8   0x080009d8   0x00000012   Code   RO         1924    i.GPIO_ReadInputDataBit  stm32f10x_gpio.o
    0x080009ea   0x080009ea   0x00000004   Code   RO         1927    i.GPIO_ResetBits    stm32f10x_gpio.o
    0x080009ee   0x080009ee   0x00000004   Code   RO         1928    i.GPIO_SetBits      stm32f10x_gpio.o
    0x080009f2   0x080009f2   0x00000004   Code   RO         3288    i.HardFault_Handler  stm32f10x_it.o
    0x080009f6   0x080009f6   0x00000002   PAD
    0x080009f8   0x080009f8   0x00000080   Code   RO          208    i.KEY_Init_JX       key.o
    0x08000a78   0x08000a78   0x00000042   Code   RO          234    i.LCD_Address_Set   oled.o
    0x08000aba   0x08000aba   0x000000a2   Code   RO          235    i.LCD_DrawLine      oled.o
    0x08000b5c   0x08000b5c   0x00000020   Code   RO          236    i.LCD_DrawPoint     oled.o
    0x08000b7c   0x08000b7c   0x000000e0   Code   RO          238    i.LCD_Fill          oled.o
    0x08000c5c   0x08000c5c   0x0000018c   Code   RO          239    i.LCD_Init          oled.o
    0x08000de8   0x08000de8   0x00000150   Code   RO          240    i.LCD_ShowChar      oled.o
    0x08000f38   0x08000f38   0x000000a4   Code   RO          246    i.LCD_ShowFloatNum1  oled.o
    0x08000fdc   0x08000fdc   0x00000096   Code   RO          247    i.LCD_ShowIntNum    oled.o
    0x08001072   0x08001072   0x00000002   PAD
    0x08001074   0x08001074   0x000000ac   Code   RO          248    i.LCD_ShowPicture   oled.o
    0x08001120   0x08001120   0x00000042   Code   RO          249    i.LCD_ShowString    oled.o
    0x08001162   0x08001162   0x00000012   Code   RO          250    i.LCD_WR_DATA       oled.o
    0x08001174   0x08001174   0x0000000c   Code   RO          251    i.LCD_WR_DATA8      oled.o
    0x08001180   0x08001180   0x00000020   Code   RO          252    i.LCD_WR_REG        oled.o
    0x080011a0   0x080011a0   0x0000003c   Code   RO          253    i.LCD_Writ_Bus      oled.o
    0x080011dc   0x080011dc   0x00000232   Code   RO         1688    i.LCD_drawbigpoint  mk_menu.o
    0x0800140e   0x0800140e   0x00000002   PAD
    0x08001410   0x08001410   0x00000048   Code   RO          196    i.LED_Init_JX       led.o
    0x08001458   0x08001458   0x00000094   Code   RO          409    i.MYADC_Init        adc.o
    0x080014ec   0x080014ec   0x0000005c   Code   RO          542    i.MYDMA_Config      dma.o
    0x08001548   0x08001548   0x00000060   Code   RO          543    i.MYDMA_Config1     dma.o
    0x080015a8   0x080015a8   0x00000028   Code   RO          544    i.MYDMA_Enable      dma.o
    0x080015d0   0x080015d0   0x00000004   Code   RO         3289    i.MemManage_Handler  stm32f10x_it.o
    0x080015d4   0x080015d4   0x00000002   Code   RO         3290    i.NMI_Handler       stm32f10x_it.o
    0x080015d6   0x080015d6   0x00000002   PAD
    0x080015d8   0x080015d8   0x00000070   Code   RO         1878    i.NVIC_Init         misc.o
    0x08001648   0x08001648   0x00000014   Code   RO         1879    i.NVIC_PriorityGroupConfig  misc.o
    0x0800165c   0x0800165c   0x000000cc   Code   RO          254    i.OLED_GPIO_SPI_Init  oled.o
    0x08001728   0x08001728   0x00000002   Code   RO         3291    i.PendSV_Handler    stm32f10x_it.o
    0x0800172a   0x0800172a   0x00000002   PAD
    0x0800172c   0x0800172c   0x00000018   Code   RO         2028    i.RCC_ADCCLKConfig  stm32f10x_rcc.o
    0x08001744   0x08001744   0x00000020   Code   RO         2029    i.RCC_AHBPeriphClockCmd  stm32f10x_rcc.o
    0x08001764   0x08001764   0x00000020   Code   RO         2030    i.RCC_APB1PeriphClockCmd  stm32f10x_rcc.o
    0x08001784   0x08001784   0x00000020   Code   RO         2032    i.RCC_APB2PeriphClockCmd  stm32f10x_rcc.o
    0x080017a4   0x080017a4   0x000001ec   Code   RO          209    i.RF2G4_KEY_Scan_JX  key.o
    0x08001990   0x08001990   0x000000d4   Code   RO         1764    i.SI24R1_Init       bsp_si24r1.o
    0x08001a64   0x08001a64   0x000000d0   Code   RO         1765    i.SI24R1_Mode_NOACK  bsp_si24r1.o
    0x08001b34   0x08001b34   0x00000044   Code   RO         1766    i.SI24R1_Read_Buf   bsp_si24r1.o
    0x08001b78   0x08001b78   0x00000030   Code   RO         1767    i.SI24R1_Read_Reg   bsp_si24r1.o
    0x08001ba8   0x08001ba8   0x0000003c   Code   RO         1768    i.SI24R1_RxPacket   bsp_si24r1.o
    0x08001be4   0x08001be4   0x00000088   Code   RO         1771    i.SI24R1_TxPacket   bsp_si24r1.o
    0x08001c6c   0x08001c6c   0x00000044   Code   RO         1772    i.SI24R1_Write_Buf  bsp_si24r1.o
    0x08001cb0   0x08001cb0   0x00000030   Code   RO         1773    i.SI24R1_Write_Reg  bsp_si24r1.o
    0x08001ce0   0x08001ce0   0x00000050   Code   RO         1774    i.SI2R4_Check       bsp_si24r1.o
    0x08001d30   0x08001d30   0x0000001c   Code   RO          440    i.SPI2_SetSpeed     spi.o
    0x08001d4c   0x08001d4c   0x00000018   Code   RO         3057    i.SPI_Cmd           stm32f10x_spi.o
    0x08001d64   0x08001d64   0x00000012   Code   RO         3063    i.SPI_I2S_DMACmd    stm32f10x_spi.o
    0x08001d76   0x08001d76   0x00000012   Code   RO         3065    i.SPI_I2S_GetFlagStatus  stm32f10x_spi.o
    0x08001d88   0x08001d88   0x00000006   Code   RO         3068    i.SPI_I2S_ReceiveData  stm32f10x_spi.o
    0x08001d8e   0x08001d8e   0x00000004   Code   RO         3069    i.SPI_I2S_SendData  stm32f10x_spi.o
    0x08001d92   0x08001d92   0x0000003c   Code   RO         3070    i.SPI_Init          stm32f10x_spi.o
    0x08001dce   0x08001dce   0x00000002   PAD
    0x08001dd0   0x08001dd0   0x000000b8   Code   RO         1775    i.SPI_RW            bsp_si24r1.o
    0x08001e88   0x08001e88   0x00000006   Code   RO         1776    i.SPI_TIMEOUT_UserCallback  bsp_si24r1.o
    0x08001e8e   0x08001e8e   0x00000002   Code   RO         3292    i.SVC_Handler       stm32f10x_it.o
    0x08001e90   0x08001e90   0x00000008   Code   RO         3356    i.SetSysClock       system_stm32f10x.o
    0x08001e98   0x08001e98   0x000000e0   Code   RO         3357    i.SetSysClockTo72   system_stm32f10x.o
    0x08001f78   0x08001f78   0x00000028   Code   RO         1882    i.SysTick_CLKSourceConfig  misc.o
    0x08001fa0   0x08001fa0   0x00000002   Code   RO         3293    i.SysTick_Handler   stm32f10x_it.o
    0x08001fa2   0x08001fa2   0x00000002   PAD
    0x08001fa4   0x08001fa4   0x00000060   Code   RO         3359    i.SystemInit        system_stm32f10x.o
    0x08002004   0x08002004   0x00000048   Code   RO         3294    i.TIM3_IRQHandler   stm32f10x_it.o
    0x0800204c   0x0800204c   0x0000005c   Code   RO          395    i.TIM3_Time_Init    timer.o
    0x080020a8   0x080020a8   0x00000006   Code   RO         2239    i.TIM_ClearITPendingBit  stm32f10x_tim.o
    0x080020ae   0x080020ae   0x00000018   Code   RO         2244    i.TIM_Cmd           stm32f10x_tim.o
    0x080020c6   0x080020c6   0x00000022   Code   RO         2265    i.TIM_GetITStatus   stm32f10x_tim.o
    0x080020e8   0x080020e8   0x00000012   Code   RO         2269    i.TIM_ITConfig      stm32f10x_tim.o
    0x080020fa   0x080020fa   0x00000002   PAD
    0x080020fc   0x080020fc   0x000000a4   Code   RO         2315    i.TIM_TimeBaseInit  stm32f10x_tim.o
    0x080021a0   0x080021a0   0x00000090   Code   RO          654    i.UG_Init           ugui.o
    0x08002230   0x08002230   0x00000010   Code   RO          657    i.UG_SelectGUI      ugui.o
    0x08002240   0x08002240   0x00000004   Code   RO         3295    i.UsageFault_Handler  stm32f10x_it.o
    0x08002244   0x08002244   0x00000364   Code   RO         1689    i.control_page      mk_menu.o
    0x080025a8   0x080025a8   0x0000004a   Code   RO         1777    i.data_deal         bsp_si24r1.o
    0x080025f2   0x080025f2   0x00000002   PAD
    0x080025f4   0x080025f4   0x0000076c   Code   RO         1690    i.data_page         mk_menu.o
    0x08002d60   0x08002d60   0x00000120   Code   RO         1778    i.data_transfer     bsp_si24r1.o
    0x08002e80   0x08002e80   0x0000000c   Code   RO          255    i.delay             oled.o
    0x08002e8c   0x08002e8c   0x00000044   Code   RO          170    i.delay_Init        delay.o
    0x08002ed0   0x08002ed0   0x00000054   Code   RO          171    i.delay_ms          delay.o
    0x08002f24   0x08002f24   0x00000048   Code   RO         1779    i.double_data_deal  bsp_si24r1.o
    0x08002f6c   0x08002f6c   0x00000404   Code   RO         1691    i.final_menu        mk_menu.o
    0x08003370   0x08003370   0x000000dc   Code   RO            1    i.main              main.o
    0x0800344c   0x0800344c   0x00000016   Code   RO          256    i.mypow             oled.o
    0x08003462   0x08003462   0x00000002   PAD
    0x08003464   0x08003464   0x00000474   Code   RO         1692    i.osc_page          mk_menu.o
    0x080038d8   0x080038d8   0x00000058   Code   RO         1693    i.show_hello_page   mk_menu.o
    0x08003930   0x08003930   0x00000160   Code   RO         1694    i.show_page         mk_menu.o
    0x08003a90   0x08003a90   0x0000004c   Code   RO         3443    i.sqrt              m_ws.l(sqrt.o)
    0x08003adc   0x08003adc   0x00000062   Code   RO         3400    x$fpl$d2f           fz_ws.l(d2f.o)
    0x08003b3e   0x08003b3e   0x00000002   PAD
    0x08003b40   0x08003b40   0x00000150   Code   RO         3402    x$fpl$dadd          fz_ws.l(daddsub_clz.o)
    0x08003c90   0x08003c90   0x00000018   Code   RO         3453    x$fpl$dcmpinf       fz_ws.l(dcmpi.o)
    0x08003ca8   0x08003ca8   0x000002b0   Code   RO         3409    x$fpl$ddiv          fz_ws.l(ddiv.o)
    0x08003f58   0x08003f58   0x00000078   Code   RO         3412    x$fpl$deqf          fz_ws.l(deqf.o)
    0x08003fd0   0x08003fd0   0x0000005a   Code   RO         3414    x$fpl$dfixu         fz_ws.l(dfixu.o)
    0x0800402a   0x0800402a   0x0000002e   Code   RO         3419    x$fpl$dflt          fz_ws.l(dflt_clz.o)
    0x08004058   0x08004058   0x00000026   Code   RO         3418    x$fpl$dfltu         fz_ws.l(dflt_clz.o)
    0x0800407e   0x0800407e   0x00000002   PAD
    0x08004080   0x08004080   0x00000078   Code   RO         3424    x$fpl$dleqf         fz_ws.l(dleqf.o)
    0x080040f8   0x080040f8   0x00000154   Code   RO         3426    x$fpl$dmul          fz_ws.l(dmul.o)
    0x0800424c   0x0800424c   0x0000009c   Code   RO         3455    x$fpl$dnaninf       fz_ws.l(dnaninf.o)
    0x080042e8   0x080042e8   0x0000000c   Code   RO         3457    x$fpl$dretinf       fz_ws.l(dretinf.o)
    0x080042f4   0x080042f4   0x0000006c   Code   RO         3428    x$fpl$drleqf        fz_ws.l(drleqf.o)
    0x08004360   0x08004360   0x00000016   Code   RO         3403    x$fpl$drsb          fz_ws.l(daddsub_clz.o)
    0x08004376   0x08004376   0x00000002   PAD
    0x08004378   0x08004378   0x000001cc   Code   RO         3459    x$fpl$dsqrt         fz_ws.l(dsqrt_noumaal.o)
    0x08004544   0x08004544   0x000001d4   Code   RO         3404    x$fpl$dsub          fz_ws.l(daddsub_clz.o)
    0x08004718   0x08004718   0x0000003e   Code   RO         3430    x$fpl$ffixu         fz_ws.l(ffixu.o)
    0x08004756   0x08004756   0x00000002   PAD
    0x08004758   0x08004758   0x00000026   Code   RO         3434    x$fpl$ffltu         fz_ws.l(fflt_clz.o)
    0x0800477e   0x0800477e   0x00000002   PAD
    0x08004780   0x08004780   0x00000102   Code   RO         3440    x$fpl$fmul          fz_ws.l(fmul.o)
    0x08004882   0x08004882   0x0000008c   Code   RO         3461    x$fpl$fnaninf       fz_ws.l(fnaninf.o)
    0x0800490e   0x0800490e   0x0000000a   Code   RO         3463    x$fpl$fretinf       fz_ws.l(fretinf.o)
    0x08004918   0x08004918   0x00000000   Code   RO         3465    x$fpl$usenofp       fz_ws.l(usenofp.o)
    0x08004918   0x08004918   0x00014cb4   Data   RO          257    .constdata          oled.o
    0x080195cc   0x080195cc   0x0000000a   Data   RO         1782    .constdata          bsp_si24r1.o
    0x080195d6   0x080195d6   0x00000002   PAD
    0x080195d8   0x080195d8   0x00000111   Data   RO         1697    .conststring        mk_menu.o
    0x080196e9   0x080196e9   0x00000003   PAD
    0x080196ec   0x080196ec   0x00000020   Data   RO         3625    Region$$Table       anon$$obj.o


    Execution Region ER_RW (Exec base: 0x20000000, Load base: 0x0801970c, Size: 0x00000390, Max: 0xffffffff, ABSOLUTE, COMPRESSED[0x00000254])

    Exec Addr    Load Addr    Size         Type   Attr      Idx    E Section Name        Object

    0x20000000   COMPRESSED   0x00000006   Data   RW            3    .data               main.o
    0x20000006   COMPRESSED   0x00000004   Data   RW          173    .data               delay.o
    0x2000000a   COMPRESSED   0x0000000c   Data   RW          211    .data               key.o
    0x20000016   COMPRESSED   0x00000002   PAD
    0x20000018   COMPRESSED   0x0000001c   Data   RW          411    .data               adc.o
    0x20000034   COMPRESSED   0x00000002   Data   RW          546    .data               dma.o
    0x20000036   COMPRESSED   0x00000002   PAD
    0x20000038   COMPRESSED   0x0000000c   Data   RW          745    .data               ugui.o
    0x20000044   COMPRESSED   0x00000004   PAD
    0x20000048   COMPRESSED   0x0000032c   Data   RW         1698    .data               mk_menu.o
    0x20000374   COMPRESSED   0x00000005   Data   RW         1783    .data               bsp_si24r1.o
    0x20000379   COMPRESSED   0x00000003   PAD
    0x2000037c   COMPRESSED   0x00000014   Data   RW         3360    .data               system_stm32f10x.o


    Execution Region ER_ZI (Exec base: 0x20000390, Load base: 0x08019960, Size: 0x00000b28, Max: 0xffffffff, ABSOLUTE)

    Exec Addr    Load Addr    Size         Type   Attr      Idx    E Section Name        Object

    0x20000390        -       0x00000064   Zero   RW            2    .bss                main.o
    0x200003f4        -       0x0000000c   Zero   RW          210    .bss                key.o
    0x20000400        -       0x00000028   Zero   RW          410    .bss                adc.o
    0x20000428        -       0x0000002c   Zero   RW          545    .bss                dma.o
    0x20000454        -       0x000003c4   Zero   RW         1696    .bss                mk_menu.o
    0x20000818        -       0x00000040   Zero   RW         1781    .bss                bsp_si24r1.o
    0x20000858        -       0x00000060   Zero   RW         3487    .bss                c_w.l(libspace.o)
    0x200008b8        -       0x00000200   Zero   RW         3280    HEAP                startup_stm32f10x_md.o
    0x20000ab8        -       0x00000400   Zero   RW         3279    STACK               startup_stm32f10x_md.o


==============================================================================

Image component sizes


      Code (inc. data)   RO Data    RW Data    ZI Data      Debug   Object Name

       296         36          0         28         40       3083   adc.o
      1552         82         10          5         64      13506   bsp_si24r1.o
         0          0          0          0          0         32   core_cm3.o
       152         20          0          4          0       1480   delay.o
       324         42          0          2         44       3369   dma.o
       620         72          0         12         12       2494   key.o
        72         10          0          0          0        550   led.o
       220         40          0          6        100     275229   main.o
       172         22          0          0          0       2161   misc.o
      5938        390        273        812        964       9304   mk_menu.o
      2286         80      85172          0          0      16313   oled.o
        28          4          0          0          0        532   spi.o
        64         26        236          0       1536        836   startup_stm32f10x_md.o
       394         10          0          0          0       8337   stm32f10x_adc.o
       492         26          0          0          0       5295   stm32f10x_dma.o
       448          6          0          0          0       4646   stm32f10x_gpio.o
        98         16          0          0          0       4868   stm32f10x_it.o
       120         24          0          0          0       2373   stm32f10x_rcc.o
       130          0          0          0          0       4615   stm32f10x_spi.o
       246         42          0          0          0       3714   stm32f10x_tim.o
       328         28          0         20          0       2425   system_stm32f10x.o
        92          4          0          0          0        617   timer.o
       160         12          0         12          0     216289   ugui.o

    ----------------------------------------------------------------------
     14256        992      85728        912       2760     582068   Object Totals
         0          0         32          0          0          0   (incl. Generated)
        24          0          5         11          0          0   (incl. Padding)

    ----------------------------------------------------------------------

      Code (inc. data)   RO Data    RW Data    ZI Data      Debug   Library Member Name

        90          0          0          0          0          0   __dczerorl2.o
         8          0          0          0          0         68   __main.o
         0          0          0          0          0          0   __rtentry.o
        12          0          0          0          0          0   __rtentry2.o
         6          0          0          0          0          0   __rtentry4.o
        52          8          0          0          0          0   __scatter.o
        28          0          0          0          0          0   __scatter_zi.o
        22          0          0          0          0        100   _rserrno.o
        18          0          0          0          0         80   exit.o
         6          0          0          0          0        152   heapauxi.o
         0          0          0          0          0          0   indicate_semi.o
         2          0          0          0          0          0   libinit.o
         2          0          0          0          0          0   libinit2.o
         2          0          0          0          0          0   libshutdown.o
         2          0          0          0          0          0   libshutdown2.o
         8          4          0          0         96         68   libspace.o
         8          4          0          0          0         68   rt_errno_addr_intlibspace.o
         2          0          0          0          0          0   rtexit.o
        10          0          0          0          0          0   rtexit2.o
       128          0          0          0          0         68   strcmpv7m.o
        12          4          0          0          0         68   sys_exit.o
        74          0          0          0          0         80   sys_stackheap_outer.o
         2          0          0          0          0         68   use_no_semi.o
        98          4          0          0          0         92   d2f.o
       826         16          0          0          0        348   daddsub_clz.o
        24          0          0          0          0         68   dcmpi.o
       688        140          0          0          0        208   ddiv.o
       120          4          0          0          0         92   deqf.o
        90          4          0          0          0         92   dfixu.o
        84          0          0          0          0        136   dflt_clz.o
       120          4          0          0          0         92   dleqf.o
       340         12          0          0          0        104   dmul.o
       156          4          0          0          0         92   dnaninf.o
        12          0          0          0          0         68   dretinf.o
       108          0          0          0          0         80   drleqf.o
       460         56          0          0          0        120   dsqrt_noumaal.o
        62          4          0          0          0         84   ffixu.o
        38          0          0          0          0         68   fflt_clz.o
       258          4          0          0          0         84   fmul.o
       140          4          0          0          0         84   fnaninf.o
        10          0          0          0          0         68   fretinf.o
         0          0          0          0          0          0   usenofp.o
        76          0          0          0          0         84   sqrt.o

    ----------------------------------------------------------------------
      4220        276          0          0         96       2884   Library Totals
        16          0          0          0          0          0   (incl. Padding)

    ----------------------------------------------------------------------

      Code (inc. data)   RO Data    RW Data    ZI Data      Debug   Library Name

       494         20          0          0         96        820   c_w.l
      3634        256          0          0          0       1980   fz_ws.l
        76          0          0          0          0         84   m_ws.l

    ----------------------------------------------------------------------
      4220        276          0          0         96       2884   Library Totals

    ----------------------------------------------------------------------

==============================================================================


      Code (inc. data)   RO Data    RW Data    ZI Data      Debug   

     18476       1268      85728        912       2856     578084   Grand Totals
     18476       1268      85728        596       2856     578084   ELF Image Totals (compressed)
     18476       1268      85728        596          0          0   ROM Totals

==============================================================================

    Total RO  Size (Code + RO Data)               104204 ( 101.76kB)
    Total RW  Size (RW Data + ZI Data)              3768 (   3.68kB)
    Total ROM Size (Code + RO Data + RW Data)     104800 ( 102.34kB)

==============================================================================

